Component: ARM Compiler 5.06 update 3 (build 300) Tool: armlink [4d35c9]

==============================================================================

Section Cross References

    main.o(i.main) refers to system_stm32f4xx.o(i.SystemInit) for SystemInit
    main.o(i.main) refers to stm32f4_delay.o(i.Delay_Init) for Delay_Init
    main.o(i.main) refers to stm32f4_ili9341.o(i.ILI9341_Init) for ILI9341_Init
    main.o(i.main) refers to stm32f4_ili9341.o(i.ILI9341_Rotate) for ILI9341_Rotate
    main.o(i.main) refers to stm32f4_ili9341.o(i.ILI9341_Fill) for ILI9341_Fill
    main.o(i.main) refers to stm32f4_ili9341.o(i.ILI9341_DrawCircle) for ILI9341_DrawCircle
    main.o(i.main) refers to stm32f4_ili9341.o(i.ILI9341_DrawFilledCircle) for ILI9341_DrawFilledCircle
    main.o(i.main) refers to stm32f4_ili9341.o(i.ILI9341_DrawRectangle) for ILI9341_DrawRectangle
    main.o(i.main) refers to stm32f4_ili9341.o(i.ILI9341_DrawFilledRectangle) for ILI9341_DrawFilledRectangle
    main.o(i.main) refers to stm32f4_ili9341.o(i.ILI9341_DrawLine) for ILI9341_DrawLine
    main.o(i.main) refers to stm32f4_ili9341.o(i.ILI9341_Puts) for ILI9341_Puts
    main.o(i.main) refers to stm32f4_fonts.o(.data) for Font_11x18
    stm32f4xx_it.o(i.SysTick_Handler) refers to stm32f4_delay.o(i.Delay_Decrement) for Delay_Decrement
    system_stm32f4xx.o(i.SystemCoreClockUpdate) refers to system_stm32f4xx.o(.data) for SystemCoreClock
    system_stm32f4xx.o(i.SystemInit) refers to system_stm32f4xx.o(i.SetSysClock) for SetSysClock
    startup_stm32f429_439xx.o(STACK) refers (Special) to heapauxi.o(.text) for __use_two_region_memory
    startup_stm32f429_439xx.o(HEAP) refers (Special) to heapauxi.o(.text) for __use_two_region_memory
    startup_stm32f429_439xx.o(RESET) refers (Special) to heapauxi.o(.text) for __use_two_region_memory
    startup_stm32f429_439xx.o(RESET) refers to startup_stm32f429_439xx.o(STACK) for __initial_sp
    startup_stm32f429_439xx.o(RESET) refers to startup_stm32f429_439xx.o(.text) for Reset_Handler
    startup_stm32f429_439xx.o(RESET) refers to stm32f4xx_it.o(i.NMI_Handler) for NMI_Handler
    startup_stm32f429_439xx.o(RESET) refers to stm32f4xx_it.o(i.HardFault_Handler) for HardFault_Handler
    startup_stm32f429_439xx.o(RESET) refers to stm32f4xx_it.o(i.MemManage_Handler) for MemManage_Handler
    startup_stm32f429_439xx.o(RESET) refers to stm32f4xx_it.o(i.BusFault_Handler) for BusFault_Handler
    startup_stm32f429_439xx.o(RESET) refers to stm32f4xx_it.o(i.UsageFault_Handler) for UsageFault_Handler
    startup_stm32f429_439xx.o(RESET) refers to stm32f4xx_it.o(i.SVC_Handler) for SVC_Handler
    startup_stm32f429_439xx.o(RESET) refers to stm32f4xx_it.o(i.DebugMon_Handler) for DebugMon_Handler
    startup_stm32f429_439xx.o(RESET) refers to stm32f4xx_it.o(i.PendSV_Handler) for PendSV_Handler
    startup_stm32f429_439xx.o(RESET) refers to stm32f4xx_it.o(i.SysTick_Handler) for SysTick_Handler
    startup_stm32f429_439xx.o(RESET) refers to stm32f4_dma.o(i.DMA1_Stream0_IRQHandler) for DMA1_Stream0_IRQHandler
    startup_stm32f429_439xx.o(RESET) refers to stm32f4_dma.o(i.DMA1_Stream1_IRQHandler) for DMA1_Stream1_IRQHandler
    startup_stm32f429_439xx.o(RESET) refers to stm32f4_dma.o(i.DMA1_Stream2_IRQHandler) for DMA1_Stream2_IRQHandler
    startup_stm32f429_439xx.o(RESET) refers to stm32f4_dma.o(i.DMA1_Stream3_IRQHandler) for DMA1_Stream3_IRQHandler
    startup_stm32f429_439xx.o(RESET) refers to stm32f4_dma.o(i.DMA1_Stream4_IRQHandler) for DMA1_Stream4_IRQHandler
    startup_stm32f429_439xx.o(RESET) refers to stm32f4_dma.o(i.DMA1_Stream5_IRQHandler) for DMA1_Stream5_IRQHandler
    startup_stm32f429_439xx.o(RESET) refers to stm32f4_dma.o(i.DMA1_Stream6_IRQHandler) for DMA1_Stream6_IRQHandler
    startup_stm32f429_439xx.o(RESET) refers to stm32f4_dma.o(i.DMA1_Stream7_IRQHandler) for DMA1_Stream7_IRQHandler
    startup_stm32f429_439xx.o(RESET) refers to stm32f4_dma.o(i.DMA2_Stream0_IRQHandler) for DMA2_Stream0_IRQHandler
    startup_stm32f429_439xx.o(RESET) refers to stm32f4_dma.o(i.DMA2_Stream1_IRQHandler) for DMA2_Stream1_IRQHandler
    startup_stm32f429_439xx.o(RESET) refers to stm32f4_dma.o(i.DMA2_Stream2_IRQHandler) for DMA2_Stream2_IRQHandler
    startup_stm32f429_439xx.o(RESET) refers to stm32f4_dma.o(i.DMA2_Stream3_IRQHandler) for DMA2_Stream3_IRQHandler
    startup_stm32f429_439xx.o(RESET) refers to stm32f4_dma.o(i.DMA2_Stream4_IRQHandler) for DMA2_Stream4_IRQHandler
    startup_stm32f429_439xx.o(RESET) refers to stm32f4_dma.o(i.DMA2_Stream5_IRQHandler) for DMA2_Stream5_IRQHandler
    startup_stm32f429_439xx.o(RESET) refers to stm32f4_dma.o(i.DMA2_Stream6_IRQHandler) for DMA2_Stream6_IRQHandler
    startup_stm32f429_439xx.o(RESET) refers to stm32f4_dma.o(i.DMA2_Stream7_IRQHandler) for DMA2_Stream7_IRQHandler
    startup_stm32f429_439xx.o(.text) refers (Special) to heapauxi.o(.text) for __use_two_region_memory
    startup_stm32f429_439xx.o(.text) refers to system_stm32f4xx.o(i.SystemInit) for SystemInit
[...]
    libinit2.o(.ARM.Collect$$libinit$$00000001) refers to fpinit.o(x$fpl$fpinit) for _fp_init
    libinit2.o(.ARM.Collect$$libinit$$00000010) refers to libinit2.o(.ARM.Collect$$libinit$$0000000F) for .ARM.Collect$$libinit$$0000000F
    libinit2.o(.ARM.Collect$$libinit$$00000012) refers to libinit2.o(.ARM.Collect$$libinit$$0000000F) for .ARM.Collect$$libinit$$0000000F
    libinit2.o(.ARM.Collect$$libinit$$00000014) refers to libinit2.o(.ARM.Collect$$libinit$$0000000F) for .ARM.Collect$$libinit$$0000000F
    libinit2.o(.ARM.Collect$$libinit$$00000016) refers to libinit2.o(.ARM.Collect$$libinit$$0000000F) for .ARM.Collect$$libinit$$0000000F
    libinit2.o(.ARM.Collect$$libinit$$00000018) refers to libinit2.o(.ARM.Collect$$libinit$$0000000F) for .ARM.Collect$$libinit$$0000000F
    libinit2.o(.ARM.Collect$$libinit$$00000026) refers to argv_veneer.o(.emb_text) for __ARM_argv_veneer
    libinit2.o(.ARM.Collect$$libinit$$00000027) refers to argv_veneer.o(.emb_text) for __ARM_argv_veneer
    rtexit2.o(.ARM.Collect$$rtexit$$00000003) refers to libshutdown.o(.ARM.Collect$$libshutdown$$00000000) for __rt_lib_shutdown
    rtexit2.o(.ARM.Collect$$rtexit$$00000004) refers to sys_exit.o(.text) for _sys_exit
    rtexit2.o(.ARM.exidx) refers to rtexit2.o(.ARM.Collect$$rtexit$$00000001) for .ARM.Collect$$rtexit$$00000001
    rtexit2.o(.ARM.exidx) refers to rtexit2.o(.ARM.Collect$$rtexit$$00000003) for .ARM.Collect$$rtexit$$00000003
    rtexit2.o(.ARM.exidx) refers to rtexit2.o(.ARM.Collect$$rtexit$$00000004) for .ARM.Collect$$rtexit$$00000004
    argv_veneer.o(.emb_text) refers to no_argv.o(.text) for __ARM_get_argv
    sys_exit.o(.text) refers (Special) to use_no_semi.o(.text) for __I$use$semihosting
    sys_exit.o(.text) refers (Special) to indicate_semi.o(.text) for __semihosting_library_function
    _get_argv_nomalloc.o(.text) refers (Special) to hrguard.o(.text) for __heap_region$guard
    _get_argv_nomalloc.o(.text) refers to defsig_rtmem_outer.o(.text) for __rt_SIGRTMEM
    _get_argv_nomalloc.o(.text) refers to sys_command.o(.text) for _sys_command_string
    libshutdown.o(.ARM.Collect$$libshutdown$$00000000) refers (Special) to libshutdown2.o(.ARM.Collect$$libshutdown$$00000002) for __rt_lib_shutdown_cpp_1
    libshutdown.o(.ARM.Collect$$libshutdown$$00000000) refers (Special) to libshutdown2.o(.ARM.Collect$$libshutdown$$00000007) for __rt_lib_shutdown_fp_trap_1
    libshutdown.o(.ARM.Collect$$libshutdown$$00000000) refers (Special) to libshutdown2.o(.ARM.Collect$$libshutdown$$0000000F) for __rt_lib_shutdown_heap_1
    libshutdown.o(.ARM.Collect$$libshutdown$$00000000) refers (Special) to libshutdown2.o(.ARM.Collect$$libshutdown$$00000010) for __rt_lib_shutdown_return
    libshutdown.o(.ARM.Collect$$libshutdown$$00000000) refers (Special) to libshutdown2.o(.ARM.Collect$$libshutdown$$0000000A) for __rt_lib_shutdown_signal_1
    libshutdown.o(.ARM.Collect$$libshutdown$$00000000) refers (Special) to libshutdown2.o(.ARM.Collect$$libshutdown$$00000004) for __rt_lib_shutdown_stdio_1
    libshutdown.o(.ARM.Collect$$libshutdown$$00000000) refers (Special) to libshutdown2.o(.ARM.Collect$$libshutdown$$0000000C) for __rt_lib_shutdown_user_alloc_1
    sys_command.o(.text) refers (Special) to use_no_semi.o(.text) for __I$use$semihosting
    sys_command.o(.text) refers (Special) to indicate_semi.o(.text) for __semihosting_library_function
    defsig_rtmem_outer.o(.text) refers to defsig_rtmem_inner.o(.text) for __rt_SIGRTMEM_inner
    defsig_rtmem_outer.o(.text) refers to defsig_exit.o(.text) for __sig_exit
    defsig_rtmem_formal.o(.text) refers to rt_raise.o(.text) for __rt_raise
    rt_raise.o(.text) refers to __raise.o(.text) for __raise
    rt_raise.o(.text) refers to sys_exit.o(.text) for _sys_exit
    defsig_exit.o(.text) refers to sys_exit.o(.text) for _sys_exit
    defsig_rtmem_inner.o(.text) refers to defsig_general.o(.text) for __default_signal_display
    __raise.o(.text) refers to defsig.o(CL$$defsig) for __default_signal_handler
    defsig_general.o(.text) refers to sys_wrch.o(.text) for _ttywrch
    sys_wrch.o(.text) refers (Special) to use_no_semi.o(.text) for __I$use$semihosting
    sys_wrch.o(.text) refers (Special) to indicate_semi.o(.text) for __semihosting_library_function
    defsig.o(CL$$defsig) refers to defsig_rtmem_inner.o(.text) for __rt_SIGRTMEM_inner
    defsig_abrt_inner.o(.text) refers to defsig_general.o(.text) for __default_signal_display
    defsig_fpe_inner.o(.text) refers to defsig_general.o(.text) for __default_signal_display
    defsig_rtred_inner.o(.text) refers to defsig_general.o(.text) for __default_signal_display
    defsig_stak_inner.o(.text) refers to defsig_general.o(.text) for __default_signal_display
    defsig_pvfn_inner.o(.text) refers to defsig_general.o(.text) for __default_signal_display
    defsig_cppl_inner.o(.text) refers to defsig_general.o(.text) for __default_signal_display
    defsig_segv_inner.o(.text) refers to defsig_general.o(.text) for __default_signal_display
    defsig_other.o(.text) refers to defsig_general.o(.text) for __default_signal_display


==============================================================================

Removing Unused input sections from the image.

    Removing main.o(.rev16_text), (4 bytes).
    Removing main.o(.revsh_text), (4 bytes).
    Removing main.o(.rrx_text), (6 bytes).
    Removing stm32f4xx_it.o(.rev16_text), (4 bytes).
    Removing stm32f4xx_it.o(.revsh_text), (4 bytes).
    Removing stm32f4xx_it.o(.rrx_text), (6 bytes).
    Removing system_stm32f4xx.o(.rev16_text), (4 bytes).
    Removing system_stm32f4xx.o(.revsh_text), (4 bytes).
    Removing system_stm32f4xx.o(.rrx_text), (6 bytes).
    Removing system_stm32f4xx.o(i.SystemCoreClockUpdate), (192 bytes).
    Removing misc.o(.rev16_text), (4 bytes).
    Removing misc.o(.revsh_text), (4 bytes).
    Removing misc.o(.rrx_text), (6 bytes).
    Removing misc.o(i.NVIC_Init), (120 bytes).
    Removing misc.o(i.NVIC_PriorityGroupConfig), (20 bytes).
    Removing misc.o(i.NVIC_SetVectorTable), (20 bytes).
    Removing misc.o(i.NVIC_SystemLPConfig), (32 bytes).
    Removing misc.o(i.SysTick_CLKSourceConfig), (40 bytes).
    Removing stm32f4xx_rcc.o(.rev16_text), (4 bytes).
    Removing stm32f4xx_rcc.o(.revsh_text), (4 bytes).
    Removing stm32f4xx_rcc.o(.rrx_text), (6 bytes).
    Removing stm32f4xx_rcc.o(i.RCC_AHB1PeriphClockCmd), (32 bytes).
    Removing stm32f4xx_rcc.o(i.RCC_AHB1PeriphClockLPModeCmd), (32 bytes).
    Removing stm32f4xx_rcc.o(i.RCC_AHB1PeriphResetCmd), (32 bytes).
    Removing stm32f4xx_rcc.o(i.RCC_AHB2PeriphClockCmd), (32 bytes).
    Removing stm32f4xx_rcc.o(i.RCC_AHB2PeriphClockLPModeCmd), (32 bytes).
    Removing stm32f4xx_rcc.o(i.RCC_AHB2PeriphResetCmd), (32 bytes).
    Removing stm32f4xx_rcc.o(i.RCC_AHB3PeriphClockCmd), (32 bytes).
    Removing stm32f4xx_rcc.o(i.RCC_AHB3PeriphClockLPModeCmd), (32 bytes).
    Removing stm32f4xx_rcc.o(i.RCC_AHB3PeriphResetCmd), (32 bytes).
    Removing stm32f4xx_rcc.o(i.RCC_APB1PeriphClockCmd), (32 bytes).
    Removing stm32f4xx_rcc.o(i.RCC_APB1PeriphClockLPModeCmd), (32 bytes).
    Removing stm32f4xx_rcc.o(i.RCC_APB1PeriphResetCmd), (32 bytes).
    Removing stm32f4xx_rcc.o(i.RCC_APB2PeriphClockCmd), (32 bytes).
    Removing stm32f4xx_rcc.o(i.RCC_APB2PeriphClockLPModeCmd), (32 bytes).
    Removing stm32f4xx_rcc.o(i.RCC_APB2PeriphResetCmd), (32 bytes).
    Removing stm32f4xx_rcc.o(i.RCC_AdjustHSICalibrationValue), (24 bytes).
    Removing stm32f4xx_rcc.o(i.RCC_BackupResetCmd), (12 bytes).
    Removing stm32f4xx_rcc.o(i.RCC_ClearFlag), (20 bytes).
    Removing stm32f4xx_rcc.o(i.RCC_ClearITPendingBit), (12 bytes).
    Removing stm32f4xx_rcc.o(i.RCC_ClockSecuritySystemCmd), (12 bytes).
    Removing stm32f4xx_rcc.o(i.RCC_DeInit), (100 bytes).
    Removing stm32f4xx_rcc.o(i.RCC_GetFlagStatus), (64 bytes).
    Removing stm32f4xx_rcc.o(i.RCC_GetITStatus), (24 bytes).
    Removing stm32f4xx_rcc.o(i.RCC_GetSYSCLKSource), (16 bytes).
    Removing stm32f4xx_rcc.o(i.RCC_HCLKConfig), (24 bytes).
    Removing stm32f4xx_rcc.o(i.RCC_HSEConfig), (16 bytes).
    Removing stm32f4xx_rcc.o(i.RCC_HSICmd), (12 bytes).
    Removing stm32f4xx_rcc.o(i.RCC_I2SCLKConfig), (12 bytes).
    Removing stm32f4xx_rcc.o(i.RCC_ITConfig), (32 bytes).
    Removing stm32f4xx_rcc.o(i.RCC_LSEConfig), (44 bytes).
    Removing stm32f4xx_rcc.o(i.RCC_LSEModeConfig), (36 bytes).
    Removing stm32f4xx_rcc.o(i.RCC_LSICmd), (12 bytes).
    Removing stm32f4xx_rcc.o(i.RCC_LTDCCLKDivConfig), (24 bytes).
    Removing stm32f4xx_rcc.o(i.RCC_MCO1Config), (28 bytes).
    Removing stm32f4xx_rcc.o(i.RCC_MCO2Config), (28 bytes).
    Removing stm32f4xx_rcc.o(i.RCC_PCLK1Config), (24 bytes).
    Removing stm32f4xx_rcc.o(i.RCC_PCLK2Config), (24 bytes).
    Removing stm32f4xx_rcc.o(i.RCC_PLLCmd), (12 bytes).
    Removing stm32f4xx_rcc.o(i.RCC_PLLConfig), (36 bytes).
    Removing stm32f4xx_rcc.o(i.RCC_PLLI2SCmd), (12 bytes).
    Removing stm32f4xx_rcc.o(i.RCC_PLLI2SConfig), (24 bytes).
    Removing stm32f4xx_rcc.o(i.RCC_PLLSAICmd), (12 bytes).
    Removing stm32f4xx_rcc.o(i.RCC_PLLSAIConfig), (24 bytes).
    Removing stm32f4xx_rcc.o(i.RCC_RTCCLKCmd), (12 bytes).
    Removing stm32f4xx_rcc.o(i.RCC_RTCCLKConfig), (60 bytes).
    Removing stm32f4xx_rcc.o(i.RCC_SAIBlockACLKConfig), (24 bytes).
    Removing stm32f4xx_rcc.o(i.RCC_SAIBlockBCLKConfig), (24 bytes).
    Removing stm32f4xx_rcc.o(i.RCC_SAIPLLI2SClkDivConfig), (28 bytes).
    Removing stm32f4xx_rcc.o(i.RCC_SAIPLLSAIClkDivConfig), (28 bytes).
    Removing stm32f4xx_rcc.o(i.RCC_SYSCLKConfig), (24 bytes).
    Removing stm32f4xx_rcc.o(i.RCC_TIMCLKPresConfig), (12 bytes).
    Removing stm32f4xx_rcc.o(i.RCC_WaitForHSEStartUp), (56 bytes).
    Removing stm32f4xx_gpio.o(.rev16_text), (4 bytes).
    Removing stm32f4xx_gpio.o(.revsh_text), (4 bytes).
    Removing stm32f4xx_gpio.o(.rrx_text), (6 bytes).
    Removing stm32f4xx_gpio.o(i.GPIO_DeInit), (312 bytes).
    Removing stm32f4xx_gpio.o(i.GPIO_Init), (144 bytes).
    Removing stm32f4xx_gpio.o(i.GPIO_PinAFConfig), (70 bytes).
    Removing stm32f4xx_gpio.o(i.GPIO_PinLockConfig), (34 bytes).
    Removing stm32f4xx_gpio.o(i.GPIO_ReadInputData), (8 bytes).
    Removing stm32f4xx_gpio.o(i.GPIO_ReadInputDataBit), (18 bytes).
    Removing stm32f4xx_gpio.o(i.GPIO_ReadOutputData), (8 bytes).
    Removing stm32f4xx_gpio.o(i.GPIO_ReadOutputDataBit), (18 bytes).
    Removing stm32f4xx_gpio.o(i.GPIO_StructInit), (18 bytes).
    Removing stm32f4xx_gpio.o(i.GPIO_ToggleBits), (8 bytes).
    Removing stm32f4xx_gpio.o(i.GPIO_Write), (4 bytes).
    Removing stm32f4xx_gpio.o(i.GPIO_WriteBit), (10 bytes).
    Removing stm32f4xx_dma.o(.rev16_text), (4 bytes).
    Removing stm32f4xx_dma.o(.revsh_text), (4 bytes).
    Removing stm32f4xx_dma.o(.rrx_text), (6 bytes).
    Removing stm32f4xx_dma.o(i.DMA_ClearFlag), (52 bytes).
    Removing stm32f4xx_dma.o(i.DMA_ClearITPendingBit), (52 bytes).
    Removing stm32f4xx_dma.o(i.DMA_Cmd), (22 bytes).
    Removing stm32f4xx_dma.o(i.DMA_DeInit), (344 bytes).
    Removing stm32f4xx_dma.o(i.DMA_DoubleBufferModeCmd), (22 bytes).
    Removing stm32f4xx_dma.o(i.DMA_DoubleBufferModeConfig), (24 bytes).
    Removing stm32f4xx_dma.o(i.DMA_FlowControllerConfig), (22 bytes).
    Removing stm32f4xx_dma.o(i.DMA_GetCmdStatus), (20 bytes).
    Removing stm32f4xx_dma.o(i.DMA_GetCurrDataCounter), (8 bytes).
    Removing stm32f4xx_dma.o(i.DMA_GetCurrentMemoryTarget), (20 bytes).
    Removing stm32f4xx_dma.o(i.DMA_GetFIFOStatus), (12 bytes).
    Removing stm32f4xx_dma.o(i.DMA_GetFlagStatus), (68 bytes).
    Removing stm32f4xx_dma.o(i.DMA_GetITStatus), (100 bytes).
    Removing stm32f4xx_dma.o(i.DMA_ITConfig), (58 bytes).
    Removing stm32f4xx_dma.o(i.DMA_MemoryTargetConfig), (10 bytes).
    Removing stm32f4xx_dma.o(i.DMA_PeriphIncOffsetSizeConfig), (22 bytes).
    Removing stm32f4xx_dma.o(i.DMA_SetCurrDataCounter), (4 bytes).
    Removing stm32f4xx_dma.o(i.DMA_StructInit), (34 bytes).
    Removing stm32f4xx_spi.o(.rev16_text), (4 bytes).
    Removing stm32f4xx_spi.o(.revsh_text), (4 bytes).
    Removing stm32f4xx_spi.o(.rrx_text), (6 bytes).
    Removing stm32f4xx_spi.o(i.I2S_Cmd), (24 bytes).
    Removing stm32f4xx_spi.o(i.I2S_FullDuplexConfig), (80 bytes).
    Removing stm32f4xx_spi.o(i.I2S_Init), (408 bytes).
    Removing stm32f4xx_spi.o(i.I2S_StructInit), (20 bytes).
    Removing stm32f4xx_spi.o(i.SPI_BiDirectionalLineConfig), (28 bytes).
    Removing stm32f4xx_spi.o(i.SPI_CalculateCRC), (24 bytes).
    Removing stm32f4xx_spi.o(i.SPI_Cmd), (24 bytes).
    Removing stm32f4xx_spi.o(i.SPI_DataSizeConfig), (18 bytes).
    Removing stm32f4xx_spi.o(i.SPI_GetCRC), (16 bytes).
    Removing stm32f4xx_spi.o(i.SPI_GetCRCPolynomial), (6 bytes).
    Removing stm32f4xx_spi.o(i.SPI_I2S_ClearFlag), (6 bytes).
    Removing stm32f4xx_spi.o(i.SPI_I2S_ClearITPendingBit), (20 bytes).
    Removing stm32f4xx_spi.o(i.SPI_I2S_DMACmd), (18 bytes).
    Removing stm32f4xx_spi.o(i.SPI_I2S_DeInit), (176 bytes).
    Removing stm32f4xx_spi.o(i.SPI_I2S_GetFlagStatus), (18 bytes).
    Removing stm32f4xx_spi.o(i.SPI_I2S_GetITStatus), (52 bytes).
    Removing stm32f4xx_spi.o(i.SPI_I2S_ITConfig), (32 bytes).
    Removing stm32f4xx_spi.o(i.SPI_I2S_ReceiveData), (6 bytes).
    Removing stm32f4xx_spi.o(i.SPI_I2S_SendData), (4 bytes).
    Removing stm32f4xx_spi.o(i.SPI_NSSInternalSoftwareConfig), (30 bytes).
    Removing stm32f4xx_spi.o(i.SPI_SSOutputCmd), (24 bytes).
    Removing stm32f4xx_spi.o(i.SPI_TIModeCmd), (24 bytes).
    Removing stm32f4xx_spi.o(i.SPI_TransmitCRC), (10 bytes).
    Removing stm32f4_delay.o(.rev16_text), (4 bytes).
    Removing stm32f4_delay.o(.revsh_text), (4 bytes).
    Removing stm32f4_delay.o(.rrx_text), (6 bytes).
    Removing stm32f4_delay.o(i.Delay_GetTick), (12 bytes).
    Removing stm32f4_delay.o(i.delay_ms), (60 bytes).
    Removing stm32f4_delay.o(i.micros), (68 bytes).
    Removing stm32f4_delay.o(i.millis), (12 bytes).
    Removing stm32f4_led.o(.rev16_text), (4 bytes).
    Removing stm32f4_led.o(.revsh_text), (4 bytes).
    Removing stm32f4_led.o(.rrx_text), (6 bytes).
    Removing stm32f4_led.o(i.LED_Init), (56 bytes).
    Removing stm32f4_gpio.o(.rev16_text), (4 bytes).
    Removing stm32f4_gpio.o(.revsh_text), (4 bytes).
    Removing stm32f4_gpio.o(.rrx_text), (6 bytes).
    Removing stm32f4_gpio.o(i.GPIO_DeInits), (72 bytes).
    Removing stm32f4_gpio.o(i.GPIO_GetFreePins), (28 bytes).
    Removing stm32f4_gpio.o(i.GPIO_GetPinSource), (18 bytes).
    Removing stm32f4_gpio.o(i.GPIO_GetUsedPins), (24 bytes).
    Removing stm32f4_gpio.o(i.GPIO_INT_DisableClock), (32 bytes).
    Removing stm32f4_gpio.o(i.GPIO_Lock), (16 bytes).
    Removing stm32f4_gpio.o(i.GPIO_SetPinAsAlternate), (50 bytes).
    Removing stm32f4_gpio.o(i.GPIO_SetPinAsAnalog), (38 bytes).
    Removing stm32f4_gpio.o(i.GPIO_SetPinAsInput), (38 bytes).
    Removing stm32f4_gpio.o(i.GPIO_SetPinAsOutput), (46 bytes).
    Removing stm32f4_gpio.o(i.GPIO_SetPullResistor), (50 bytes).
    Removing stm32f4_dma.o(.rev16_text), (4 bytes).
    Removing stm32f4_dma.o(.revsh_text), (4 bytes).
    Removing stm32f4_dma.o(.rrx_text), (6 bytes).
    Removing stm32f4_dma.o(i.DMA_ClearFlags), (14 bytes).
    Removing stm32f4_dma.o(i.DMA_DisableInterrupts), (104 bytes).
    Removing stm32f4_dma.o(i.DMA_EnableInterrupts), (120 bytes).
    Removing stm32f4_fonts.o(.rev16_text), (4 bytes).
    Removing stm32f4_fonts.o(.revsh_text), (4 bytes).
    Removing stm32f4_fonts.o(.rrx_text), (6 bytes).
    Removing stm32f4_fonts.o(i.FontS_GetStringSize), (28 bytes).
    Removing stm32f4_ili9341.o(.rev16_text), (4 bytes).
    Removing stm32f4_ili9341.o(.revsh_text), (4 bytes).
    Removing stm32f4_ili9341.o(.rrx_text), (6 bytes).
    Removing stm32f4_ili9341.o(i.ILI9341_DisplayOff), (10 bytes).
    Removing stm32f4_ili9341.o(i.ILI9341_DisplayOn), (10 bytes).
    Removing stm32f4_ili9341.o(i.ILI9341_GetStringSize), (28 bytes).
    Removing stm32f4_spi.o(.rev16_text), (4 bytes).
    Removing stm32f4_spi.o(.revsh_text), (4 bytes).
    Removing stm32f4_spi.o(.rrx_text), (6 bytes).
    Removing stm32f4_spi.o(i.SPI_GetPrescalerFromMaxFrequency), (104 bytes).
    Removing stm32f4_spi.o(i.SPI_InitFull), (164 bytes).
    Removing stm32f4_spi.o(i.SPI_InitWithMode), (204 bytes).
    Removing stm32f4_spi.o(i.SPI_ReadMulti), (78 bytes).
    Removing stm32f4_spi.o(i.SPI_ReadMulti16), (80 bytes).
    Removing stm32f4_spi.o(i.SPI_SendMulti), (80 bytes).
    Removing stm32f4_spi.o(i.SPI_SendMulti16), (84 bytes).
    Removing stm32f4_spi.o(i.SPI_WriteMulti), (78 bytes).
    Removing stm32f4_spi.o(i.SPI_WriteMulti16), (80 bytes).
    Removing stm32f4_spi_dma.o(.rev16_text), (4 bytes).
    Removing stm32f4_spi_dma.o(.revsh_text), (4 bytes).
    Removing stm32f4_spi_dma.o(.rrx_text), (6 bytes).
    Removing stm32f4_spi_dma.o(i.SPI_DMA_Deinit), (26 bytes).
    Removing stm32f4_spi_dma.o(i.SPI_DMA_DisableInterrupts), (26 bytes).
    Removing stm32f4_spi_dma.o(i.SPI_DMA_EnableInterrupts), (26 bytes).
    Removing stm32f4_spi_dma.o(i.SPI_DMA_GetStreamRX), (14 bytes).
    Removing stm32f4_spi_dma.o(i.SPI_DMA_GetStreamTX), (14 bytes).
    Removing stm32f4_spi_dma.o(i.SPI_DMA_InitWithStreamAndChannel), (44 bytes).
    Removing stm32f4_spi_dma.o(i.SPI_DMA_SendByte), (108 bytes).
    Removing stm32f4_spi_dma.o(i.SPI_DMA_Transmit), (208 bytes).

199 unused section(s) (total 7082 bytes) removed from the image.

==============================================================================

Image Symbol Table

    Local Symbols

    Symbol Name                              Value     Ov Type        Size  Object(Section)

    ../clib/angel/boardlib.s                 0x00000000   Number         0  boardinit2.o ABSOLUTE
    ../clib/angel/boardlib.s                 0x00000000   Number         0  boardinit3.o ABSOLUTE
    ../clib/angel/boardlib.s                 0x00000000   Number         0  boardshut.o ABSOLUTE
    ../clib/angel/boardlib.s                 0x00000000   Number         0  boardinit1.o ABSOLUTE
    ../clib/angel/handlers.s                 0x00000000   Number         0  __scatter_copy.o ABSOLUTE
    ../clib/angel/handlers.s                 0x00000000   Number         0  __scatter_zi.o ABSOLUTE
    ../clib/angel/kernel.s                   0x00000000   Number         0  __rtentry.o ABSOLUTE
    ../clib/angel/kernel.s                   0x00000000   Number         0  rtexit.o ABSOLUTE
    ../clib/angel/kernel.s                   0x00000000   Number         0  __rtentry2.o ABSOLUTE
    ../clib/angel/kernel.s                   0x00000000   Number         0  rtexit2.o ABSOLUTE
    ../clib/angel/kernel.s                   0x00000000   Number         0  __rtentry4.o ABSOLUTE
    ../clib/angel/rt.s                       0x00000000   Number         0  rt_raise.o ABSOLUTE
    ../clib/angel/scatter.s                  0x00000000   Number         0  __scatter.o ABSOLUTE
    ../clib/angel/startup.s                  0x00000000   Number         0  __main.o ABSOLUTE
    ../clib/angel/sys.s                      0x00000000   Number         0  libspace.o ABSOLUTE
    ../clib/angel/sys.s                      0x00000000   Number         0  indicate_semi.o ABSOLUTE
    ../clib/angel/sys.s                      0x00000000   Number         0  use_no_semi.o ABSOLUTE
    ../clib/angel/sys.s                      0x00000000   Number         0  sys_stackheap_outer.o ABSOLUTE
    ../clib/angel/sysapp.c                   0x00000000   Number         0  sys_command.o ABSOLUTE
    ../clib/angel/sysapp.c                   0x00000000   Number         0  sys_wrch.o ABSOLUTE
    ../clib/angel/sysapp.c                   0x00000000   Number         0  sys_exit.o ABSOLUTE
    ../clib/armsys.c                         0x00000000   Number         0  no_argv.o ABSOLUTE
    ../clib/armsys.c                         0x00000000   Number         0  _get_argv_nomalloc.o ABSOLUTE
    ../clib/armsys.c                         0x00000000   Number         0  argv_veneer.o ABSOLUTE
    ../clib/armsys.c                         0x00000000   Number         0  argv_veneer.o ABSOLUTE
    ../clib/heapalloc.c                      0x00000000   Number         0  hrguard.o ABSOLUTE
    ../clib/heapaux.c                        0x00000000   Number         0  heapauxi.o ABSOLUTE
    ../clib/libinit.s                        0x00000000   Number         0  libshutdown.o ABSOLUTE
    ../clib/libinit.s                        0x00000000   Number         0  libinit.o ABSOLUTE
    ../clib/libinit.s                        0x00000000   Number         0  libinit2.o ABSOLUTE
    ../clib/libinit.s                        0x00000000   Number         0  libshutdown2.o ABSOLUTE
    ../clib/signal.c                         0x00000000   Number         0  defsig_fpe_inner.o ABSOLUTE
    ../clib/signal.c                         0x00000000   Number         0  defsig_rtmem_outer.o ABSOLUTE
    ../clib/signal.c                         0x00000000   Number         0  defsig_rtmem_formal.o ABSOLUTE
    ../clib/signal.c                         0x00000000   Number         0  defsig_exit.o ABSOLUTE
    ../clib/signal.c                         0x00000000   Number         0  defsig_rtmem_inner.o ABSOLUTE
    ../clib/signal.c                         0x00000000   Number         0  __raise.o ABSOLUTE
    ../clib/signal.c                         0x00000000   Number         0  defsig_general.o ABSOLUTE
    ../clib/signal.c                         0x00000000   Number         0  defsig_other.o ABSOLUTE
    ../clib/signal.c                         0x00000000   Number         0  defsig_abrt_inner.o ABSOLUTE
    ../clib/signal.c                         0x00000000   Number         0  defsig_rtred_inner.o ABSOLUTE
    ../clib/signal.c                         0x00000000   Number         0  defsig_stak_inner.o ABSOLUTE
    ../clib/signal.c                         0x00000000   Number         0  defsig_pvfn_inner.o ABSOLUTE
    ../clib/signal.c                         0x00000000   Number         0  defsig_cppl_inner.o ABSOLUTE
    ../clib/signal.c                         0x00000000   Number         0  defsig_segv_inner.o ABSOLUTE
    ../clib/signal.s                         0x00000000   Number         0  defsig.o ABSOLUTE
    ../clib/stdlib.c                         0x00000000   Number         0  exit.o ABSOLUTE
    ../clib/string.c                         0x00000000   Number         0  strlen.o ABSOLUTE
    ../fplib/fpinit.s                        0x00000000   Number         0  fpinit.o ABSOLUTE
    ..\StdPeriph_Lib_V1.7.1\CMSIS\Device\Source\arm\startup_stm32f429_439xx.s 0x00000000   Number         0  startup_stm32f429_439xx.o ABSOLUTE
    ..\StdPeriph_Lib_V1.7.1\StdPeriph_Driver\src\misc.c 0x00000000   Number         0  misc.o ABSOLUTE
    ..\StdPeriph_Lib_V1.7.1\StdPeriph_Driver\src\stm32f4xx_dma.c 0x00000000   Number         0  stm32f4xx_dma.o ABSOLUTE
    ..\StdPeriph_Lib_V1.7.1\StdPeriph_Driver\src\stm32f4xx_gpio.c 0x00000000   Number         0  stm32f4xx_gpio.o ABSOLUTE
    ..\StdPeriph_Lib_V1.7.1\StdPeriph_Driver\src\stm32f4xx_rcc.c 0x00000000   Number         0  stm32f4xx_rcc.o ABSOLUTE
    ..\StdPeriph_Lib_V1.7.1\StdPeriph_Driver\src\stm32f4xx_spi.c 0x00000000   Number         0  stm32f4xx_spi.o ABSOLUTE
    ..\User\main.c                           0x00000000   Number         0  main.o ABSOLUTE
    ..\User\stm32f4xx_it.c                   0x00000000   Number         0  stm32f4xx_it.o ABSOLUTE
    ..\User\system_stm32f4xx.c               0x00000000   Number         0  system_stm32f4xx.o ABSOLUTE
    ..\Utilities\stm32f4_delay.c             0x00000000   Number         0  stm32f4_delay.o ABSOLUTE
    ..\Utilities\stm32f4_dma.c               0x00000000   Number         0  stm32f4_dma.o ABSOLUTE
    ..\Utilities\stm32f4_fonts.c             0x00000000   Number         0  stm32f4_fonts.o ABSOLUTE
    ..\Utilities\stm32f4_gpio.c              0x00000000   Number         0  stm32f4_gpio.o ABSOLUTE
    ..\Utilities\stm32f4_ili9341.c           0x00000000   Number         0  stm32f4_ili9341.o ABSOLUTE
    ..\Utilities\stm32f4_led.c               0x00000000   Number         0  stm32f4_led.o ABSOLUTE
    ..\Utilities\stm32f4_spi.c               0x00000000   Number         0  stm32f4_spi.o ABSOLUTE
    ..\Utilities\stm32f4_spi_dma.c           0x00000000   Number         0  stm32f4_spi_dma.o ABSOLUTE
    ..\\StdPeriph_Lib_V1.7.1\\StdPeriph_Driver\\src\\misc.c 0x00000000   Number         0  misc.o ABSOLUTE
    ..\\StdPeriph_Lib_V1.7.1\\StdPeriph_Driver\\src\\stm32f4xx_dma.c 0x00000000   Number         0  stm32f4xx_dma.o ABSOLUTE
    ..\\StdPeriph_Lib_V1.7.1\\StdPeriph_Driver\\src\\stm32f4xx_gpio.c 0x00000000   Number         0  stm32f4xx_gpio.o ABSOLUTE
    ..\\StdPeriph_Lib_V1.7.1\\StdPeriph_Driver\\src\\stm32f4xx_rcc.c 0x00000000   Number         0  stm32f4xx_rcc.o ABSOLUTE
    ..\\StdPeriph_Lib_V1.7.1\\StdPeriph_Driver\\src\\stm32f4xx_spi.c 0x00000000   Number         0  stm32f4xx_spi.o ABSOLUTE
    ..\\User\\main.c                         0x00000000   Number         0  main.o ABSOLUTE
    ..\\User\\stm32f4xx_it.c                 0x00000000   Number         0  stm32f4xx_it.o ABSOLUTE
    ..\\User\\system_stm32f4xx.c             0x00000000   Number         0  system_stm32f4xx.o ABSOLUTE
    ..\\Utilities\\stm32f4_delay.c           0x00000000   Number         0  stm32f4_delay.o ABSOLUTE
    ..\\Utilities\\stm32f4_dma.c             0x00000000   Number         0  stm32f4_dma.o ABSOLUTE
    ..\\Utilities\\stm32f4_fonts.c           0x00000000   Number         0  stm32f4_fonts.o ABSOLUTE
    ..\\Utilities\\stm32f4_gpio.c            0x00000000   Number         0  stm32f4_gpio.o ABSOLUTE
    ..\\Utilities\\stm32f4_ili9341.c         0x00000000   Number         0  stm32f4_ili9341.o ABSOLUTE
    ..\\Utilities\\stm32f4_led.c             0x00000000   Number         0  stm32f4_led.o ABSOLUTE
    ..\\Utilities\\stm32f4_spi.c             0x00000000   Number         0  stm32f4_spi.o ABSOLUTE
    ..\\Utilities\\stm32f4_spi_dma.c         0x00000000   Number         0  stm32f4_spi_dma.o ABSOLUTE
    dc.s                                     0x00000000   Number         0  dc.o ABSOLUTE
    RESET                                    0x08000000   Section      428  startup_stm32f429_439xx.o(RESET)
    !!!main                                  0x080001ac   Section        8  __main.o(!!!main)
    !!!scatter                               0x080001b4   Section       52  __scatter.o(!!!scatter)
    !!handler_copy                           0x080001e8   Section       26  __scatter_copy.o(!!handler_copy)
    !!handler_zi                             0x08000204   Section       28  __scatter_zi.o(!!handler_zi)
    .ARM.Collect$$libinit$$00000000          0x08000220   Section        2  libinit.o(.ARM.Collect$$libinit$$00000000)
    .ARM.Collect$$libinit$$00000001          0x08000222   Section        4  libinit2.o(.ARM.Collect$$libinit$$00000001)
    .ARM.Collect$$libinit$$00000004          0x08000226   Section        0  libinit2.o(.ARM.Collect$$libinit$$00000004)
    .ARM.Collect$$libinit$$0000000A          0x08000226   Section        0  libinit2.o(.ARM.Collect$$libinit$$0000000A)
    .ARM.Collect$$libinit$$0000000C          0x08000226   Section        0  libinit2.o(.ARM.Collect$$libinit$$0000000C)
    .ARM.Collect$$libinit$$0000000E          0x08000226   Section        0  libinit2.o(.ARM.Collect$$libinit$$0000000E)
    .ARM.Collect$$libinit$$00000011          0x08000226   Section        0  libinit2.o(.ARM.Collect$$libinit$$00000011)
    .ARM.Collect$$libinit$$00000013          0x08000226   Section        0  libinit2.o(.ARM.Collect$$libinit$$00000013)
    .ARM.Collect$$libinit$$00000015          0x08000226   Section        0  libinit2.o(.ARM.Collect$$libinit$$00000015)
    .ARM.Collect$$libinit$$00000017          0x08000226   Section        0  libinit2.o(.ARM.Collect$$libinit$$00000017)
    .ARM.Collect$$libinit$$00000019          0x08000226   Section        0  libinit2.o(.ARM.Collect$$libinit$$00000019)
    .ARM.Collect$$libinit$$0000001B          0x08000226   Section        0  libinit2.o(.ARM.Collect$$libinit$$0000001B)
    .ARM.Collect$$libinit$$0000001D          0x08000226   Section        0  libinit2.o(.ARM.Collect$$libinit$$0000001D)
    .ARM.Collect$$libinit$$0000001F          0x08000226   Section        0  libinit2.o(.ARM.Collect$$libinit$$0000001F)
    .ARM.Collect$$libinit$$00000021          0x08000226   Section        0  libinit2.o(.ARM.Collect$$libinit$$00000021)
    .ARM.Collect$$libinit$$00000023          0x08000226   Section        0  libinit2.o(.ARM.Collect$$libinit$$00000023)
    .ARM.Collect$$libinit$$00000025          0x08000226   Section        0  libinit2.o(.ARM.Collect$$libinit$$00000025)
    .ARM.Collect$$libinit$$0000002C          0x08000226   Section        0  libinit2.o(.ARM.Collect$$libinit$$0000002C)
    .ARM.Collect$$libinit$$0000002E          0x08000226   Section        0  libinit2.o(.ARM.Collect$$libinit$$0000002E)
    .ARM.Collect$$libinit$$00000030          0x08000226   Section        0  libinit2.o(.ARM.Collect$$libinit$$00000030)
    .ARM.Collect$$libinit$$00000032          0x08000226   Section        0  libinit2.o(.ARM.Collect$$libinit$$00000032)
    .ARM.Collect$$libinit$$00000033          0x08000226   Section        2  libinit2.o(.ARM.Collect$$libinit$$00000033)
    .ARM.Collect$$libshutdown$$00000000      0x08000228   Section        2  libshutdown.o(.ARM.Collect$$libshutdown$$00000000)
    .ARM.Collect$$libshutdown$$00000002      0x0800022a   Section        0  libshutdown2.o(.ARM.Collect$$libshutdown$$00000002)
    .ARM.Collect$$libshutdown$$00000004      0x0800022a   Section        0  libshutdown2.o(.ARM.Collect$$libshutdown$$00000004)
    .ARM.Collect$$libshutdown$$00000007      0x0800022a   Section        0  libshutdown2.o(.ARM.Collect$$libshutdown$$00000007)
    .ARM.Collect$$libshutdown$$0000000A      0x0800022a   Section        0  libshutdown2.o(.ARM.Collect$$libshutdown$$0000000A)
    .ARM.Collect$$libshutdown$$0000000C      0x0800022a   Section        0  libshutdown2.o(.ARM.Collect$$libshutdown$$0000000C)
    .ARM.Collect$$libshutdown$$0000000F      0x0800022a   Section        0  libshutdown2.o(.ARM.Collect$$libshutdown$$0000000F)
    .ARM.Collect$$libshutdown$$00000010      0x0800022a   Section        2  libshutdown2.o(.ARM.Collect$$libshutdown$$00000010)
    .ARM.Collect$$rtentry$$00000000          0x0800022c   Section        0  __rtentry.o(.ARM.Collect$$rtentry$$00000000)
    .ARM.Collect$$rtentry$$00000002          0x0800022c   Section        0  __rtentry2.o(.ARM.Collect$$rtentry$$00000002)
    .ARM.Collect$$rtentry$$00000004          0x0800022c   Section        6  __rtentry4.o(.ARM.Collect$$rtentry$$00000004)
    .ARM.Collect$$rtentry$$00000009          0x08000232   Section        0  __rtentry2.o(.ARM.Collect$$rtentry$$00000009)
    .ARM.Collect$$rtentry$$0000000A          0x08000232   Section        4  __rtentry2.o(.ARM.Collect$$rtentry$$0000000A)
    .ARM.Collect$$rtentry$$0000000C          0x08000236   Section        0  __rtentry2.o(.ARM.Collect$$rtentry$$0000000C)
    .ARM.Collect$$rtentry$$0000000D          0x08000236   Section        8  __rtentry2.o(.ARM.Collect$$rtentry$$0000000D)
    .ARM.Collect$$rtexit$$00000000           0x0800023e   Section        2  rtexit.o(.ARM.Collect$$rtexit$$00000000)
    .ARM.Collect$$rtexit$$00000002           0x08000240   Section        0  rtexit2.o(.ARM.Collect$$rtexit$$00000002)
    .ARM.Collect$$rtexit$$00000003           0x08000240   Section        4  rtexit2.o(.ARM.Collect$$rtexit$$00000003)
    .ARM.Collect$$rtexit$$00000004           0x08000244   Section        6  rtexit2.o(.ARM.Collect$$rtexit$$00000004)
    .text                                    0x0800024c   Section       64  startup_stm32f429_439xx.o(.text)
    $v0                                      0x0800024c   Number         0  startup_stm32f429_439xx.o(.text)
    .text                                    0x0800028c   Section        0  heapauxi.o(.text)
    .text                                    0x08000292   Section       74  sys_stackheap_outer.o(.text)
    .text                                    0x080002dc   Section        0  exit.o(.text)
    .text                                    0x080002f0   Section        8  libspace.o(.text)
    .text                                    0x080002f8   Section        0  sys_exit.o(.text)
    .text                                    0x08000304   Section        2  use_no_semi.o(.text)
    .text                                    0x08000306   Section        0  indicate_semi.o(.text)
    i.BusFault_Handler                       0x08000306   Section        0  stm32f4xx_it.o(i.BusFault_Handler)
    i.DMA1_Stream0_IRQHandler                0x0800030c   Section        0  stm32f4_dma.o(i.DMA1_Stream0_IRQHandler)
    i.DMA1_Stream1_IRQHandler                0x0800031c   Section        0  stm32f4_dma.o(i.DMA1_Stream1_IRQHandler)
    i.DMA1_Stream2_IRQHandler                0x0800032c   Section        0  stm32f4_dma.o(i.DMA1_Stream2_IRQHandler)
    i.DMA1_Stream3_IRQHandler                0x0800033c   Section        0  stm32f4_dma.o(i.DMA1_Stream3_IRQHandler)
    i.DMA1_Stream4_IRQHandler                0x0800034c   Section        0  stm32f4_dma.o(i.DMA1_Stream4_IRQHandler)
    i.DMA1_Stream5_IRQHandler                0x0800035c   Section        0  stm32f4_dma.o(i.DMA1_Stream5_IRQHandler)
    i.DMA1_Stream6_IRQHandler                0x0800036c   Section        0  stm32f4_dma.o(i.DMA1_Stream6_IRQHandler)
    i.DMA1_Stream7_IRQHandler                0x0800037c   Section        0  stm32f4_dma.o(i.DMA1_Stream7_IRQHandler)
    i.DMA2_Stream0_IRQHandler                0x0800038c   Section        0  stm32f4_dma.o(i.DMA2_Stream0_IRQHandler)
    i.DMA2_Stream1_IRQHandler                0x0800039c   Section        0  stm32f4_dma.o(i.DMA2_Stream1_IRQHandler)
    i.DMA2_Stream2_IRQHandler                0x080003ac   Section        0  stm32f4_dma.o(i.DMA2_Stream2_IRQHandler)
    i.DMA2_Stream3_IRQHandler                0x080003bc   Section        0  stm32f4_dma.o(i.DMA2_Stream3_IRQHandler)
    i.DMA2_Stream4_IRQHandler                0x080003cc   Section        0  stm32f4_dma.o(i.DMA2_Stream4_IRQHandler)
    i.DMA2_Stream5_IRQHandler                0x080003dc   Section        0  stm32f4_dma.o(i.DMA2_Stream5_IRQHandler)
    i.DMA2_Stream6_IRQHandler                0x080003ec   Section        0  stm32f4_dma.o(i.DMA2_Stream6_IRQHandler)
    i.DMA2_Stream7_IRQHandler                0x080003fc   Section        0  stm32f4_dma.o(i.DMA2_Stream7_IRQHandler)
    i.DMA_Clear_Flag                         0x0800040c   Section        0  stm32f4_dma.o(i.DMA_Clear_Flag)
    i.DMA_DirectModeErrorHandler             0x08000458   Section        0  stm32f4_dma.o(i.DMA_DirectModeErrorHandler)
    i.DMA_FIFOErrorHandler                   0x0800045a   Section        0  stm32f4_dma.o(i.DMA_FIFOErrorHandler)
    i.DMA_GetFlags                           0x0800045c   Section        0  stm32f4_dma.o(i.DMA_GetFlags)
    i.DMA_HalfTransferCompleteHandler        0x080004b0   Section        0  stm32f4_dma.o(i.DMA_HalfTransferCompleteHandler)
    i.DMA_INT_ProcessInterrupt               0x080004b2   Section        0  stm32f4_dma.o(i.DMA_INT_ProcessInterrupt)
    DMA_INT_ProcessInterrupt                 0x080004b3   Thumb Code   124  stm32f4_dma.o(i.DMA_INT_ProcessInterrupt)
    i.DMA_Init                               0x08000530   Section        0  stm32f4xx_dma.o(i.DMA_Init)
    i.DMA_TransferCompleteHandler            0x08000588   Section        0  stm32f4_dma.o(i.DMA_TransferCompleteHandler)
    i.DMA_TransferErrorHandler               0x0800058a   Section        0  stm32f4_dma.o(i.DMA_TransferErrorHandler)
    i.DebugMon_Handler                       0x0800058c   Section        0  stm32f4xx_it.o(i.DebugMon_Handler)
    i.Delay_Decrement                        0x08000590   Section        0  stm32f4_delay.o(i.Delay_Decrement)
    i.Delay_Init                             0x080005b0   Section        0  stm32f4_delay.o(i.Delay_Init)
    i.GPIO_GetPortSource                     0x08000670   Section        0  stm32f4_gpio.o(i.GPIO_GetPortSource)
    i.GPIO_INT_EnableClock                   0x08000680   Section        0  stm32f4_gpio.o(i.GPIO_INT_EnableClock)
    i.GPIO_INT_Init                          0x080006a0   Section        0  stm32f4_gpio.o(i.GPIO_INT_Init)
    i.GPIO_InitAlternate                     0x08000750   Section        0  stm32f4_gpio.o(i.GPIO_InitAlternate)
    i.GPIO_Inits                             0x080007be   Section        0  stm32f4_gpio.o(i.GPIO_Inits)
    i.GPIO_ResetBits                         0x080007ee   Section        0  stm32f4xx_gpio.o(i.GPIO_ResetBits)
    i.GPIO_SetBits                           0x080007f2   Section        0  stm32f4xx_gpio.o(i.GPIO_SetBits)
    i.HardFault_Handler                      0x080007f6   Section        0  stm32f4xx_it.o(i.HardFault_Handler)
    i.ILI9341_Delay                          0x080007fa   Section        0  stm32f4_ili9341.o(i.ILI9341_Delay)
    i.ILI9341_DrawCircle                     0x0800080c   Section        0  stm32f4_ili9341.o(i.ILI9341_DrawCircle)
    i.ILI9341_DrawFilledCircle               0x08000910   Section        0  stm32f4_ili9341.o(i.ILI9341_DrawFilledCircle)
    i.ILI9341_DrawFilledRectangle            0x08000a60   Section        0  stm32f4_ili9341.o(i.ILI9341_DrawFilledRectangle)
    i.ILI9341_DrawLine                       0x08000aa8   Section        0  stm32f4_ili9341.o(i.ILI9341_DrawLine)
    i.ILI9341_DrawPixel                      0x08000bb8   Section        0  stm32f4_ili9341.o(i.ILI9341_DrawPixel)
    i.ILI9341_DrawRectangle                  0x08000be2   Section        0  stm32f4_ili9341.o(i.ILI9341_DrawRectangle)
    i.ILI9341_Fill                           0x08000c2c   Section        0  stm32f4_ili9341.o(i.ILI9341_Fill)
    i.ILI9341_INT_Fill                       0x08000c4c   Section        0  stm32f4_ili9341.o(i.ILI9341_INT_Fill)
    i.ILI9341_Init                           0x08000cf8   Section        0  stm32f4_ili9341.o(i.ILI9341_Init)
    i.ILI9341_InitLCD                        0x08000d8c   Section        0  stm32f4_ili9341.o(i.ILI9341_InitLCD)
    i.ILI9341_Putc                           0x08001000   Section        0  stm32f4_ili9341.o(i.ILI9341_Putc)
    i.ILI9341_Puts                           0x080010c8   Section        0  stm32f4_ili9341.o(i.ILI9341_Puts)
    i.ILI9341_Rotate                         0x08001148   Section        0  stm32f4_ili9341.o(i.ILI9341_Rotate)
    i.ILI9341_SendCommand                    0x080011ac   Section        0  stm32f4_ili9341.o(i.ILI9341_SendCommand)
    i.ILI9341_SendData                       0x080011e0   Section        0  stm32f4_ili9341.o(i.ILI9341_SendData)
    i.ILI9341_SetCursorPosition              0x08001214   Section        0  stm32f4_ili9341.o(i.ILI9341_SetCursorPosition)
    i.MemManage_Handler                      0x08001260   Section        0  stm32f4xx_it.o(i.MemManage_Handler)
    i.NMI_Handler                            0x08001264   Section        0  stm32f4xx_it.o(i.NMI_Handler)
    i.PendSV_Handler                         0x08001266   Section        0  stm32f4xx_it.o(i.PendSV_Handler)
    i.RCC_GetClocksFreq                      0x08001268   Section        0  stm32f4xx_rcc.o(i.RCC_GetClocksFreq)
    i.SPI1_INT_InitPins                      0x08001350   Section        0  stm32f4_spi.o(i.SPI1_INT_InitPins)
    i.SPI2_INT_InitPins                      0x0800139c   Section        0  stm32f4_spi.o(i.SPI2_INT_InitPins)
    i.SPI3_INT_InitPins                      0x0800141c   Section        0  stm32f4_spi.o(i.SPI3_INT_InitPins)
    i.SPI4_INT_InitPins                      0x0800146c   Section        0  stm32f4_spi.o(i.SPI4_INT_InitPins)
    i.SPI5_INT_InitPins                      0x080014b8   Section        0  stm32f4_spi.o(i.SPI5_INT_InitPins)
    i.SPI6_INT_InitPins                      0x0800151c   Section        0  stm32f4_spi.o(i.SPI6_INT_InitPins)
    i.SPI_DMA_INT_GetSettings                0x08001550   Section        0  stm32f4_spi_dma.o(i.SPI_DMA_INT_GetSettings)
    SPI_DMA_INT_GetSettings                  0x08001551   Thumb Code    52  stm32f4_spi_dma.o(i.SPI_DMA_INT_GetSettings)
    i.SPI_DMA_Init                           0x080015b4   Section        0  stm32f4_spi_dma.o(i.SPI_DMA_Init)
    i.SPI_DMA_SendHalfWord                   0x08001628   Section        0  stm32f4_spi_dma.o(i.SPI_DMA_SendHalfWord)
    i.SPI_DMA_Working                        0x0800169c   Section        0  stm32f4_spi_dma.o(i.SPI_DMA_Working)
    i.SPI_Init                               0x080016cc   Section        0  stm32f4xx_spi.o(i.SPI_Init)
    i.SPI_InitCustomPinsCallback             0x08001708   Section        0  stm32f4_spi.o(i.SPI_InitCustomPinsCallback)
    i.SPI_Inits                              0x0800170c   Section        0  stm32f4_spi.o(i.SPI_Inits)
    i.SPI_Send                               0x080017d4   Section        0  stm32f4_ili9341.o(i.SPI_Send)
    SPI_Send                                 0x080017d5   Thumb Code    66  stm32f4_ili9341.o(i.SPI_Send)
    i.SPI_SetDataSize                        0x08001816   Section        0  stm32f4_spi.o(i.SPI_SetDataSize)
    i.SPI_StructInit                         0x08001846   Section        0  stm32f4xx_spi.o(i.SPI_StructInit)
    i.SPIx_Init                              0x08001860   Section        0  stm32f4_spi.o(i.SPIx_Init)
    SPIx_Init                                0x08001861   Thumb Code   334  stm32f4_spi.o(i.SPIx_Init)
    i.SVC_Handler                            0x080019cc   Section        0  stm32f4xx_it.o(i.SVC_Handler)
    i.SetSysClock                            0x080019d0   Section        0  system_stm32f4xx.o(i.SetSysClock)
    SetSysClock                              0x080019d1   Thumb Code   272  system_stm32f4xx.o(i.SetSysClock)
    i.SysTick_Handler                        0x08001af0   Section        0  stm32f4xx_it.o(i.SysTick_Handler)
    i.SystemInit                             0x08001af8   Section        0  system_stm32f4xx.o(i.SystemInit)
    i.UsageFault_Handler                     0x08001b60   Section        0  stm32f4xx_it.o(i.UsageFault_Handler)
    i.main                                   0x08001b64   Section        0  main.o(i.main)
    x$fpl$fpinit                             0x08001c5c   Section       10  fpinit.o(x$fpl$fpinit)
    $v0                                      0x08001c5c   Number         0  fpinit.o(x$fpl$fpinit)
    .constdata                               0x08001c66   Section       20  stm32f4_dma.o(.constdata)
    DMA_Flags_Bit_Pos                        0x08001c66   Data           4  stm32f4_dma.o(.constdata)
    DMA_IRQs                                 0x08001c6a   Data          16  stm32f4_dma.o(.constdata)
    .constdata                               0x08001c7a   Section    10260  stm32f4_fonts.o(.constdata)
    .data                                    0x20000000   Section       20  system_stm32f4xx.o(.data)
    .data                                    0x20000014   Section       16  stm32f4xx_rcc.o(.data)
    APBAHBPrescTable                         0x20000014   Data          16  stm32f4xx_rcc.o(.data)
    .data                                    0x20000024   Section       12  stm32f4_delay.o(.data)
    .data                                    0x20000030   Section       24  stm32f4_fonts.o(.data)
    .data                                    0x20000048   Section       11  stm32f4_ili9341.o(.data)
    .data                                    0x20000054   Section      144  stm32f4_spi_dma.o(.data)
    SPI1_DMA_INT                             0x20000054   Data          24  stm32f4_spi_dma.o(.data)
    SPI2_DMA_INT                             0x2000006c   Data          24  stm32f4_spi_dma.o(.data)
    SPI3_DMA_INT                             0x20000084   Data          24  stm32f4_spi_dma.o(.data)
    SPI4_DMA_INT                             0x2000009c   Data          24  stm32f4_spi_dma.o(.data)
    SPI5_DMA_INT                             0x200000b4   Data          24  stm32f4_spi_dma.o(.data)
    SPI6_DMA_INT                             0x200000cc   Data          24  stm32f4_spi_dma.o(.data)
    .bss                                     0x200000e4   Section       22  stm32f4_gpio.o(.bss)
    GPIO_UsedPins                            0x200000e4   Data          22  stm32f4_gpio.o(.bss)
    .bss                                     0x200000fc   Section       60  stm32f4_spi_dma.o(.bss)
    DMA_InitStruct                           0x200000fc   Data          60  stm32f4_spi_dma.o(.bss)
    .bss                                     0x20000138   Section       96  libspace.o(.bss)
    HEAP                                     0x20000198   Section      512  startup_stm32f429_439xx.o(HEAP)
    Heap_Mem                                 0x20000198   Data         512  startup_stm32f429_439xx.o(HEAP)
    STACK                                    0x20000398   Section     1024  startup_stm32f429_439xx.o(STACK)
    Stack_Mem                                0x20000398   Data        1024  startup_stm32f429_439xx.o(STACK)
    __initial_sp                             0x20000798   Data           0  startup_stm32f429_439xx.o(STACK)

    Global Symbols

    Symbol Name                              Value     Ov Type        Size  Object(Section)

    BuildAttributes$$THM_ISAv4$E$P$D$K$B$S$7EM$VFPi3$EXTD16$VFPS$VFMA$PE$A:L22UL41UL21$X:L11$S22US41US21$IEEE1$IW$USESV6$~STKCKD$USESV7$~SHL$OSPACE$ROPI$EBA8$UX$STANDARDLIB$REQ8$PRES8$EABIv2 0x00000000   Number         0  anon$$obj.o ABSOLUTE
    __ARM_use_no_argv                        0x00000000   Number         0  main.o ABSOLUTE
    __ARM_exceptions_init                     - Undefined Weak Reference
    __alloca_initialize                       - Undefined Weak Reference
    __arm_preinit_                            - Undefined Weak Reference
    __cpp_initialize__aeabi_                  - Undefined Weak Reference
    __cxa_finalize                            - Undefined Weak Reference
    __rt_locale                               - Undefined Weak Reference
    __sigvec_lookup                           - Undefined Weak Reference
    _atexit_init                              - Undefined Weak Reference
    _call_atexit_fns                          - Undefined Weak Reference
    _clock_init                               - Undefined Weak Reference
    _fp_trap_init                             - Undefined Weak Reference
    _fp_trap_shutdown                         - Undefined Weak Reference
    _get_lc_collate                           - Undefined Weak Reference
    _get_lc_ctype                             - Undefined Weak Reference
    _get_lc_monetary                          - Undefined Weak Reference
    _get_lc_numeric                           - Undefined Weak Reference
    _get_lc_time                              - Undefined Weak Reference
    _getenv_init                              - Undefined Weak Reference
    _handle_redirection                       - Undefined Weak Reference
    _init_alloc                               - Undefined Weak Reference
    _init_user_alloc                          - Undefined Weak Reference
    _initio                                   - Undefined Weak Reference
    _rand_init                                - Undefined Weak Reference
    _signal_finish                            - Undefined Weak Reference
    _signal_init                              - Undefined Weak Reference
    _terminate_alloc                          - Undefined Weak Reference
    _terminate_user_alloc                     - Undefined Weak Reference
    _terminateio                              - Undefined Weak Reference
    __Vectors_Size                           0x000001ac   Number         0  startup_stm32f429_439xx.o ABSOLUTE
    __Vectors                                0x08000000   Data           4  startup_stm32f429_439xx.o(RESET)
    __Vectors_End                            0x080001ac   Data           0  startup_stm32f429_439xx.o(RESET)
    __main                                   0x080001ad   Thumb Code     8  __main.o(!!!main)
    __scatterload                            0x080001b5   Thumb Code     0  __scatter.o(!!!scatter)
    __scatterload_rt2                        0x080001b5   Thumb Code    44  __scatter.o(!!!scatter)
    __scatterload_rt2_thumb_only             0x080001b5   Thumb Code     0  __scatter.o(!!!scatter)
    __scatterload_null                       0x080001c3   Thumb Code     0  __scatter.o(!!!scatter)
    __scatterload_copy                       0x080001e9   Thumb Code    26  __scatter_copy.o(!!handler_copy)
    __scatterload_zeroinit                   0x08000205   Thumb Code    28  __scatter_zi.o(!!handler_zi)
    __rt_lib_init                            0x08000221   Thumb Code     0  libinit.o(.ARM.Collect$$libinit$$00000000)
    __rt_lib_init_fp_1                       0x08000223   Thumb Code     0  libinit2.o(.ARM.Collect$$libinit$$00000001)
    __rt_lib_init_alloca_1                   0x08000227   Thumb Code     0  libinit2.o(.ARM.Collect$$libinit$$0000002E)
    __rt_lib_init_argv_1                     0x08000227   Thumb Code     0  libinit2.o(.ARM.Collect$$libinit$$0000002C)
    __rt_lib_init_atexit_1                   0x08000227   Thumb Code     0  libinit2.o(.ARM.Collect$$libinit$$0000001B)
    __rt_lib_init_clock_1                    0x08000227   Thumb Code     0  libinit2.o(.ARM.Collect$$libinit$$00000021)
    __rt_lib_init_cpp_1                      0x08000227   Thumb Code     0  libinit2.o(.ARM.Collect$$libinit$$00000032)
    __rt_lib_init_exceptions_1               0x08000227   Thumb Code     0  libinit2.o(.ARM.Collect$$libinit$$00000030)
    __rt_lib_init_fp_trap_1                  0x08000227   Thumb Code     0  libinit2.o(.ARM.Collect$$libinit$$0000001F)
    __rt_lib_init_getenv_1                   0x08000227   Thumb Code     0  libinit2.o(.ARM.Collect$$libinit$$00000023)
    __rt_lib_init_heap_1                     0x08000227   Thumb Code     0  libinit2.o(.ARM.Collect$$libinit$$0000000A)
    __rt_lib_init_lc_collate_1               0x08000227   Thumb Code     0  libinit2.o(.ARM.Collect$$libinit$$00000011)
    __rt_lib_init_lc_ctype_1                 0x08000227   Thumb Code     0  libinit2.o(.ARM.Collect$$libinit$$00000013)
    __rt_lib_init_lc_monetary_1              0x08000227   Thumb Code     0  libinit2.o(.ARM.Collect$$libinit$$00000015)
    __rt_lib_init_lc_numeric_1               0x08000227   Thumb Code     0  libinit2.o(.ARM.Collect$$libinit$$00000017)
    __rt_lib_init_lc_time_1                  0x08000227   Thumb Code     0  libinit2.o(.ARM.Collect$$libinit$$00000019)
    __rt_lib_init_preinit_1                  0x08000227   Thumb Code     0  libinit2.o(.ARM.Collect$$libinit$$00000004)
    __rt_lib_init_rand_1                     0x08000227   Thumb Code     0  libinit2.o(.ARM.Collect$$libinit$$0000000E)
    __rt_lib_init_return                     0x08000227   Thumb Code     0  libinit2.o(.ARM.Collect$$libinit$$00000033)
    __rt_lib_init_signal_1                   0x08000227   Thumb Code     0  libinit2.o(.ARM.Collect$$libinit$$0000001D)
    __rt_lib_init_stdio_1                    0x08000227   Thumb Code     0  libinit2.o(.ARM.Collect$$libinit$$00000025)
    __rt_lib_init_user_alloc_1               0x08000227   Thumb Code     0  libinit2.o(.ARM.Collect$$libinit$$0000000C)
    __rt_lib_shutdown                        0x08000229   Thumb Code     0  libshutdown.o(.ARM.Collect$$libshutdown$$00000000)
    __rt_lib_shutdown_cpp_1                  0x0800022b   Thumb Code     0  libshutdown2.o(.ARM.Collect$$libshutdown$$00000002)
    __rt_lib_shutdown_fp_trap_1              0x0800022b   Thumb Code     0  libshutdown2.o(.ARM.Collect$$libshutdown$$00000007)
    __rt_lib_shutdown_heap_1                 0x0800022b   Thumb Code     0  libshutdown2.o(.ARM.Collect$$libshutdown$$0000000F)
    __rt_lib_shutdown_return                 0x0800022b   Thumb Code     0  libshutdown2.o(.ARM.Collect$$libshutdown$$00000010)
    __rt_lib_shutdown_signal_1               0x0800022b   Thumb Code     0  libshutdown2.o(.ARM.Collect$$libshutdown$$0000000A)
    __rt_lib_shutdown_stdio_1                0x0800022b   Thumb Code     0  libshutdown2.o(.ARM.Collect$$libshutdown$$00000004)
    __rt_lib_shutdown_user_alloc_1           0x0800022b   Thumb Code     0  libshutdown2.o(.ARM.Collect$$libshutdown$$0000000C)
    __rt_entry                               0x0800022d   Thumb Code     0  __rtentry.o(.ARM.Collect$$rtentry$$00000000)
    __rt_entry_presh_1                       0x0800022d   Thumb Code     0  __rtentry2.o(.ARM.Collect$$rtentry$$00000002)
    __rt_entry_sh                            0x0800022d   Thumb Code     0  __rtentry4.o(.ARM.Collect$$rtentry$$00000004)
    __rt_entry_li                            0x08000233   Thumb Code     0  __rtentry2.o(.ARM.Collect$$rtentry$$0000000A)
    __rt_entry_postsh_1                      0x08000233   Thumb Code     0  __rtentry2.o(.ARM.Collect$$rtentry$$00000009)
    __rt_entry_main                          0x08000237   Thumb Code     0  __rtentry2.o(.ARM.Collect$$rtentry$$0000000D)
    __rt_entry_postli_1                      0x08000237   Thumb Code     0  __rtentry2.o(.ARM.Collect$$rtentry$$0000000C)
    __rt_exit                                0x0800023f   Thumb Code     0  rtexit.o(.ARM.Collect$$rtexit$$00000000)
    __rt_exit_ls                             0x08000241   Thumb Code     0  rtexit2.o(.ARM.Collect$$rtexit$$00000003)
    __rt_exit_prels_1                        0x08000241   Thumb Code     0  rtexit2.o(.ARM.Collect$$rtexit$$00000002)
    __rt_exit_exit                           0x08000245   Thumb Code     0  rtexit2.o(.ARM.Collect$$rtexit$$00000004)
    Reset_Handler                            0x0800024d   Thumb Code     8  startup_stm32f429_439xx.o(.text)
    ADC_IRQHandler                           0x08000267   Thumb Code     0  startup_stm32f429_439xx.o(.text)
    CAN1_RX0_IRQHandler                      0x08000267   Thumb Code     0  startup_stm32f429_439xx.o(.text)
    CAN1_RX1_IRQHandler                      0x08000267   Thumb Code     0  startup_stm32f429_439xx.o(.text)
    CAN1_SCE_IRQHandler                      0x08000267   Thumb Code     0  startup_stm32f429_439xx.o(.text)
    CAN1_TX_IRQHandler                       0x08000267   Thumb Code     0  startup_stm32f429_439xx.o(.text)
    CAN2_RX0_IRQHandler                      0x08000267   Thumb Code     0  startup_stm32f429_439xx.o(.text)
    CAN2_RX1_IRQHandler                      0x08000267   Thumb Code     0  startup_stm32f429_439xx.o(.text)
    CAN2_SCE_IRQHandler                      0x08000267   Thumb Code     0  startup_stm32f429_439xx.o(.text)
    CAN2_TX_IRQHandler                       0x08000267   Thumb Code     0  startup_stm32f429_439xx.o(.text)
    CRYP_IRQHandler                          0x08000267   Thumb Code     0  startup_stm32f429_439xx.o(.text)
    DCMI_IRQHandler                          0x08000267   Thumb Code     0  startup_stm32f429_439xx.o(.text)
    DMA2D_IRQHandler                         0x08000267   Thumb Code     0  startup_stm32f429_439xx.o(.text)
    ETH_IRQHandler                           0x08000267   Thumb Code     0  startup_stm32f429_439xx.o(.text)
    ETH_WKUP_IRQHandler                      0x08000267   Thumb Code     0  startup_stm32f429_439xx.o(.text)
    EXTI0_IRQHandler                         0x08000267   Thumb Code     0  startup_stm32f429_439xx.o(.text)
    EXTI15_10_IRQHandler                     0x08000267   Thumb Code     0  startup_stm32f429_439xx.o(.text)
    EXTI1_IRQHandler                         0x08000267   Thumb Code     0  startup_stm32f429_439xx.o(.text)
    EXTI2_IRQHandler                         0x08000267   Thumb Code     0  startup_stm32f429_439xx.o(.text)
    EXTI3_IRQHandler                         0x08000267   Thumb Code     0  startup_stm32f429_439xx.o(.text)
    EXTI4_IRQHandler                         0x08000267   Thumb Code     0  startup_stm32f429_439xx.o(.text)
    EXTI9_5_IRQHandler                       0x08000267   Thumb Code     0  startup_stm32f429_439xx.o(.text)
    FLASH_IRQHandler                         0x08000267   Thumb Code     0  startup_stm32f429_439xx.o(.text)
    FMC_IRQHandler                           0x08000267   Thumb Code     0  startup_stm32f429_439xx.o(.text)
    FPU_IRQHandler                           0x08000267   Thumb Code     0  startup_stm32f429_439xx.o(.text)
    HASH_RNG_IRQHandler                      0x08000267   Thumb Code     0  startup_stm32f429_439xx.o(.text)
    I2C1_ER_IRQHandler                       0x08000267   Thumb Code     0  startup_stm32f429_439xx.o(.text)
    I2C1_EV_IRQHandler                       0x08000267   Thumb Code     0  startup_stm32f429_439xx.o(.text)
    I2C2_ER_IRQHandler                       0x08000267   Thumb Code     0  startup_stm32f429_439xx.o(.text)
    I2C2_EV_IRQHandler                       0x08000267   Thumb Code     0  startup_stm32f429_439xx.o(.text)
    I2C3_ER_IRQHandler                       0x08000267   Thumb Code     0  startup_stm32f429_439xx.o(.text)
    I2C3_EV_IRQHandler                       0x08000267   Thumb Code     0  startup_stm32f429_439xx.o(.text)
    LTDC_ER_IRQHandler                       0x08000267   Thumb Code     0  startup_stm32f429_439xx.o(.text)
    LTDC_IRQHandler                          0x08000267   Thumb Code     0  startup_stm32f429_439xx.o(.text)
    OTG_FS_IRQHandler                        0x08000267   Thumb Code     0  startup_stm32f429_439xx.o(.text)
    OTG_FS_WKUP_IRQHandler                   0x08000267   Thumb Code     0  startup_stm32f429_439xx.o(.text)
    OTG_HS_EP1_IN_IRQHandler                 0x08000267   Thumb Code     0  startup_stm32f429_439xx.o(.text)
    OTG_HS_EP1_OUT_IRQHandler                0x08000267   Thumb Code     0  startup_stm32f429_439xx.o(.text)
    OTG_HS_IRQHandler                        0x08000267   Thumb Code     0  startup_stm32f429_439xx.o(.text)
    OTG_HS_WKUP_IRQHandler                   0x08000267   Thumb Code     0  startup_stm32f429_439xx.o(.text)
    PVD_IRQHandler                           0x08000267   Thumb Code     0  startup_stm32f429_439xx.o(.text)
    RCC_IRQHandler                           0x08000267   Thumb Code     0  startup_stm32f429_439xx.o(.text)
    RTC_Alarm_IRQHandler                     0x08000267   Thumb Code     0  startup_stm32f429_439xx.o(.text)
    RTC_WKUP_IRQHandler                      0x08000267   Thumb Code     0  startup_stm32f429_439xx.o(.text)
    SAI1_IRQHandler                          0x08000267   Thumb Code     0  startup_stm32f429_439xx.o(.text)
    SDIO_IRQHandler                          0x08000267   Thumb Code     0  startup_stm32f429_439xx.o(.text)
    SPI1_IRQHandler                          0x08000267   Thumb Code     0  startup_stm32f429_439xx.o(.text)
    SPI2_IRQHandler                          0x08000267   Thumb Code     0  startup_stm32f429_439xx.o(.text)
    SPI3_IRQHandler                          0x08000267   Thumb Code     0  startup_stm32f429_439xx.o(.text)
    SPI4_IRQHandler                          0x08000267   Thumb Code     0  startup_stm32f429_439xx.o(.text)
    SPI5_IRQHandler                          0x08000267   Thumb Code     0  startup_stm32f429_439xx.o(.text)
    SPI6_IRQHandler                          0x08000267   Thumb Code     0  startup_stm32f429_439xx.o(.text)
    TAMP_STAMP_IRQHandler                    0x08000267   Thumb Code     0  startup_stm32f429_439xx.o(.text)
    TIM1_BRK_TIM9_IRQHandler                 0x08000267   Thumb Code     0  startup_stm32f429_439xx.o(.text)
    TIM1_CC_IRQHandler                       0x08000267   Thumb Code     0  startup_stm32f429_439xx.o(.text)
    TIM1_TRG_COM_TIM11_IRQHandler            0x08000267   Thumb Code     0  startup_stm32f429_439xx.o(.text)
    TIM1_UP_TIM10_IRQHandler                 0x08000267   Thumb Code     0  startup_stm32f429_439xx.o(.text)
    TIM2_IRQHandler                          0x08000267   Thumb Code     0  startup_stm32f429_439xx.o(.text)
    TIM3_IRQHandler                          0x08000267   Thumb Code     0  startup_stm32f429_439xx.o(.text)
    TIM4_IRQHandler                          0x08000267   Thumb Code     0  startup_stm32f429_439xx.o(.text)
    TIM5_IRQHandler                          0x08000267   Thumb Code     0  startup_stm32f429_439xx.o(.text)
    TIM6_DAC_IRQHandler                      0x08000267   Thumb Code     0  startup_stm32f429_439xx.o(.text)
    TIM7_IRQHandler                          0x08000267   Thumb Code     0  startup_stm32f429_439xx.o(.text)
    TIM8_BRK_TIM12_IRQHandler                0x08000267   Thumb Code     0  startup_stm32f429_439xx.o(.text)
    TIM8_CC_IRQHandler                       0x08000267   Thumb Code     0  startup_stm32f429_439xx.o(.text)
    TIM8_TRG_COM_TIM14_IRQHandler            0x08000267   Thumb Code     0  startup_stm32f429_439xx.o(.text)
    TIM8_UP_TIM13_IRQHandler                 0x08000267   Thumb Code     0  startup_stm32f429_439xx.o(.text)
    UART4_IRQHandler                         0x08000267   Thumb Code     0  startup_stm32f429_439xx.o(.text)
    UART5_IRQHandler                         0x08000267   Thumb Code     0  startup_stm32f429_439xx.o(.text)
    UART7_IRQHandler                         0x08000267   Thumb Code     0  startup_stm32f429_439xx.o(.text)
    UART8_IRQHandler                         0x08000267   Thumb Code     0  startup_stm32f429_439xx.o(.text)
    USART1_IRQHandler                        0x08000267   Thumb Code     0  startup_stm32f429_439xx.o(.text)
    USART2_IRQHandler                        0x08000267   Thumb Code     0  startup_stm32f429_439xx.o(.text)
    USART3_IRQHandler                        0x08000267   Thumb Code     0  startup_stm32f429_439xx.o(.text)
    USART6_IRQHandler                        0x08000267   Thumb Code     0  startup_stm32f429_439xx.o(.text)
    WWDG_IRQHandler                          0x08000267   Thumb Code     0  startup_stm32f429_439xx.o(.text)
    __user_initial_stackheap                 0x08000269   Thumb Code     0  startup_stm32f429_439xx.o(.text)
    __use_two_region_memory                  0x0800028d   Thumb Code     2  heapauxi.o(.text)
    __rt_heap_escrow$2region                 0x0800028f   Thumb Code     2  heapauxi.o(.text)
    __rt_heap_expand$2region                 0x08000291   Thumb Code     2  heapauxi.o(.text)
    __user_setup_stackheap                   0x08000293   Thumb Code    74  sys_stackheap_outer.o(.text)
    exit                                     0x080002dd   Thumb Code    18  exit.o(.text)
    __user_libspace                          0x080002f1   Thumb Code     8  libspace.o(.text)
    __user_perproc_libspace                  0x080002f1   Thumb Code     0  libspace.o(.text)
    __user_perthread_libspace                0x080002f1   Thumb Code     0  libspace.o(.text)
    _sys_exit                                0x080002f9   Thumb Code     8  sys_exit.o(.text)
    __I$use$semihosting                      0x08000305   Thumb Code     0  use_no_semi.o(.text)
    __use_no_semihosting_swi                 0x08000305   Thumb Code     2  use_no_semi.o(.text)
    BusFault_Handler                         0x08000307   Thumb Code     4  stm32f4xx_it.o(i.BusFault_Handler)
    __semihosting_library_function           0x08000307   Thumb Code     0  indicate_semi.o(.text)
    DMA1_Stream0_IRQHandler                  0x0800030d   Thumb Code    10  stm32f4_dma.o(i.DMA1_Stream0_IRQHandler)
    DMA1_Stream1_IRQHandler                  0x0800031d   Thumb Code    10  stm32f4_dma.o(i.DMA1_Stream1_IRQHandler)
    DMA1_Stream2_IRQHandler                  0x0800032d   Thumb Code    10  stm32f4_dma.o(i.DMA1_Stream2_IRQHandler)
    DMA1_Stream3_IRQHandler                  0x0800033d   Thumb Code    10  stm32f4_dma.o(i.DMA1_Stream3_IRQHandler)
    DMA1_Stream4_IRQHandler                  0x0800034d   Thumb Code    10  stm32f4_dma.o(i.DMA1_Stream4_IRQHandler)
    DMA1_Stream5_IRQHandler                  0x0800035d   Thumb Code    10  stm32f4_dma.o(i.DMA1_Stream5_IRQHandler)
    DMA1_Stream6_IRQHandler                  0x0800036d   Thumb Code    10  stm32f4_dma.o(i.DMA1_Stream6_IRQHandler)
    DMA1_Stream7_IRQHandler                  0x0800037d   Thumb Code    10  stm32f4_dma.o(i.DMA1_Stream7_IRQHandler)
    DMA2_Stream0_IRQHandler                  0x0800038d   Thumb Code    10  stm32f4_dma.o(i.DMA2_Stream0_IRQHandler)
    DMA2_Stream1_IRQHandler                  0x0800039d   Thumb Code    10  stm32f4_dma.o(i.DMA2_Stream1_IRQHandler)
    DMA2_Stream2_IRQHandler                  0x080003ad   Thumb Code    10  stm32f4_dma.o(i.DMA2_Stream2_IRQHandler)
    DMA2_Stream3_IRQHandler                  0x080003bd   Thumb Code    10  stm32f4_dma.o(i.DMA2_Stream3_IRQHandler)
    DMA2_Stream4_IRQHandler                  0x080003cd   Thumb Code    10  stm32f4_dma.o(i.DMA2_Stream4_IRQHandler)
    DMA2_Stream5_IRQHandler                  0x080003dd   Thumb Code    10  stm32f4_dma.o(i.DMA2_Stream5_IRQHandler)
    DMA2_Stream6_IRQHandler                  0x080003ed   Thumb Code    10  stm32f4_dma.o(i.DMA2_Stream6_IRQHandler)
    DMA2_Stream7_IRQHandler                  0x080003fd   Thumb Code    10  stm32f4_dma.o(i.DMA2_Stream7_IRQHandler)
    DMA_Clear_Flag                           0x0800040d   Thumb Code    64  stm32f4_dma.o(i.DMA_Clear_Flag)
    DMA_DirectModeErrorHandler               0x08000459   Thumb Code     2  stm32f4_dma.o(i.DMA_DirectModeErrorHandler)
    DMA_FIFOErrorHandler                     0x0800045b   Thumb Code     2  stm32f4_dma.o(i.DMA_FIFOErrorHandler)
    DMA_GetFlags                             0x0800045d   Thumb Code    70  stm32f4_dma.o(i.DMA_GetFlags)
    DMA_HalfTransferCompleteHandler          0x080004b1   Thumb Code     2  stm32f4_dma.o(i.DMA_HalfTransferCompleteHandler)
    DMA_Init                                 0x08000531   Thumb Code    82  stm32f4xx_dma.o(i.DMA_Init)
    DMA_TransferCompleteHandler              0x08000589   Thumb Code     2  stm32f4_dma.o(i.DMA_TransferCompleteHandler)
    DMA_TransferErrorHandler                 0x0800058b   Thumb Code     2  stm32f4_dma.o(i.DMA_TransferErrorHandler)
    DebugMon_Handler                         0x0800058d   Thumb Code     2  stm32f4xx_it.o(i.DebugMon_Handler)
    Delay_Decrement                          0x08000591   Thumb Code    20  stm32f4_delay.o(i.Delay_Decrement)
    Delay_Init                               0x080005b1   Thumb Code   166  stm32f4_delay.o(i.Delay_Init)
    GPIO_GetPortSource                       0x08000671   Thumb Code    14  stm32f4_gpio.o(i.GPIO_GetPortSource)
    GPIO_INT_EnableClock                     0x08000681   Thumb Code    28  stm32f4_gpio.o(i.GPIO_INT_EnableClock)
    GPIO_INT_Init                            0x080006a1   Thumb Code   170  stm32f4_gpio.o(i.GPIO_INT_Init)
    GPIO_InitAlternate                       0x08000751   Thumb Code   110  stm32f4_gpio.o(i.GPIO_InitAlternate)
    GPIO_Inits                               0x080007bf   Thumb Code    48  stm32f4_gpio.o(i.GPIO_Inits)
    GPIO_ResetBits                           0x080007ef   Thumb Code     4  stm32f4xx_gpio.o(i.GPIO_ResetBits)
    GPIO_SetBits                             0x080007f3   Thumb Code     4  stm32f4xx_gpio.o(i.GPIO_SetBits)
    HardFault_Handler                        0x080007f7   Thumb Code     4  stm32f4xx_it.o(i.HardFault_Handler)
    ILI9341_Delay                            0x080007fb   Thumb Code    18  stm32f4_ili9341.o(i.ILI9341_Delay)
    ILI9341_DrawCircle                       0x0800080d   Thumb Code   260  stm32f4_ili9341.o(i.ILI9341_DrawCircle)
    ILI9341_DrawFilledCircle                 0x08000911   Thumb Code   334  stm32f4_ili9341.o(i.ILI9341_DrawFilledCircle)
    ILI9341_DrawFilledRectangle              0x08000a61   Thumb Code    66  stm32f4_ili9341.o(i.ILI9341_DrawFilledRectangle)
    ILI9341_DrawLine                         0x08000aa9   Thumb Code   268  stm32f4_ili9341.o(i.ILI9341_DrawLine)
    ILI9341_DrawPixel                        0x08000bb9   Thumb Code    42  stm32f4_ili9341.o(i.ILI9341_DrawPixel)
    ILI9341_DrawRectangle                    0x08000be3   Thumb Code    74  stm32f4_ili9341.o(i.ILI9341_DrawRectangle)
    ILI9341_Fill                             0x08000c2d   Thumb Code    28  stm32f4_ili9341.o(i.ILI9341_Fill)
    ILI9341_INT_Fill                         0x08000c4d   Thumb Code   160  stm32f4_ili9341.o(i.ILI9341_INT_Fill)
    ILI9341_Init                             0x08000cf9   Thumb Code   124  stm32f4_ili9341.o(i.ILI9341_Init)
    ILI9341_InitLCD                          0x08000d8d   Thumb Code   618  stm32f4_ili9341.o(i.ILI9341_InitLCD)
    ILI9341_Putc                             0x08001001   Thumb Code   186  stm32f4_ili9341.o(i.ILI9341_Putc)
    ILI9341_Puts                             0x080010c9   Thumb Code   118  stm32f4_ili9341.o(i.ILI9341_Puts)
    ILI9341_Rotate                           0x08001149   Thumb Code    96  stm32f4_ili9341.o(i.ILI9341_Rotate)
    ILI9341_SendCommand                      0x080011ad   Thumb Code    40  stm32f4_ili9341.o(i.ILI9341_SendCommand)
    ILI9341_SendData                         0x080011e1   Thumb Code    40  stm32f4_ili9341.o(i.ILI9341_SendData)
    ILI9341_SetCursorPosition                0x08001215   Thumb Code    76  stm32f4_ili9341.o(i.ILI9341_SetCursorPosition)
    MemManage_Handler                        0x08001261   Thumb Code     4  stm32f4xx_it.o(i.MemManage_Handler)
    NMI_Handler                              0x08001265   Thumb Code     2  stm32f4xx_it.o(i.NMI_Handler)
    PendSV_Handler                           0x08001267   Thumb Code     2  stm32f4xx_it.o(i.PendSV_Handler)
    RCC_GetClocksFreq                        0x08001269   Thumb Code   214  stm32f4xx_rcc.o(i.RCC_GetClocksFreq)
    SPI1_INT_InitPins                        0x08001351   Thumb Code    64  stm32f4_spi.o(i.SPI1_INT_InitPins)
    SPI2_INT_InitPins                        0x0800139d   Thumb Code   112  stm32f4_spi.o(i.SPI2_INT_InitPins)
    SPI3_INT_InitPins                        0x0800141d   Thumb Code    66  stm32f4_spi.o(i.SPI3_INT_InitPins)
    SPI4_INT_InitPins                        0x0800146d   Thumb Code    66  stm32f4_spi.o(i.SPI4_INT_InitPins)
    SPI5_INT_InitPins                        0x080014b9   Thumb Code    86  stm32f4_spi.o(i.SPI5_INT_InitPins)
    SPI6_INT_InitPins                        0x0800151d   Thumb Code    42  stm32f4_spi.o(i.SPI6_INT_InitPins)
    SPI_DMA_Init                             0x080015b5   Thumb Code   104  stm32f4_spi_dma.o(i.SPI_DMA_Init)
    SPI_DMA_SendHalfWord                     0x08001629   Thumb Code   110  stm32f4_spi_dma.o(i.SPI_DMA_SendHalfWord)
    SPI_DMA_Working                          0x0800169d   Thumb Code    48  stm32f4_spi_dma.o(i.SPI_DMA_Working)
    SPI_Init                                 0x080016cd   Thumb Code    60  stm32f4xx_spi.o(i.SPI_Init)
    SPI_InitCustomPinsCallback               0x08001709   Thumb Code     2  stm32f4_spi.o(i.SPI_InitCustomPinsCallback)
    SPI_Inits                                0x0800170d   Thumb Code   176  stm32f4_spi.o(i.SPI_Inits)
    SPI_SetDataSize                          0x08001817   Thumb Code    48  stm32f4_spi.o(i.SPI_SetDataSize)
    SPI_StructInit                           0x08001847   Thumb Code    24  stm32f4xx_spi.o(i.SPI_StructInit)
    SVC_Handler                              0x080019cd   Thumb Code     2  stm32f4xx_it.o(i.SVC_Handler)
    SysTick_Handler                          0x08001af1   Thumb Code     8  stm32f4xx_it.o(i.SysTick_Handler)
    SystemInit                               0x08001af9   Thumb Code    88  system_stm32f4xx.o(i.SystemInit)
    UsageFault_Handler                       0x08001b61   Thumb Code     4  stm32f4xx_it.o(i.UsageFault_Handler)
    main                                     0x08001b65   Thumb Code   176  main.o(i.main)
    _fp_init                                 0x08001c5d   Thumb Code    10  fpinit.o(x$fpl$fpinit)
    __fplib_config_fpu_vfp                   0x08001c65   Thumb Code     0  fpinit.o(x$fpl$fpinit)
    __fplib_config_pureend_doubles           0x08001c65   Thumb Code     0  fpinit.o(x$fpl$fpinit)
    Font7x10                                 0x08001c7a   Data        1900  stm32f4_fonts.o(.constdata)
    Font11x18                                0x080023e6   Data        3420  stm32f4_fonts.o(.constdata)
    Font16x26                                0x08003142   Data        4940  stm32f4_fonts.o(.constdata)
    Region$$Table$$Base                      0x08004490   Number         0  anon$$obj.o(Region$$Table)
    Region$$Table$$Limit                     0x080044b0   Number         0  anon$$obj.o(Region$$Table)
    SystemCoreClock                          0x20000000   Data           4  system_stm32f4xx.o(.data)
    AHBPrescTable                            0x20000004   Data          16  system_stm32f4xx.o(.data)
    msTime                                   0x20000024   Data           4  stm32f4_delay.o(.data)
    usTicks                                  0x20000028   Data           4  stm32f4_delay.o(.data)
    CycleCounter                             0x2000002c   Data           4  stm32f4_delay.o(.data)
    Font_7x10                                0x20000030   Data           8  stm32f4_fonts.o(.data)
    Font_11x18                               0x20000038   Data           8  stm32f4_fonts.o(.data)
    Font_16x26                               0x20000040   Data           8  stm32f4_fonts.o(.data)
    ILI9341_x                                0x20000048   Data           2  stm32f4_ili9341.o(.data)
    ILI9341_y                                0x2000004a   Data           2  stm32f4_ili9341.o(.data)
    ILI9341_Opts                             0x2000004c   Data           6  stm32f4_ili9341.o(.data)
    ILI9341_INT_CalledFromPuts               0x20000052   Data           1  stm32f4_ili9341.o(.data)
    __libspace_start                         0x20000138   Data          96  libspace.o(.bss)
    __temporary_stack_top$libspace           0x20000198   Data           0  libspace.o(.bss)



==============================================================================

Memory Map of the image

  Image Entry point : 0x080001ad

  Load Region LR_IROM1 (Base: 0x08000000, Size: 0x00004594, Max: 0x00200000, ABSOLUTE)

    Execution Region ER_IROM1 (Base: 0x08000000, Size: 0x000044b0, Max: 0x00200000, ABSOLUTE)

    Base Addr    Size         Type   Attr      Idx    E Section Name        Object

    0x08000000   0x000001ac   Data   RO          300    RESET               startup_stm32f429_439xx.o
    0x080001ac   0x00000008   Code   RO         1903  * !!!main             c_w.l(__main.o)
    0x080001b4   0x00000034   Code   RO         2060    !!!scatter          c_w.l(__scatter.o)
    0x080001e8   0x0000001a   Code   RO         2062    !!handler_copy      c_w.l(__scatter_copy.o)
    0x08000202   0x00000002   PAD
    0x08000204   0x0000001c   Code   RO         2064    !!handler_zi        c_w.l(__scatter_zi.o)
    0x08000220   0x00000002   Code   RO         1930    .ARM.Collect$$libinit$$00000000  c_w.l(libinit.o)
    0x08000222   0x00000004   Code   RO         1936    .ARM.Collect$$libinit$$00000001  c_w.l(libinit2.o)
    0x08000226   0x00000000   Code   RO         1939    .ARM.Collect$$libinit$$00000004  c_w.l(libinit2.o)
    0x08000226   0x00000000   Code   RO         1942    .ARM.Collect$$libinit$$0000000A  c_w.l(libinit2.o)
    0x08000226   0x00000000   Code   RO         1944    .ARM.Collect$$libinit$$0000000C  c_w.l(libinit2.o)
    0x08000226   0x00000000   Code   RO         1946    .ARM.Collect$$libinit$$0000000E  c_w.l(libinit2.o)
    0x08000226   0x00000000   Code   RO         1949    .ARM.Collect$$libinit$$00000011  c_w.l(libinit2.o)
    0x08000226   0x00000000   Code   RO         1951    .ARM.Collect$$libinit$$00000013  c_w.l(libinit2.o)
    0x08000226   0x00000000   Code   RO         1953    .ARM.Collect$$libinit$$00000015  c_w.l(libinit2.o)
    0x08000226   0x00000000   Code   RO         1955    .ARM.Collect$$libinit$$00000017  c_w.l(libinit2.o)
    0x08000226   0x00000000   Code   RO         1957    .ARM.Collect$$libinit$$00000019  c_w.l(libinit2.o)
    0x08000226   0x00000000   Code   RO         1959    .ARM.Collect$$libinit$$0000001B  c_w.l(libinit2.o)
    0x08000226   0x00000000   Code   RO         1961    .ARM.Collect$$libinit$$0000001D  c_w.l(libinit2.o)
    0x08000226   0x00000000   Code   RO         1963    .ARM.Collect$$libinit$$0000001F  c_w.l(libinit2.o)
    0x08000226   0x00000000   Code   RO         1965    .ARM.Collect$$libinit$$00000021  c_w.l(libinit2.o)
    0x08000226   0x00000000   Code   RO         1967    .ARM.Collect$$libinit$$00000023  c_w.l(libinit2.o)
    0x08000226   0x00000000   Code   RO         1969    .ARM.Collect$$libinit$$00000025  c_w.l(libinit2.o)
    0x08000226   0x00000000   Code   RO         1973    .ARM.Collect$$libinit$$0000002C  c_w.l(libinit2.o)
    0x08000226   0x00000000   Code   RO         1975    .ARM.Collect$$libinit$$0000002E  c_w.l(libinit2.o)
    0x08000226   0x00000000   Code   RO         1977    .ARM.Collect$$libinit$$00000030  c_w.l(libinit2.o)
    0x08000226   0x00000000   Code   RO         1979    .ARM.Collect$$libinit$$00000032  c_w.l(libinit2.o)
    0x08000226   0x00000002   Code   RO         1980    .ARM.Collect$$libinit$$00000033  c_w.l(libinit2.o)
    0x08000228   0x00000002   Code   RO         2000    .ARM.Collect$$libshutdown$$00000000  c_w.l(libshutdown.o)
    0x0800022a   0x00000000   Code   RO         2013    .ARM.Collect$$libshutdown$$00000002  c_w.l(libshutdown2.o)
    0x0800022a   0x00000000   Code   RO         2015    .ARM.Collect$$libshutdown$$00000004  c_w.l(libshutdown2.o)
    0x0800022a   0x00000000   Code   RO         2018    .ARM.Collect$$libshutdown$$00000007  c_w.l(libshutdown2.o)
    0x0800022a   0x00000000   Code   RO         2021    .ARM.Collect$$libshutdown$$0000000A  c_w.l(libshutdown2.o)
    0x0800022a   0x00000000   Code   RO         2023    .ARM.Collect$$libshutdown$$0000000C  c_w.l(libshutdown2.o)
    0x0800022a   0x00000000   Code   RO         2026    .ARM.Collect$$libshutdown$$0000000F  c_w.l(libshutdown2.o)
    0x0800022a   0x00000002   Code   RO         2027    .ARM.Collect$$libshutdown$$00000010  c_w.l(libshutdown2.o)
    0x0800022c   0x00000000   Code   RO         1905    .ARM.Collect$$rtentry$$00000000  c_w.l(__rtentry.o)
    0x0800022c   0x00000000   Code   RO         1907    .ARM.Collect$$rtentry$$00000002  c_w.l(__rtentry2.o)
    0x0800022c   0x00000006   Code   RO         1919    .ARM.Collect$$rtentry$$00000004  c_w.l(__rtentry4.o)
    0x08000232   0x00000000   Code   RO         1909    .ARM.Collect$$rtentry$$00000009  c_w.l(__rtentry2.o)
    0x08000232   0x00000004   Code   RO         1910    .ARM.Collect$$rtentry$$0000000A  c_w.l(__rtentry2.o)
    0x08000236   0x00000000   Code   RO         1912    .ARM.Collect$$rtentry$$0000000C  c_w.l(__rtentry2.o)
    0x08000236   0x00000008   Code   RO         1913    .ARM.Collect$$rtentry$$0000000D  c_w.l(__rtentry2.o)
    0x0800023e   0x00000002   Code   RO         1934    .ARM.Collect$$rtexit$$00000000  c_w.l(rtexit.o)
    0x08000240   0x00000000   Code   RO         1982    .ARM.Collect$$rtexit$$00000002  c_w.l(rtexit2.o)
    0x08000240   0x00000004   Code   RO         1983    .ARM.Collect$$rtexit$$00000003  c_w.l(rtexit2.o)
    0x08000244   0x00000006   Code   RO         1984    .ARM.Collect$$rtexit$$00000004  c_w.l(rtexit2.o)
    0x0800024a   0x00000002   PAD
    0x0800024c   0x00000040   Code   RO          301    .text               startup_stm32f429_439xx.o
    0x0800028c   0x00000006   Code   RO         1901    .text               c_w.l(heapauxi.o)
    0x08000292   0x0000004a   Code   RO         1921    .text               c_w.l(sys_stackheap_outer.o)
    0x080002dc   0x00000012   Code   RO         1923    .text               c_w.l(exit.o)
    0x080002ee   0x00000002   PAD
    0x080002f0   0x00000008   Code   RO         1931    .text               c_w.l(libspace.o)
    0x080002f8   0x0000000c   Code   RO         1992    .text               c_w.l(sys_exit.o)
    0x08000304   0x00000002   Code   RO         2003    .text               c_w.l(use_no_semi.o)
    0x08000306   0x00000000   Code   RO         2005    .text               c_w.l(indicate_semi.o)
    0x08000306   0x00000004   Code   RO          185    i.BusFault_Handler  stm32f4xx_it.o
    0x0800030a   0x00000002   PAD
    0x0800030c   0x00000010   Code   RO         1303    i.DMA1_Stream0_IRQHandler  stm32f4_dma.o
    0x0800031c   0x00000010   Code   RO         1304    i.DMA1_Stream1_IRQHandler  stm32f4_dma.o
    0x0800032c   0x00000010   Code   RO         1305    i.DMA1_Stream2_IRQHandler  stm32f4_dma.o
    0x0800033c   0x00000010   Code   RO         1306    i.DMA1_Stream3_IRQHandler  stm32f4_dma.o
    0x0800034c   0x00000010   Code   RO         1307    i.DMA1_Stream4_IRQHandler  stm32f4_dma.o
    0x0800035c   0x00000010   Code   RO         1308    i.DMA1_Stream5_IRQHandler  stm32f4_dma.o
    0x0800036c   0x00000010   Code   RO         1309    i.DMA1_Stream6_IRQHandler  stm32f4_dma.o
    0x0800037c   0x00000010   Code   RO         1310    i.DMA1_Stream7_IRQHandler  stm32f4_dma.o
    0x0800038c   0x00000010   Code   RO         1311    i.DMA2_Stream0_IRQHandler  stm32f4_dma.o
    0x0800039c   0x00000010   Code   RO         1312    i.DMA2_Stream1_IRQHandler  stm32f4_dma.o
    0x080003ac   0x00000010   Code   RO         1313    i.DMA2_Stream2_IRQHandler  stm32f4_dma.o
    0x080003bc   0x00000010   Code   RO         1314    i.DMA2_Stream3_IRQHandler  stm32f4_dma.o
    0x080003cc   0x00000010   Code   RO         1315    i.DMA2_Stream4_IRQHandler  stm32f4_dma.o
    0x080003dc   0x00000010   Code   RO         1316    i.DMA2_Stream5_IRQHandler  stm32f4_dma.o
    0x080003ec   0x00000010   Code   RO         1317    i.DMA2_Stream6_IRQHandler  stm32f4_dma.o
    0x080003fc   0x00000010   Code   RO         1318    i.DMA2_Stream7_IRQHandler  stm32f4_dma.o
    0x0800040c   0x0000004c   Code   RO         1320    i.DMA_Clear_Flag    stm32f4_dma.o
    0x08000458   0x00000002   Code   RO         1321    i.DMA_DirectModeErrorHandler  stm32f4_dma.o
    0x0800045a   0x00000002   Code   RO         1324    i.DMA_FIFOErrorHandler  stm32f4_dma.o
    0x0800045c   0x00000054   Code   RO         1325    i.DMA_GetFlags      stm32f4_dma.o
    0x080004b0   0x00000002   Code   RO         1326    i.DMA_HalfTransferCompleteHandler  stm32f4_dma.o
    0x080004b2   0x0000007c   Code   RO         1327    i.DMA_INT_ProcessInterrupt  stm32f4_dma.o
    0x0800052e   0x00000002   PAD
    0x08000530   0x00000058   Code   RO          810    i.DMA_Init          stm32f4xx_dma.o
    0x08000588   0x00000002   Code   RO         1328    i.DMA_TransferCompleteHandler  stm32f4_dma.o
    0x0800058a   0x00000002   Code   RO         1329    i.DMA_TransferErrorHandler  stm32f4_dma.o
    0x0800058c   0x00000002   Code   RO          186    i.DebugMon_Handler  stm32f4xx_it.o
    0x0800058e   0x00000002   PAD
    0x08000590   0x00000020   Code   RO         1096    i.Delay_Decrement   stm32f4_delay.o
    0x080005b0   0x000000c0   Code   RO         1098    i.Delay_Init        stm32f4_delay.o
    0x08000670   0x0000000e   Code   RO         1190    i.GPIO_GetPortSource  stm32f4_gpio.o
    0x0800067e   0x00000002   PAD
    0x08000680   0x00000020   Code   RO         1193    i.GPIO_INT_EnableClock  stm32f4_gpio.o
    0x080006a0   0x000000b0   Code   RO         1194    i.GPIO_INT_Init     stm32f4_gpio.o
    0x08000750   0x0000006e   Code   RO         1195    i.GPIO_InitAlternate  stm32f4_gpio.o
    0x080007be   0x00000030   Code   RO         1196    i.GPIO_Inits        stm32f4_gpio.o
    0x080007ee   0x00000004   Code   RO          702    i.GPIO_ResetBits    stm32f4xx_gpio.o
    0x080007f2   0x00000004   Code   RO          703    i.GPIO_SetBits      stm32f4xx_gpio.o
    0x080007f6   0x00000004   Code   RO          187    i.HardFault_Handler  stm32f4xx_it.o
    0x080007fa   0x00000012   Code   RO         1522    i.ILI9341_Delay     stm32f4_ili9341.o
    0x0800080c   0x00000104   Code   RO         1525    i.ILI9341_DrawCircle  stm32f4_ili9341.o
    0x08000910   0x0000014e   Code   RO         1526    i.ILI9341_DrawFilledCircle  stm32f4_ili9341.o
    0x08000a5e   0x00000002   PAD
    0x08000a60   0x00000048   Code   RO         1527    i.ILI9341_DrawFilledRectangle  stm32f4_ili9341.o
    0x08000aa8   0x00000110   Code   RO         1528    i.ILI9341_DrawLine  stm32f4_ili9341.o
    0x08000bb8   0x0000002a   Code   RO         1529    i.ILI9341_DrawPixel  stm32f4_ili9341.o
    0x08000be2   0x0000004a   Code   RO         1530    i.ILI9341_DrawRectangle  stm32f4_ili9341.o
    0x08000c2c   0x00000020   Code   RO         1531    i.ILI9341_Fill      stm32f4_ili9341.o
    0x08000c4c   0x000000ac   Code   RO         1533    i.ILI9341_INT_Fill  stm32f4_ili9341.o
    0x08000cf8   0x00000094   Code   RO         1534    i.ILI9341_Init      stm32f4_ili9341.o
    0x08000d8c   0x00000274   Code   RO         1535    i.ILI9341_InitLCD   stm32f4_ili9341.o
    0x08001000   0x000000c8   Code   RO         1536    i.ILI9341_Putc      stm32f4_ili9341.o
    0x080010c8   0x00000080   Code   RO         1537    i.ILI9341_Puts      stm32f4_ili9341.o
    0x08001148   0x00000064   Code   RO         1538    i.ILI9341_Rotate    stm32f4_ili9341.o
    0x080011ac   0x00000034   Code   RO         1539    i.ILI9341_SendCommand  stm32f4_ili9341.o
    0x080011e0   0x00000034   Code   RO         1540    i.ILI9341_SendData  stm32f4_ili9341.o
    0x08001214   0x0000004c   Code   RO         1541    i.ILI9341_SetCursorPosition  stm32f4_ili9341.o
    0x08001260   0x00000004   Code   RO          188    i.MemManage_Handler  stm32f4xx_it.o
    0x08001264   0x00000002   Code   RO          189    i.NMI_Handler       stm32f4xx_it.o
    0x08001266   0x00000002   Code   RO          190    i.PendSV_Handler    stm32f4xx_it.o
    0x08001268   0x000000e8   Code   RO          377    i.RCC_GetClocksFreq  stm32f4xx_rcc.o
    0x08001350   0x0000004c   Code   RO         1674    i.SPI1_INT_InitPins  stm32f4_spi.o
    0x0800139c   0x00000080   Code   RO         1675    i.SPI2_INT_InitPins  stm32f4_spi.o
    0x0800141c   0x00000050   Code   RO         1676    i.SPI3_INT_InitPins  stm32f4_spi.o
    0x0800146c   0x0000004c   Code   RO         1677    i.SPI4_INT_InitPins  stm32f4_spi.o
    0x080014b8   0x00000064   Code   RO         1678    i.SPI5_INT_InitPins  stm32f4_spi.o
    0x0800151c   0x00000034   Code   RO         1679    i.SPI6_INT_InitPins  stm32f4_spi.o
    0x08001550   0x00000064   Code   RO         1810    i.SPI_DMA_INT_GetSettings  stm32f4_spi_dma.o
    0x080015b4   0x00000074   Code   RO         1811    i.SPI_DMA_Init      stm32f4_spi_dma.o
    0x08001628   0x00000074   Code   RO         1814    i.SPI_DMA_SendHalfWord  stm32f4_spi_dma.o
    0x0800169c   0x00000030   Code   RO         1816    i.SPI_DMA_Working   stm32f4_spi_dma.o
    0x080016cc   0x0000003c   Code   RO          947    i.SPI_Init          stm32f4xx_spi.o
    0x08001708   0x00000002   Code   RO         1681    i.SPI_InitCustomPinsCallback  stm32f4_spi.o
    0x0800170a   0x00000002   PAD
    0x0800170c   0x000000c8   Code   RO         1684    i.SPI_Inits         stm32f4_spi.o
    0x080017d4   0x00000042   Code   RO         1542    i.SPI_Send          stm32f4_ili9341.o
    0x08001816   0x00000030   Code   RO         1689    i.SPI_SetDataSize   stm32f4_spi.o
    0x08001846   0x00000018   Code   RO          950    i.SPI_StructInit    stm32f4xx_spi.o
    0x0800185e   0x00000002   PAD
    0x08001860   0x0000016c   Code   RO         1692    i.SPIx_Init         stm32f4_spi.o
    0x080019cc   0x00000002   Code   RO          191    i.SVC_Handler       stm32f4xx_it.o
    0x080019ce   0x00000002   PAD
    0x080019d0   0x00000120   Code   RO          260    i.SetSysClock       system_stm32f4xx.o
    0x08001af0   0x00000008   Code   RO          192    i.SysTick_Handler   stm32f4xx_it.o
    0x08001af8   0x00000068   Code   RO          262    i.SystemInit        system_stm32f4xx.o
    0x08001b60   0x00000004   Code   RO          193    i.UsageFault_Handler  stm32f4xx_it.o
    0x08001b64   0x000000f8   Code   RO            4    i.main              main.o
    0x08001c5c   0x0000000a   Code   RO         1990    x$fpl$fpinit        fz_wm.l(fpinit.o)
    0x08001c66   0x00000014   Data   RO         1330    .constdata          stm32f4_dma.o
    0x08001c7a   0x00002814   Data   RO         1489    .constdata          stm32f4_fonts.o
    0x0800448e   0x00000002   PAD
    0x08004490   0x00000020   Data   RO         2058    Region$$Table       anon$$obj.o


    Execution Region RW_IRAM1 (Base: 0x20000000, Size: 0x00000798, Max: 0x00030000, ABSOLUTE)

    Base Addr    Size         Type   Attr      Idx    E Section Name        Object

    0x20000000   0x00000014   Data   RW          263    .data               system_stm32f4xx.o
    0x20000014   0x00000010   Data   RW          409    .data               stm32f4xx_rcc.o
    0x20000024   0x0000000c   Data   RW         1102    .data               stm32f4_delay.o
    0x20000030   0x00000018   Data   RW         1490    .data               stm32f4_fonts.o
    0x20000048   0x0000000b   Data   RW         1543    .data               stm32f4_ili9341.o
    0x20000053   0x00000001   PAD
    0x20000054   0x00000090   Data   RW         1818    .data               stm32f4_spi_dma.o
    0x200000e4   0x00000016   Zero   RW         1203    .bss                stm32f4_gpio.o
    0x200000fa   0x00000002   PAD
    0x200000fc   0x0000003c   Zero   RW         1817    .bss                stm32f4_spi_dma.o
    0x20000138   0x00000060   Zero   RW         1932    .bss                c_w.l(libspace.o)
    0x20000198   0x00000200   Zero   RW          299    HEAP                startup_stm32f429_439xx.o
    0x20000398   0x00000400   Zero   RW          298    STACK               startup_stm32f429_439xx.o


==============================================================================

Image component sizes


      Code (inc. data)   RO Data    RW Data    ZI Data      Debug   Object Name

       248         72          0          0          0     295521   main.o
        64         26        428          0       1536        896   startup_stm32f429_439xx.o
       224         38          0         12          0      27980   stm32f4_delay.o
       550        122         20          0          0      12951   stm32f4_dma.o
         0          0      10260         24          0       1211   stm32f4_fonts.o
       380         10          0          0         22       4002   stm32f4_gpio.o
      2726        112          0         11          0      17042   stm32f4_ili9341.o
      1126        130          0          0          0       6427   stm32f4_spi.o
       380         66          0        144         60       3352   stm32f4_spi_dma.o
        88          6          0          0          0       1895   stm32f4xx_dma.o
         8          0          0          0          0       1572   stm32f4xx_gpio.o
        32          0          0          0          0       3954   stm32f4xx_it.o
       232         18          0         16          0       2984   stm32f4xx_rcc.o
        84          0          0          0          0       1848   stm32f4xx_spi.o
       392         32          0         20          0       1753   system_stm32f4xx.o

    ----------------------------------------------------------------------
      6550        632      10742        228       1620     383388   Object Totals
         0          0         32          0          0          0   (incl. Generated)
        16          0          2          1          2          0   (incl. Padding)

    ----------------------------------------------------------------------

      Code (inc. data)   RO Data    RW Data    ZI Data      Debug   Library Member Name

         8          0          0          0          0         68   __main.o
         0          0          0          0          0          0   __rtentry.o
        12          0          0          0          0          0   __rtentry2.o
         6          0          0          0          0          0   __rtentry4.o
        52          8          0          0          0          0   __scatter.o
        26          0          0          0          0          0   __scatter_copy.o
        28          0          0          0          0          0   __scatter_zi.o
        18          0          0          0          0         80   exit.o
         6          0          0          0          0        152   heapauxi.o
         0          0          0          0          0          0   indicate_semi.o
         2          0          0          0          0          0   libinit.o
         6          0          0          0          0          0   libinit2.o
         2          0          0          0          0          0   libshutdown.o
         2          0          0          0          0          0   libshutdown2.o
         8          4          0          0         96         68   libspace.o
         2          0          0          0          0          0   rtexit.o
        10          0          0          0          0          0   rtexit2.o
        12          4          0          0          0         68   sys_exit.o
        74          0          0          0          0         80   sys_stackheap_outer.o
         2          0          0          0          0         68   use_no_semi.o
        10          0          0          0          0        116   fpinit.o

    ----------------------------------------------------------------------
       292         16          0          0         96        700   Library Totals
         6          0          0          0          0          0   (incl. Padding)

    ----------------------------------------------------------------------

      Code (inc. data)   RO Data    RW Data    ZI Data      Debug   Library Name

       276         16          0          0         96        584   c_w.l
        10          0          0          0          0        116   fz_wm.l

    ----------------------------------------------------------------------
       292         16          0          0         96        700   Library Totals

    ----------------------------------------------------------------------

==============================================================================


      Code (inc. data)   RO Data    RW Data    ZI Data      Debug   

      6842        648      10742        228       1716     376432   Grand Totals
      6842        648      10742        228       1716     376432   ELF Image Totals
      6842        648      10742        228          0          0   ROM Totals

==============================================================================

    Total RO  Size (Code + RO Data)                17584 (  17.17kB)
    Total RW  Size (RW Data + ZI Data)              1944 (   1.90kB)
    Total ROM Size (Code + RO Data + RW Data)      17812 (  17.39kB)

==============================================================================

