Component: ARM Compiler 5.06 update 3 (build 300) Tool: armlink [4d35c9]

==============================================================================

Section Cross References

    main.o(i.main) refers to _printf_pad.o(.text) for _printf_pre_padding
    main.o(i.main) refers to _printf_percent.o(.ARM.Collect$$_printf_percent$$00000000) for _printf_percent
    main.o(i.main) refers to _printf_d.o(.ARM.Collect$$_printf_percent$$00000009) for _printf_d
    main.o(i.main) refers to _printf_dec.o(.text) for _printf_int_dec
    main.o(i.main) refers to system_stm32f4xx.o(i.SystemInit) for SystemInit
    main.o(i.main) refers to stm32f4_ili9341.o(i.ILI9341_Init) for ILI9341_Init
    main.o(i.main) refers to stm32f4_ili9341.o(i.ILI9341_Rotate) for ILI9341_Rotate
    main.o(i.main) refers to stm32f4_ili9341.o(i.ILI9341_Fill) for ILI9341_Fill
    main.o(i.main) refers to stm32f4_stmpe811.o(i.STMPE811_Init) for STMPE811_Init
    main.o(i.main) refers to stm32f4_ili9341.o(i.ILI9341_Puts) for ILI9341_Puts
    main.o(i.main) refers to stm32f4_stmpe811.o(i.STMPE811_ReadTouch) for STMPE811_ReadTouch
    main.o(i.main) refers to noretval__2sprintf.o(.text) for __2sprintf
    main.o(i.main) refers to stm32f4_ili9341.o(i.ILI9341_DrawPixel) for ILI9341_DrawPixel
    main.o(i.main) refers to stm32f4_fonts.o(.data) for Font_11x18
    stm32f4xx_it.o(i.SysTick_Handler) refers to stm32f4_delay.o(i.Delay_Decrement) for Delay_Decrement
    system_stm32f4xx.o(i.SystemCoreClockUpdate) refers to system_stm32f4xx.o(.data) for SystemCoreClock
    system_stm32f4xx.o(i.SystemInit) refers to system_stm32f4xx.o(i.SetSysClock) for SetSysClock
    startup_stm32f429_439xx.o(STACK) refers (Special) to heapauxi.o(.text) for __use_two_region_memory
    startup_stm32f429_439xx.o(HEAP) refers (Special) to heapauxi.o(.text) for __use_two_region_memory
    startup_stm32f429_439xx.o(RESET) refers (Special) to heapauxi.o(.text) for __use_two_region_memory
    startup_stm32f429_439xx.o(RESET) refers to startup_stm32f429_439xx.o(STACK) for __initial_sp
    startup_stm32f429_439xx.o(RESET) refers to startup_stm32f429_439xx.o(.text) for Reset_Handler
    startup_stm32f429_439xx.o(RESET) refers to stm32f4xx_it.o(i.NMI_Handler) for NMI_Handler
    startup_stm32f429_439xx.o(RESET) refers to stm32f4xx_it.o(i.HardFault_Handler) for HardFault_Handler
    startup_stm32f429_439xx.o(RESET) refers to stm32f4xx_it.o(i.MemManage_Handler) for MemManage_Handler
    startup_stm32f429_439xx.o(RESET) refers to stm32f4xx_it.o(i.BusFault_Handler) for BusFault_Handler
    startup_stm32f429_439xx.o(RESET) refers to stm32f4xx_it.o(i.UsageFault_Handler) for UsageFault_Handler
    startup_stm32f429_439xx.o(RESET) refers to stm32f4xx_it.o(i.SVC_Handler) for SVC_Handler
    startup_stm32f429_439xx.o(RESET) refers to stm32f4xx_it.o(i.DebugMon_Handler) for DebugMon_Handler
    startup_stm32f429_439xx.o(RESET) refers to stm32f4xx_it.o(i.PendSV_Handler) for PendSV_Handler
    startup_stm32f429_439xx.o(RESET) refers to stm32f4xx_it.o(i.SysTick_Handler) for SysTick_Handler
    startup_stm32f429_439xx.o(RESET) refers to stm32f4_dma.o(i.DMA1_Stream0_IRQHandler) for DMA1_Stream0_IRQHandler
    startup_stm32f429_439xx.o(RESET) refers to stm32f4_dma.o(i.DMA1_Stream1_IRQHandler) for DMA1_Stream1_IRQHandler
    startup_stm32f429_439xx.o(RESET) refers to stm32f4_dma.o(i.DMA1_Stream2_IRQHandler) for DMA1_Stream2_IRQHandler
    startup_stm32f429_439xx.o(RESET) refers to stm32f4_dma.o(i.DMA1_Stream3_IRQHandler) for DMA1_Stream3_IRQHandler
    startup_stm32f429_439xx.o(RESET) refers to stm32f4_dma.o(i.DMA1_Stream4_IRQHandler) for DMA1_Stream4_IRQHandler
    startup_stm32f429_439xx.o(RESET) refers to stm32f4_dma.o(i.DMA1_Stream5_IRQHandler) for DMA1_Stream5_IRQHandler
    startup_stm32f429_439xx.o(RESET) refers to stm32f4_dma.o(i.DMA1_Stream6_IRQHandler) for DMA1_Stream6_IRQHandler
    startup_stm32f429_439xx.o(RESET) refers to stm32f4_dma.o(i.DMA1_Stream7_IRQHandler) for DMA1_Stream7_IRQHandler
    startup_stm32f429_439xx.o(RESET) refers to stm32f4_dma.o(i.DMA2_Stream0_IRQHandler) for DMA2_Stream0_IRQHandler
    startup_stm32f429_439xx.o(RESET) refers to stm32f4_dma.o(i.DMA2_Stream1_IRQHandler) for DMA2_Stream1_IRQHandler
    startup_stm32f429_439xx.o(RESET) refers to stm32f4_dma.o(i.DMA2_Stream2_IRQHandler) for DMA2_Stream2_IRQHandler
    startup_stm32f429_439xx.o(RESET) refers to stm32f4_dma.o(i.DMA2_Stream3_IRQHandler) for DMA2_Stream3_IRQHandler
    startup_stm32f429_439xx.o(RESET) refers to stm32f4_dma.o(i.DMA2_Stream4_IRQHandler) for DMA2_Stream4_IRQHandler
    startup_stm32f429_439xx.o(RESET) refers to stm32f4_dma.o(i.DMA2_Stream5_IRQHandler) for DMA2_Stream5_IRQHandler
    startup_stm32f429_439xx.o(RESET) refers to stm32f4_dma.o(i.DMA2_Stream6_IRQHandler) for DMA2_Stream6_IRQHandler
    startup_stm32f429_439xx.o(RESET) refers to stm32f4_dma.o(i.DMA2_Stream7_IRQHandler) for DMA2_Stream7_IRQHandler
[...]
    Removing stm32f4_fonts.o(.rev16_text), (4 bytes).
    Removing stm32f4_fonts.o(.revsh_text), (4 bytes).
    Removing stm32f4_fonts.o(.rrx_text), (6 bytes).
    Removing stm32f4_fonts.o(i.FontS_GetStringSize), (28 bytes).
    Removing stm32f4_ili9341.o(.rev16_text), (4 bytes).
    Removing stm32f4_ili9341.o(.revsh_text), (4 bytes).
    Removing stm32f4_ili9341.o(.rrx_text), (6 bytes).
    Removing stm32f4_ili9341.o(i.ILI9341_DisplayOff), (10 bytes).
    Removing stm32f4_ili9341.o(i.ILI9341_DisplayOn), (10 bytes).
    Removing stm32f4_ili9341.o(i.ILI9341_DrawCircle), (260 bytes).
    Removing stm32f4_ili9341.o(i.ILI9341_DrawFilledCircle), (334 bytes).
    Removing stm32f4_ili9341.o(i.ILI9341_DrawFilledRectangle), (72 bytes).
    Removing stm32f4_ili9341.o(i.ILI9341_DrawLine), (272 bytes).
    Removing stm32f4_ili9341.o(i.ILI9341_DrawRectangle), (74 bytes).
    Removing stm32f4_ili9341.o(i.ILI9341_GetStringSize), (28 bytes).
    Removing stm32f4_spi.o(.rev16_text), (4 bytes).
    Removing stm32f4_spi.o(.revsh_text), (4 bytes).
    Removing stm32f4_spi.o(.rrx_text), (6 bytes).
    Removing stm32f4_spi.o(i.SPI_GetPrescalerFromMaxFrequency), (104 bytes).
    Removing stm32f4_spi.o(i.SPI_InitFull), (164 bytes).
    Removing stm32f4_spi.o(i.SPI_InitWithMode), (204 bytes).
    Removing stm32f4_spi.o(i.SPI_ReadMulti), (78 bytes).
    Removing stm32f4_spi.o(i.SPI_ReadMulti16), (80 bytes).
    Removing stm32f4_spi.o(i.SPI_SendMulti), (80 bytes).
    Removing stm32f4_spi.o(i.SPI_SendMulti16), (84 bytes).
    Removing stm32f4_spi.o(i.SPI_WriteMulti), (78 bytes).
    Removing stm32f4_spi.o(i.SPI_WriteMulti16), (80 bytes).
    Removing stm32f4_spi_dma.o(.rev16_text), (4 bytes).
    Removing stm32f4_spi_dma.o(.revsh_text), (4 bytes).
    Removing stm32f4_spi_dma.o(.rrx_text), (6 bytes).
    Removing stm32f4_spi_dma.o(i.SPI_DMA_Deinit), (26 bytes).
    Removing stm32f4_spi_dma.o(i.SPI_DMA_DisableInterrupts), (26 bytes).
    Removing stm32f4_spi_dma.o(i.SPI_DMA_EnableInterrupts), (26 bytes).
    Removing stm32f4_spi_dma.o(i.SPI_DMA_GetStreamRX), (14 bytes).
    Removing stm32f4_spi_dma.o(i.SPI_DMA_GetStreamTX), (14 bytes).
    Removing stm32f4_spi_dma.o(i.SPI_DMA_InitWithStreamAndChannel), (44 bytes).
    Removing stm32f4_spi_dma.o(i.SPI_DMA_SendByte), (108 bytes).
    Removing stm32f4_spi_dma.o(i.SPI_DMA_Transmit), (208 bytes).
    Removing stm32f4_i2c.o(.rev16_text), (4 bytes).
    Removing stm32f4_i2c.o(.revsh_text), (4 bytes).
    Removing stm32f4_i2c.o(.rrx_text), (6 bytes).
    Removing stm32f4_i2c.o(i.I2C_IsDeviceConnected), (34 bytes).
    Removing stm32f4_i2c.o(i.I2C_ReadMultiNoRegister), (64 bytes).
    Removing stm32f4_i2c.o(i.I2C_ReadNoRegister), (30 bytes).
    Removing stm32f4_i2c.o(i.I2C_WriteMulti), (66 bytes).
    Removing stm32f4_i2c.o(i.I2C_WriteMultiNoRegister), (54 bytes).
    Removing stm32f4_i2c.o(i.I2C_WriteNoRegister), (36 bytes).
    Removing stm32f4_stmpe811.o(.rev16_text), (4 bytes).
    Removing stm32f4_stmpe811.o(.revsh_text), (4 bytes).
    Removing stm32f4_stmpe811.o(.rrx_text), (6 bytes).

250 unused section(s) (total 9186 bytes) removed from the image.

==============================================================================

Image Symbol Table

    Local Symbols

    Symbol Name                              Value     Ov Type        Size  Object(Section)

    ../clib/angel/boardlib.s                 0x00000000   Number         0  boardinit2.o ABSOLUTE
    ../clib/angel/boardlib.s                 0x00000000   Number         0  boardshut.o ABSOLUTE
    ../clib/angel/boardlib.s                 0x00000000   Number         0  boardinit3.o ABSOLUTE
    ../clib/angel/boardlib.s                 0x00000000   Number         0  boardinit1.o ABSOLUTE
    ../clib/angel/handlers.s                 0x00000000   Number         0  __scatter_zi.o ABSOLUTE
    ../clib/angel/handlers.s                 0x00000000   Number         0  __scatter_copy.o ABSOLUTE
    ../clib/angel/kernel.s                   0x00000000   Number         0  rtexit.o ABSOLUTE
    ../clib/angel/kernel.s                   0x00000000   Number         0  __rtentry4.o ABSOLUTE
    ../clib/angel/kernel.s                   0x00000000   Number         0  __rtentry2.o ABSOLUTE
    ../clib/angel/kernel.s                   0x00000000   Number         0  __rtentry.o ABSOLUTE
    ../clib/angel/kernel.s                   0x00000000   Number         0  rtexit2.o ABSOLUTE
    ../clib/angel/rt.s                       0x00000000   Number         0  rt_raise.o ABSOLUTE
    ../clib/angel/scatter.s                  0x00000000   Number         0  __scatter.o ABSOLUTE
    ../clib/angel/startup.s                  0x00000000   Number         0  __main.o ABSOLUTE
    ../clib/angel/sys.s                      0x00000000   Number         0  indicate_semi.o ABSOLUTE
    ../clib/angel/sys.s                      0x00000000   Number         0  sys_stackheap_outer.o ABSOLUTE
    ../clib/angel/sys.s                      0x00000000   Number         0  use_no_semi.o ABSOLUTE
    ../clib/angel/sys.s                      0x00000000   Number         0  libspace.o ABSOLUTE
    ../clib/angel/sysapp.c                   0x00000000   Number         0  sys_command.o ABSOLUTE
    ../clib/angel/sysapp.c                   0x00000000   Number         0  sys_exit.o ABSOLUTE
    ../clib/angel/sysapp.c                   0x00000000   Number         0  sys_wrch.o ABSOLUTE
    ../clib/armsys.c                         0x00000000   Number         0  argv_veneer.o ABSOLUTE
    ../clib/armsys.c                         0x00000000   Number         0  _get_argv_nomalloc.o ABSOLUTE
    ../clib/armsys.c                         0x00000000   Number         0  argv_veneer.o ABSOLUTE
    ../clib/armsys.c                         0x00000000   Number         0  no_argv.o ABSOLUTE
    ../clib/heapalloc.c                      0x00000000   Number         0  hrguard.o ABSOLUTE
    ../clib/heapaux.c                        0x00000000   Number         0  heapauxi.o ABSOLUTE
    ../clib/libinit.s                        0x00000000   Number         0  libshutdown2.o ABSOLUTE
    ../clib/libinit.s                        0x00000000   Number         0  libshutdown.o ABSOLUTE
    ../clib/libinit.s                        0x00000000   Number         0  libinit2.o ABSOLUTE
    ../clib/libinit.s                        0x00000000   Number         0  libinit.o ABSOLUTE
    ../clib/misc.s                           0x00000000   Number         0  printf_stubs.o ABSOLUTE
    ../clib/printf.c                         0x00000000   Number         0  __printf.o ABSOLUTE
    ../clib/printf.c                         0x00000000   Number         0  _printf_pad.o ABSOLUTE
    ../clib/printf.c                         0x00000000   Number         0  _printf_dec.o ABSOLUTE
    ../clib/printf.c                         0x00000000   Number         0  __printf_flags.o ABSOLUTE
    ../clib/printf.c                         0x00000000   Number         0  __printf_ss.o ABSOLUTE
    ../clib/printf.c                         0x00000000   Number         0  __printf_flags_ss.o ABSOLUTE
    ../clib/printf.c                         0x00000000   Number         0  __printf_wp.o ABSOLUTE
    ../clib/printf.c                         0x00000000   Number         0  __printf_ss_wp.o ABSOLUTE
    ../clib/printf.c                         0x00000000   Number         0  __printf_flags_ss_wp.o ABSOLUTE
    ../clib/printf.c                         0x00000000   Number         0  _printf_intcommon.o ABSOLUTE
    ../clib/printf.c                         0x00000000   Number         0  _printf_char_common.o ABSOLUTE
    ../clib/printf.c                         0x00000000   Number         0  __printf_nopercent.o ABSOLUTE
    ../clib/printf.c                         0x00000000   Number         0  __printf_flags_wp.o ABSOLUTE
    ../clib/printf.c                         0x00000000   Number         0  __2sprintf.o ABSOLUTE
    ../clib/printf.c                         0x00000000   Number         0  noretval__2sprintf.o ABSOLUTE
    ../clib/printf.c                         0x00000000   Number         0  _sputc.o ABSOLUTE
    ../clib/printf_percent.s                 0x00000000   Number         0  _printf_d.o ABSOLUTE
    ../clib/printf_percent.s                 0x00000000   Number         0  _printf_percent.o ABSOLUTE
    ../clib/printf_percent.s                 0x00000000   Number         0  _printf_percent_end.o ABSOLUTE
    ../clib/signal.c                         0x00000000   Number         0  defsig_rtmem_formal.o ABSOLUTE
    ../clib/signal.c                         0x00000000   Number         0  defsig_segv_inner.o ABSOLUTE
    ../clib/signal.c                         0x00000000   Number         0  defsig_cppl_inner.o ABSOLUTE
    ../clib/signal.c                         0x00000000   Number         0  defsig_general.o ABSOLUTE
    ../clib/signal.c                         0x00000000   Number         0  defsig_pvfn_inner.o ABSOLUTE
    ../clib/signal.c                         0x00000000   Number         0  defsig_rtmem_outer.o ABSOLUTE
    ../clib/signal.c                         0x00000000   Number         0  defsig_stak_inner.o ABSOLUTE
    ../clib/signal.c                         0x00000000   Number         0  defsig_rtred_inner.o ABSOLUTE
    ../clib/signal.c                         0x00000000   Number         0  defsig_fpe_inner.o ABSOLUTE
    ../clib/signal.c                         0x00000000   Number         0  __raise.o ABSOLUTE
    ../clib/signal.c                         0x00000000   Number         0  defsig_abrt_inner.o ABSOLUTE
    ../clib/signal.c                         0x00000000   Number         0  defsig_rtmem_inner.o ABSOLUTE
    ../clib/signal.c                         0x00000000   Number         0  defsig_exit.o ABSOLUTE
    ../clib/signal.c                         0x00000000   Number         0  defsig_other.o ABSOLUTE
    ../clib/signal.s                         0x00000000   Number         0  defsig.o ABSOLUTE
    ../clib/stdlib.c                         0x00000000   Number         0  exit.o ABSOLUTE
    ../clib/string.c                         0x00000000   Number         0  strlen.o ABSOLUTE
    ../fplib/fpinit.s                        0x00000000   Number         0  fpinit.o ABSOLUTE
    ..\StdPeriph_Lib_V1.7.1\CMSIS\Device\Source\arm\startup_stm32f429_439xx.s 0x00000000   Number         0  startup_stm32f429_439xx.o ABSOLUTE
    ..\StdPeriph_Lib_V1.7.1\StdPeriph_Driver\src\misc.c 0x00000000   Number         0  misc.o ABSOLUTE
    ..\StdPeriph_Lib_V1.7.1\StdPeriph_Driver\src\stm32f4xx_dma.c 0x00000000   Number         0  stm32f4xx_dma.o ABSOLUTE
    ..\StdPeriph_Lib_V1.7.1\StdPeriph_Driver\src\stm32f4xx_gpio.c 0x00000000   Number         0  stm32f4xx_gpio.o ABSOLUTE
    ..\StdPeriph_Lib_V1.7.1\StdPeriph_Driver\src\stm32f4xx_i2c.c 0x00000000   Number         0  stm32f4xx_i2c.o ABSOLUTE
    ..\StdPeriph_Lib_V1.7.1\StdPeriph_Driver\src\stm32f4xx_rcc.c 0x00000000   Number         0  stm32f4xx_rcc.o ABSOLUTE
    ..\StdPeriph_Lib_V1.7.1\StdPeriph_Driver\src\stm32f4xx_spi.c 0x00000000   Number         0  stm32f4xx_spi.o ABSOLUTE
    ..\User\main.c                           0x00000000   Number         0  main.o ABSOLUTE
    ..\User\stm32f4xx_it.c                   0x00000000   Number         0  stm32f4xx_it.o ABSOLUTE
    ..\User\system_stm32f4xx.c               0x00000000   Number         0  system_stm32f4xx.o ABSOLUTE
    ..\Utilities\stm32f4_delay.c             0x00000000   Number         0  stm32f4_delay.o ABSOLUTE
    ..\Utilities\stm32f4_dma.c               0x00000000   Number         0  stm32f4_dma.o ABSOLUTE
    ..\Utilities\stm32f4_fonts.c             0x00000000   Number         0  stm32f4_fonts.o ABSOLUTE
    ..\Utilities\stm32f4_gpio.c              0x00000000   Number         0  stm32f4_gpio.o ABSOLUTE
    ..\Utilities\stm32f4_i2c.c               0x00000000   Number         0  stm32f4_i2c.o ABSOLUTE
    ..\Utilities\stm32f4_ili9341.c           0x00000000   Number         0  stm32f4_ili9341.o ABSOLUTE
    ..\Utilities\stm32f4_led.c               0x00000000   Number         0  stm32f4_led.o ABSOLUTE
    ..\Utilities\stm32f4_spi.c               0x00000000   Number         0  stm32f4_spi.o ABSOLUTE
    ..\Utilities\stm32f4_spi_dma.c           0x00000000   Number         0  stm32f4_spi_dma.o ABSOLUTE
    ..\Utilities\stm32f4_stmpe811.c          0x00000000   Number         0  stm32f4_stmpe811.o ABSOLUTE
    ..\\StdPeriph_Lib_V1.7.1\\StdPeriph_Driver\\src\\misc.c 0x00000000   Number         0  misc.o ABSOLUTE
    ..\\StdPeriph_Lib_V1.7.1\\StdPeriph_Driver\\src\\stm32f4xx_dma.c 0x00000000   Number         0  stm32f4xx_dma.o ABSOLUTE
    ..\\StdPeriph_Lib_V1.7.1\\StdPeriph_Driver\\src\\stm32f4xx_gpio.c 0x00000000   Number         0  stm32f4xx_gpio.o ABSOLUTE
    ..\\StdPeriph_Lib_V1.7.1\\StdPeriph_Driver\\src\\stm32f4xx_i2c.c 0x00000000   Number         0  stm32f4xx_i2c.o ABSOLUTE
    ..\\StdPeriph_Lib_V1.7.1\\StdPeriph_Driver\\src\\stm32f4xx_rcc.c 0x00000000   Number         0  stm32f4xx_rcc.o ABSOLUTE
    ..\\StdPeriph_Lib_V1.7.1\\StdPeriph_Driver\\src\\stm32f4xx_spi.c 0x00000000   Number         0  stm32f4xx_spi.o ABSOLUTE
    ..\\User\\main.c                         0x00000000   Number         0  main.o ABSOLUTE
    ..\\User\\stm32f4xx_it.c                 0x00000000   Number         0  stm32f4xx_it.o ABSOLUTE
    ..\\User\\system_stm32f4xx.c             0x00000000   Number         0  system_stm32f4xx.o ABSOLUTE
    ..\\Utilities\\stm32f4_delay.c           0x00000000   Number         0  stm32f4_delay.o ABSOLUTE
    ..\\Utilities\\stm32f4_dma.c             0x00000000   Number         0  stm32f4_dma.o ABSOLUTE
    ..\\Utilities\\stm32f4_fonts.c           0x00000000   Number         0  stm32f4_fonts.o ABSOLUTE
    ..\\Utilities\\stm32f4_gpio.c            0x00000000   Number         0  stm32f4_gpio.o ABSOLUTE
    ..\\Utilities\\stm32f4_i2c.c             0x00000000   Number         0  stm32f4_i2c.o ABSOLUTE
    ..\\Utilities\\stm32f4_ili9341.c         0x00000000   Number         0  stm32f4_ili9341.o ABSOLUTE
    ..\\Utilities\\stm32f4_led.c             0x00000000   Number         0  stm32f4_led.o ABSOLUTE
    ..\\Utilities\\stm32f4_spi.c             0x00000000   Number         0  stm32f4_spi.o ABSOLUTE
    ..\\Utilities\\stm32f4_spi_dma.c         0x00000000   Number         0  stm32f4_spi_dma.o ABSOLUTE
    ..\\Utilities\\stm32f4_stmpe811.c        0x00000000   Number         0  stm32f4_stmpe811.o ABSOLUTE
    dc.s                                     0x00000000   Number         0  dc.o ABSOLUTE
    RESET                                    0x08000000   Section      428  startup_stm32f429_439xx.o(RESET)
    !!!main                                  0x080001ac   Section        8  __main.o(!!!main)
    !!!scatter                               0x080001b4   Section       52  __scatter.o(!!!scatter)
    !!handler_copy                           0x080001e8   Section       26  __scatter_copy.o(!!handler_copy)
    !!handler_zi                             0x08000204   Section       28  __scatter_zi.o(!!handler_zi)
    .ARM.Collect$$_printf_percent$$00000000  0x08000220   Section        0  _printf_percent.o(.ARM.Collect$$_printf_percent$$00000000)
    .ARM.Collect$$_printf_percent$$00000009  0x08000220   Section        6  _printf_d.o(.ARM.Collect$$_printf_percent$$00000009)
    .ARM.Collect$$_printf_percent$$00000017  0x08000226   Section        4  _printf_percent_end.o(.ARM.Collect$$_printf_percent$$00000017)
    .ARM.Collect$$libinit$$00000000          0x0800022a   Section        2  libinit.o(.ARM.Collect$$libinit$$00000000)
    .ARM.Collect$$libinit$$00000001          0x0800022c   Section        4  libinit2.o(.ARM.Collect$$libinit$$00000001)
    .ARM.Collect$$libinit$$00000004          0x08000230   Section        0  libinit2.o(.ARM.Collect$$libinit$$00000004)
    .ARM.Collect$$libinit$$0000000A          0x08000230   Section        0  libinit2.o(.ARM.Collect$$libinit$$0000000A)
    .ARM.Collect$$libinit$$0000000C          0x08000230   Section        0  libinit2.o(.ARM.Collect$$libinit$$0000000C)
    .ARM.Collect$$libinit$$0000000E          0x08000230   Section        0  libinit2.o(.ARM.Collect$$libinit$$0000000E)
    .ARM.Collect$$libinit$$00000011          0x08000230   Section        0  libinit2.o(.ARM.Collect$$libinit$$00000011)
    .ARM.Collect$$libinit$$00000013          0x08000230   Section        0  libinit2.o(.ARM.Collect$$libinit$$00000013)
    .ARM.Collect$$libinit$$00000015          0x08000230   Section        0  libinit2.o(.ARM.Collect$$libinit$$00000015)
    .ARM.Collect$$libinit$$00000017          0x08000230   Section        0  libinit2.o(.ARM.Collect$$libinit$$00000017)
    .ARM.Collect$$libinit$$00000019          0x08000230   Section        0  libinit2.o(.ARM.Collect$$libinit$$00000019)
    .ARM.Collect$$libinit$$0000001B          0x08000230   Section        0  libinit2.o(.ARM.Collect$$libinit$$0000001B)
    .ARM.Collect$$libinit$$0000001D          0x08000230   Section        0  libinit2.o(.ARM.Collect$$libinit$$0000001D)
    .ARM.Collect$$libinit$$0000001F          0x08000230   Section        0  libinit2.o(.ARM.Collect$$libinit$$0000001F)
    .ARM.Collect$$libinit$$00000021          0x08000230   Section        0  libinit2.o(.ARM.Collect$$libinit$$00000021)
    .ARM.Collect$$libinit$$00000023          0x08000230   Section        0  libinit2.o(.ARM.Collect$$libinit$$00000023)
    .ARM.Collect$$libinit$$00000025          0x08000230   Section        0  libinit2.o(.ARM.Collect$$libinit$$00000025)
    .ARM.Collect$$libinit$$0000002C          0x08000230   Section        0  libinit2.o(.ARM.Collect$$libinit$$0000002C)
    .ARM.Collect$$libinit$$0000002E          0x08000230   Section        0  libinit2.o(.ARM.Collect$$libinit$$0000002E)
    .ARM.Collect$$libinit$$00000030          0x08000230   Section        0  libinit2.o(.ARM.Collect$$libinit$$00000030)
    .ARM.Collect$$libinit$$00000032          0x08000230   Section        0  libinit2.o(.ARM.Collect$$libinit$$00000032)
    .ARM.Collect$$libinit$$00000033          0x08000230   Section        2  libinit2.o(.ARM.Collect$$libinit$$00000033)
    .ARM.Collect$$libshutdown$$00000000      0x08000232   Section        2  libshutdown.o(.ARM.Collect$$libshutdown$$00000000)
    .ARM.Collect$$libshutdown$$00000002      0x08000234   Section        0  libshutdown2.o(.ARM.Collect$$libshutdown$$00000002)
    .ARM.Collect$$libshutdown$$00000004      0x08000234   Section        0  libshutdown2.o(.ARM.Collect$$libshutdown$$00000004)
    .ARM.Collect$$libshutdown$$00000007      0x08000234   Section        0  libshutdown2.o(.ARM.Collect$$libshutdown$$00000007)
    .ARM.Collect$$libshutdown$$0000000A      0x08000234   Section        0  libshutdown2.o(.ARM.Collect$$libshutdown$$0000000A)
    .ARM.Collect$$libshutdown$$0000000C      0x08000234   Section        0  libshutdown2.o(.ARM.Collect$$libshutdown$$0000000C)
    .ARM.Collect$$libshutdown$$0000000F      0x08000234   Section        0  libshutdown2.o(.ARM.Collect$$libshutdown$$0000000F)
    .ARM.Collect$$libshutdown$$00000010      0x08000234   Section        2  libshutdown2.o(.ARM.Collect$$libshutdown$$00000010)
    .ARM.Collect$$rtentry$$00000000          0x08000236   Section        0  __rtentry.o(.ARM.Collect$$rtentry$$00000000)
    .ARM.Collect$$rtentry$$00000002          0x08000236   Section        0  __rtentry2.o(.ARM.Collect$$rtentry$$00000002)
    .ARM.Collect$$rtentry$$00000004          0x08000236   Section        6  __rtentry4.o(.ARM.Collect$$rtentry$$00000004)
    .ARM.Collect$$rtentry$$00000009          0x0800023c   Section        0  __rtentry2.o(.ARM.Collect$$rtentry$$00000009)
    .ARM.Collect$$rtentry$$0000000A          0x0800023c   Section        4  __rtentry2.o(.ARM.Collect$$rtentry$$0000000A)
    .ARM.Collect$$rtentry$$0000000C          0x08000240   Section        0  __rtentry2.o(.ARM.Collect$$rtentry$$0000000C)
    .ARM.Collect$$rtentry$$0000000D          0x08000240   Section        8  __rtentry2.o(.ARM.Collect$$rtentry$$0000000D)
    .ARM.Collect$$rtexit$$00000000           0x08000248   Section        2  rtexit.o(.ARM.Collect$$rtexit$$00000000)
    .ARM.Collect$$rtexit$$00000002           0x0800024a   Section        0  rtexit2.o(.ARM.Collect$$rtexit$$00000002)
    .ARM.Collect$$rtexit$$00000003           0x0800024a   Section        4  rtexit2.o(.ARM.Collect$$rtexit$$00000003)
    .ARM.Collect$$rtexit$$00000004           0x0800024e   Section        6  rtexit2.o(.ARM.Collect$$rtexit$$00000004)
    .text                                    0x08000254   Section       64  startup_stm32f429_439xx.o(.text)
    $v0                                      0x08000254   Number         0  startup_stm32f429_439xx.o(.text)
    .text                                    0x08000294   Section        0  noretval__2sprintf.o(.text)
    .text                                    0x080002bc   Section        0  _printf_pad.o(.text)
    .text                                    0x0800030c   Section        0  _printf_dec.o(.text)
    .text                                    0x08000384   Section        0  __printf_flags_wp.o(.text)
    .text                                    0x080004bc   Section        0  heapauxi.o(.text)
    .text                                    0x080004c2   Section        0  _printf_intcommon.o(.text)
    .text                                    0x08000574   Section        0  _printf_char_common.o(.text)
    _printf_input_char                       0x08000575   Thumb Code    10  _printf_char_common.o(.text)
    .text                                    0x080005a4   Section        0  _sputc.o(.text)
    .text                                    0x080005ae   Section       74  sys_stackheap_outer.o(.text)
    .text                                    0x080005f8   Section        0  exit.o(.text)
    .text                                    0x0800060c   Section        8  libspace.o(.text)
    .text                                    0x08000614   Section        0  sys_exit.o(.text)
    .text                                    0x08000620   Section        2  use_no_semi.o(.text)
    .text                                    0x08000622   Section        0  indicate_semi.o(.text)
    i.BusFault_Handler                       0x08000622   Section        0  stm32f4xx_it.o(i.BusFault_Handler)
    i.DMA1_Stream0_IRQHandler                0x08000628   Section        0  stm32f4_dma.o(i.DMA1_Stream0_IRQHandler)
    i.DMA1_Stream1_IRQHandler                0x08000638   Section        0  stm32f4_dma.o(i.DMA1_Stream1_IRQHandler)
    i.DMA1_Stream2_IRQHandler                0x08000648   Section        0  stm32f4_dma.o(i.DMA1_Stream2_IRQHandler)
    i.DMA1_Stream3_IRQHandler                0x08000658   Section        0  stm32f4_dma.o(i.DMA1_Stream3_IRQHandler)
    i.DMA1_Stream4_IRQHandler                0x08000668   Section        0  stm32f4_dma.o(i.DMA1_Stream4_IRQHandler)
    i.DMA1_Stream5_IRQHandler                0x08000678   Section        0  stm32f4_dma.o(i.DMA1_Stream5_IRQHandler)
    i.DMA1_Stream6_IRQHandler                0x08000688   Section        0  stm32f4_dma.o(i.DMA1_Stream6_IRQHandler)
    i.DMA1_Stream7_IRQHandler                0x08000698   Section        0  stm32f4_dma.o(i.DMA1_Stream7_IRQHandler)
    i.DMA2_Stream0_IRQHandler                0x080006a8   Section        0  stm32f4_dma.o(i.DMA2_Stream0_IRQHandler)
    i.DMA2_Stream1_IRQHandler                0x080006b8   Section        0  stm32f4_dma.o(i.DMA2_Stream1_IRQHandler)
    i.DMA2_Stream2_IRQHandler                0x080006c8   Section        0  stm32f4_dma.o(i.DMA2_Stream2_IRQHandler)
    i.DMA2_Stream3_IRQHandler                0x080006d8   Section        0  stm32f4_dma.o(i.DMA2_Stream3_IRQHandler)
    i.DMA2_Stream4_IRQHandler                0x080006e8   Section        0  stm32f4_dma.o(i.DMA2_Stream4_IRQHandler)
    i.DMA2_Stream5_IRQHandler                0x080006f8   Section        0  stm32f4_dma.o(i.DMA2_Stream5_IRQHandler)
    i.DMA2_Stream6_IRQHandler                0x08000708   Section        0  stm32f4_dma.o(i.DMA2_Stream6_IRQHandler)
    i.DMA2_Stream7_IRQHandler                0x08000718   Section        0  stm32f4_dma.o(i.DMA2_Stream7_IRQHandler)
    i.DMA_Clear_Flag                         0x08000728   Section        0  stm32f4_dma.o(i.DMA_Clear_Flag)
    i.DMA_DirectModeErrorHandler             0x08000774   Section        0  stm32f4_dma.o(i.DMA_DirectModeErrorHandler)
    i.DMA_FIFOErrorHandler                   0x08000776   Section        0  stm32f4_dma.o(i.DMA_FIFOErrorHandler)
    i.DMA_GetFlags                           0x08000778   Section        0  stm32f4_dma.o(i.DMA_GetFlags)
    i.DMA_HalfTransferCompleteHandler        0x080007cc   Section        0  stm32f4_dma.o(i.DMA_HalfTransferCompleteHandler)
    i.DMA_INT_ProcessInterrupt               0x080007ce   Section        0  stm32f4_dma.o(i.DMA_INT_ProcessInterrupt)
    DMA_INT_ProcessInterrupt                 0x080007cf   Thumb Code   124  stm32f4_dma.o(i.DMA_INT_ProcessInterrupt)
    i.DMA_Init                               0x0800084c   Section        0  stm32f4xx_dma.o(i.DMA_Init)
    i.DMA_TransferCompleteHandler            0x080008a4   Section        0  stm32f4_dma.o(i.DMA_TransferCompleteHandler)
    i.DMA_TransferErrorHandler               0x080008a6   Section        0  stm32f4_dma.o(i.DMA_TransferErrorHandler)
    i.DebugMon_Handler                       0x080008a8   Section        0  stm32f4xx_it.o(i.DebugMon_Handler)
    i.Delay_Decrement                        0x080008ac   Section        0  stm32f4_delay.o(i.Delay_Decrement)
    i.Delay_GetTick                          0x080008cc   Section        0  stm32f4_delay.o(i.Delay_GetTick)
    i.Delay_Init                             0x080008d8   Section        0  stm32f4_delay.o(i.Delay_Init)
    i.GPIO_GetPortSource                     0x08000998   Section        0  stm32f4_gpio.o(i.GPIO_GetPortSource)
    i.GPIO_INT_EnableClock                   0x080009a8   Section        0  stm32f4_gpio.o(i.GPIO_INT_EnableClock)
    i.GPIO_INT_Init                          0x080009c8   Section        0  stm32f4_gpio.o(i.GPIO_INT_Init)
    i.GPIO_InitAlternate                     0x08000a78   Section        0  stm32f4_gpio.o(i.GPIO_InitAlternate)
    i.GPIO_Inits                             0x08000ae6   Section        0  stm32f4_gpio.o(i.GPIO_Inits)
    i.GPIO_ResetBits                         0x08000b16   Section        0  stm32f4xx_gpio.o(i.GPIO_ResetBits)
    i.GPIO_SetBits                           0x08000b1a   Section        0  stm32f4xx_gpio.o(i.GPIO_SetBits)
    i.HardFault_Handler                      0x08000b1e   Section        0  stm32f4xx_it.o(i.HardFault_Handler)
    i.I2C1_INT_InitPins                      0x08000b24   Section        0  stm32f4_i2c.o(i.I2C1_INT_InitPins)
    i.I2C2_INT_InitPins                      0x08000b88   Section        0  stm32f4_i2c.o(i.I2C2_INT_InitPins)
    i.I2C3_INT_InitPins                      0x08000bf4   Section        0  stm32f4_i2c.o(i.I2C3_INT_InitPins)
    i.I2C_CheckEvent                         0x08000c5c   Section        0  stm32f4xx_i2c.o(i.I2C_CheckEvent)
    i.I2C_Init                               0x08000c88   Section        0  stm32f4xx_i2c.o(i.I2C_Init)
    i.I2C_InitCustomPinsCallback             0x08000d70   Section        0  stm32f4_i2c.o(i.I2C_InitCustomPinsCallback)
    i.I2C_Inits                              0x08000d74   Section        0  stm32f4_i2c.o(i.I2C_Inits)
    i.I2C_Read                               0x08000e88   Section        0  stm32f4_i2c.o(i.I2C_Read)
    i.I2C_ReadAck                            0x08000ec8   Section        0  stm32f4_i2c.o(i.I2C_ReadAck)
    i.I2C_ReadMulti                          0x08000f0c   Section        0  stm32f4_i2c.o(i.I2C_ReadMulti)
    i.I2C_ReadNack                           0x08000f64   Section        0  stm32f4_i2c.o(i.I2C_ReadNack)
    i.I2C_Start                              0x08000fb0   Section        0  stm32f4_i2c.o(i.I2C_Start)
    i.I2C_Stop                               0x08001060   Section        0  stm32f4_i2c.o(i.I2C_Stop)
    i.I2C_Write                              0x080010a0   Section        0  stm32f4_i2c.o(i.I2C_Write)
    i.I2C_WriteData                          0x080010d4   Section        0  stm32f4_i2c.o(i.I2C_WriteData)
    i.ILI9341_Delay                          0x08001100   Section        0  stm32f4_ili9341.o(i.ILI9341_Delay)
    i.ILI9341_DrawPixel                      0x08001112   Section        0  stm32f4_ili9341.o(i.ILI9341_DrawPixel)
    i.ILI9341_Fill                           0x0800113c   Section        0  stm32f4_ili9341.o(i.ILI9341_Fill)
    i.ILI9341_INT_Fill                       0x0800115c   Section        0  stm32f4_ili9341.o(i.ILI9341_INT_Fill)
    i.ILI9341_Init                           0x08001208   Section        0  stm32f4_ili9341.o(i.ILI9341_Init)
    i.ILI9341_InitLCD                        0x0800129c   Section        0  stm32f4_ili9341.o(i.ILI9341_InitLCD)
    i.ILI9341_Putc                           0x08001510   Section        0  stm32f4_ili9341.o(i.ILI9341_Putc)
    i.ILI9341_Puts                           0x080015d8   Section        0  stm32f4_ili9341.o(i.ILI9341_Puts)
    i.ILI9341_Rotate                         0x08001658   Section        0  stm32f4_ili9341.o(i.ILI9341_Rotate)
    i.ILI9341_SendCommand                    0x080016bc   Section        0  stm32f4_ili9341.o(i.ILI9341_SendCommand)
    i.ILI9341_SendData                       0x080016f0   Section        0  stm32f4_ili9341.o(i.ILI9341_SendData)
    i.ILI9341_SetCursorPosition              0x08001724   Section        0  stm32f4_ili9341.o(i.ILI9341_SetCursorPosition)
    i.MemManage_Handler                      0x08001770   Section        0  stm32f4xx_it.o(i.MemManage_Handler)
    i.NMI_Handler                            0x08001774   Section        0  stm32f4xx_it.o(i.NMI_Handler)
    i.PendSV_Handler                         0x08001776   Section        0  stm32f4xx_it.o(i.PendSV_Handler)
    i.RCC_GetClocksFreq                      0x08001778   Section        0  stm32f4xx_rcc.o(i.RCC_GetClocksFreq)
    i.SPI1_INT_InitPins                      0x08001860   Section        0  stm32f4_spi.o(i.SPI1_INT_InitPins)
    i.SPI2_INT_InitPins                      0x080018ac   Section        0  stm32f4_spi.o(i.SPI2_INT_InitPins)
    i.SPI3_INT_InitPins                      0x0800192c   Section        0  stm32f4_spi.o(i.SPI3_INT_InitPins)
    i.SPI4_INT_InitPins                      0x0800197c   Section        0  stm32f4_spi.o(i.SPI4_INT_InitPins)
    i.SPI5_INT_InitPins                      0x080019c8   Section        0  stm32f4_spi.o(i.SPI5_INT_InitPins)
    i.SPI6_INT_InitPins                      0x08001a2c   Section        0  stm32f4_spi.o(i.SPI6_INT_InitPins)
    i.SPI_DMA_INT_GetSettings                0x08001a60   Section        0  stm32f4_spi_dma.o(i.SPI_DMA_INT_GetSettings)
    SPI_DMA_INT_GetSettings                  0x08001a61   Thumb Code    52  stm32f4_spi_dma.o(i.SPI_DMA_INT_GetSettings)
    i.SPI_DMA_Init                           0x08001ac4   Section        0  stm32f4_spi_dma.o(i.SPI_DMA_Init)
    i.SPI_DMA_SendHalfWord                   0x08001b38   Section        0  stm32f4_spi_dma.o(i.SPI_DMA_SendHalfWord)
    i.SPI_DMA_Working                        0x08001bac   Section        0  stm32f4_spi_dma.o(i.SPI_DMA_Working)
    i.SPI_Init                               0x08001bdc   Section        0  stm32f4xx_spi.o(i.SPI_Init)
    i.SPI_InitCustomPinsCallback             0x08001c18   Section        0  stm32f4_spi.o(i.SPI_InitCustomPinsCallback)
    i.SPI_Inits                              0x08001c1c   Section        0  stm32f4_spi.o(i.SPI_Inits)
    i.SPI_Send                               0x08001ce4   Section        0  stm32f4_ili9341.o(i.SPI_Send)
    SPI_Send                                 0x08001ce5   Thumb Code    66  stm32f4_ili9341.o(i.SPI_Send)
    i.SPI_SetDataSize                        0x08001d26   Section        0  stm32f4_spi.o(i.SPI_SetDataSize)
    i.SPI_StructInit                         0x08001d56   Section        0  stm32f4xx_spi.o(i.SPI_StructInit)
    i.SPIx_Init                              0x08001d70   Section        0  stm32f4_spi.o(i.SPIx_Init)
    SPIx_Init                                0x08001d71   Thumb Code   334  stm32f4_spi.o(i.SPIx_Init)
    i.STMPE811_Init                          0x08001edc   Section        0  stm32f4_stmpe811.o(i.STMPE811_Init)
    i.STMPE811_Read                          0x08002034   Section        0  stm32f4_stmpe811.o(i.STMPE811_Read)
    i.STMPE811_ReadTouch                     0x08002048   Section        0  stm32f4_stmpe811.o(i.STMPE811_ReadTouch)
    i.STMPE811_ReadX                         0x0800215c   Section        0  stm32f4_stmpe811.o(i.STMPE811_ReadX)
    i.STMPE811_ReadY                         0x080021ca   Section        0  stm32f4_stmpe811.o(i.STMPE811_ReadY)
    i.SVC_Handler                            0x08002228   Section        0  stm32f4xx_it.o(i.SVC_Handler)
    i.SetSysClock                            0x0800222c   Section        0  system_stm32f4xx.o(i.SetSysClock)
    SetSysClock                              0x0800222d   Thumb Code   272  system_stm32f4xx.o(i.SetSysClock)
    i.SysTick_Handler                        0x0800234c   Section        0  stm32f4xx_it.o(i.SysTick_Handler)
    i.SystemInit                             0x08002354   Section        0  system_stm32f4xx.o(i.SystemInit)
    i.UsageFault_Handler                     0x080023bc   Section        0  stm32f4xx_it.o(i.UsageFault_Handler)
    i._is_digit                              0x080023c0   Section        0  __printf_wp.o(i._is_digit)
    i.delay_ms                               0x080023ce   Section        0  stm32f4_delay.o(i.delay_ms)
    i.main                                   0x0800240c   Section        0  main.o(i.main)
    x$fpl$fpinit                             0x08002558   Section       10  fpinit.o(x$fpl$fpinit)
    $v0                                      0x08002558   Number         0  fpinit.o(x$fpl$fpinit)
    .constdata                               0x08002562   Section       20  stm32f4_dma.o(.constdata)
    DMA_Flags_Bit_Pos                        0x08002562   Data           4  stm32f4_dma.o(.constdata)
    DMA_IRQs                                 0x08002566   Data          16  stm32f4_dma.o(.constdata)
    .constdata                               0x08002576   Section    10260  stm32f4_fonts.o(.constdata)
    .constdata                               0x08004d8a   Section       17  __printf_flags_wp.o(.constdata)
    maptable                                 0x08004d8a   Data          17  __printf_flags_wp.o(.constdata)
    .data                                    0x20000000   Section       20  system_stm32f4xx.o(.data)
    .data                                    0x20000014   Section       16  stm32f4xx_rcc.o(.data)
    APBAHBPrescTable                         0x20000014   Data          16  stm32f4xx_rcc.o(.data)
    .data                                    0x20000024   Section       12  stm32f4_delay.o(.data)
    .data                                    0x20000030   Section       24  stm32f4_fonts.o(.data)
    .data                                    0x20000048   Section       11  stm32f4_ili9341.o(.data)
    .data                                    0x20000054   Section      144  stm32f4_spi_dma.o(.data)
    SPI1_DMA_INT                             0x20000054   Data          24  stm32f4_spi_dma.o(.data)
    SPI2_DMA_INT                             0x2000006c   Data          24  stm32f4_spi_dma.o(.data)
    SPI3_DMA_INT                             0x20000084   Data          24  stm32f4_spi_dma.o(.data)
    SPI4_DMA_INT                             0x2000009c   Data          24  stm32f4_spi_dma.o(.data)
    SPI5_DMA_INT                             0x200000b4   Data          24  stm32f4_spi_dma.o(.data)
    SPI6_DMA_INT                             0x200000cc   Data          24  stm32f4_spi_dma.o(.data)
    .data                                    0x200000e4   Section       16  stm32f4_i2c.o(.data)
    I2C_Timeout                              0x200000e4   Data           4  stm32f4_i2c.o(.data)
    I2C_INT_Clocks                           0x200000e8   Data          12  stm32f4_i2c.o(.data)
    .bss                                     0x200000f4   Section       22  stm32f4_gpio.o(.bss)
    GPIO_UsedPins                            0x200000f4   Data          22  stm32f4_gpio.o(.bss)
    .bss                                     0x2000010c   Section       60  stm32f4_spi_dma.o(.bss)
    DMA_InitStruct                           0x2000010c   Data          60  stm32f4_spi_dma.o(.bss)
    .bss                                     0x20000148   Section       96  libspace.o(.bss)
    HEAP                                     0x200001a8   Section      512  startup_stm32f429_439xx.o(HEAP)
    Heap_Mem                                 0x200001a8   Data         512  startup_stm32f429_439xx.o(HEAP)
    STACK                                    0x200003a8   Section     1024  startup_stm32f429_439xx.o(STACK)
    Stack_Mem                                0x200003a8   Data        1024  startup_stm32f429_439xx.o(STACK)
    __initial_sp                             0x200007a8   Data           0  startup_stm32f429_439xx.o(STACK)

    Global Symbols

    Symbol Name                              Value     Ov Type        Size  Object(Section)

    BuildAttributes$$THM_ISAv4$E$P$D$K$B$S$7EM$VFPi3$EXTD16$VFPS$VFMA$PE$A:L22UL41UL21$X:L11$S22US41US21$IEEE1$IW$USESV6$~STKCKD$USESV7$~SHL$OSPACE$ROPI$EBA8$UX$STANDARDLIB$REQ8$PRES8$EABIv2 0x00000000   Number         0  anon$$obj.o ABSOLUTE
    __ARM_use_no_argv                        0x00000000   Number         0  main.o ABSOLUTE
    _printf_flags                            0x00000000   Number         0  printf_stubs.o ABSOLUTE
    _printf_return_value                     0x00000000   Number         0  printf_stubs.o ABSOLUTE
    _printf_sizespec                         0x00000000   Number         0  printf_stubs.o ABSOLUTE
    _printf_widthprec                        0x00000000   Number         0  printf_stubs.o ABSOLUTE
    __ARM_exceptions_init                     - Undefined Weak Reference
    __alloca_initialize                       - Undefined Weak Reference
    __arm_preinit_                            - Undefined Weak Reference
    __cpp_initialize__aeabi_                  - Undefined Weak Reference
    __cxa_finalize                            - Undefined Weak Reference
    __rt_locale                               - Undefined Weak Reference
    __sigvec_lookup                           - Undefined Weak Reference
    _atexit_init                              - Undefined Weak Reference
    _call_atexit_fns                          - Undefined Weak Reference
    _clock_init                               - Undefined Weak Reference
    _fp_trap_init                             - Undefined Weak Reference
    _fp_trap_shutdown                         - Undefined Weak Reference
    _get_lc_collate                           - Undefined Weak Reference
    _get_lc_ctype                             - Undefined Weak Reference
    _get_lc_monetary                          - Undefined Weak Reference
    _get_lc_numeric                           - Undefined Weak Reference
    _get_lc_time                              - Undefined Weak Reference
    _getenv_init                              - Undefined Weak Reference
    _handle_redirection                       - Undefined Weak Reference
    _init_alloc                               - Undefined Weak Reference
    _init_user_alloc                          - Undefined Weak Reference
    _initio                                   - Undefined Weak Reference
    _printf_truncate_signed                   - Undefined Weak Reference
    _printf_truncate_unsigned                 - Undefined Weak Reference
    _rand_init                                - Undefined Weak Reference
    _signal_finish                            - Undefined Weak Reference
    _signal_init                              - Undefined Weak Reference
    _terminate_alloc                          - Undefined Weak Reference
    _terminate_user_alloc                     - Undefined Weak Reference
    _terminateio                              - Undefined Weak Reference
    __Vectors_Size                           0x000001ac   Number         0  startup_stm32f429_439xx.o ABSOLUTE
    __Vectors                                0x08000000   Data           4  startup_stm32f429_439xx.o(RESET)
    __Vectors_End                            0x080001ac   Data           0  startup_stm32f429_439xx.o(RESET)
    __main                                   0x080001ad   Thumb Code     8  __main.o(!!!main)
    __scatterload                            0x080001b5   Thumb Code     0  __scatter.o(!!!scatter)
    __scatterload_rt2                        0x080001b5   Thumb Code    44  __scatter.o(!!!scatter)
    __scatterload_rt2_thumb_only             0x080001b5   Thumb Code     0  __scatter.o(!!!scatter)
    __scatterload_null                       0x080001c3   Thumb Code     0  __scatter.o(!!!scatter)
    __scatterload_copy                       0x080001e9   Thumb Code    26  __scatter_copy.o(!!handler_copy)
    __scatterload_zeroinit                   0x08000205   Thumb Code    28  __scatter_zi.o(!!handler_zi)
    _printf_d                                0x08000221   Thumb Code     0  _printf_d.o(.ARM.Collect$$_printf_percent$$00000009)
    _printf_percent                          0x08000221   Thumb Code     0  _printf_percent.o(.ARM.Collect$$_printf_percent$$00000000)
    _printf_percent_end                      0x08000227   Thumb Code     0  _printf_percent_end.o(.ARM.Collect$$_printf_percent$$00000017)
    __rt_lib_init                            0x0800022b   Thumb Code     0  libinit.o(.ARM.Collect$$libinit$$00000000)
    __rt_lib_init_fp_1                       0x0800022d   Thumb Code     0  libinit2.o(.ARM.Collect$$libinit$$00000001)
    __rt_lib_init_alloca_1                   0x08000231   Thumb Code     0  libinit2.o(.ARM.Collect$$libinit$$0000002E)
    __rt_lib_init_argv_1                     0x08000231   Thumb Code     0  libinit2.o(.ARM.Collect$$libinit$$0000002C)
    __rt_lib_init_atexit_1                   0x08000231   Thumb Code     0  libinit2.o(.ARM.Collect$$libinit$$0000001B)
    __rt_lib_init_clock_1                    0x08000231   Thumb Code     0  libinit2.o(.ARM.Collect$$libinit$$00000021)
    __rt_lib_init_cpp_1                      0x08000231   Thumb Code     0  libinit2.o(.ARM.Collect$$libinit$$00000032)
    __rt_lib_init_exceptions_1               0x08000231   Thumb Code     0  libinit2.o(.ARM.Collect$$libinit$$00000030)
    __rt_lib_init_fp_trap_1                  0x08000231   Thumb Code     0  libinit2.o(.ARM.Collect$$libinit$$0000001F)
    __rt_lib_init_getenv_1                   0x08000231   Thumb Code     0  libinit2.o(.ARM.Collect$$libinit$$00000023)
    __rt_lib_init_heap_1                     0x08000231   Thumb Code     0  libinit2.o(.ARM.Collect$$libinit$$0000000A)
    __rt_lib_init_lc_collate_1               0x08000231   Thumb Code     0  libinit2.o(.ARM.Collect$$libinit$$00000011)
    __rt_lib_init_lc_ctype_1                 0x08000231   Thumb Code     0  libinit2.o(.ARM.Collect$$libinit$$00000013)
    __rt_lib_init_lc_monetary_1              0x08000231   Thumb Code     0  libinit2.o(.ARM.Collect$$libinit$$00000015)
    __rt_lib_init_lc_numeric_1               0x08000231   Thumb Code     0  libinit2.o(.ARM.Collect$$libinit$$00000017)
    __rt_lib_init_lc_time_1                  0x08000231   Thumb Code     0  libinit2.o(.ARM.Collect$$libinit$$00000019)
    __rt_lib_init_preinit_1                  0x08000231   Thumb Code     0  libinit2.o(.ARM.Collect$$libinit$$00000004)
    __rt_lib_init_rand_1                     0x08000231   Thumb Code     0  libinit2.o(.ARM.Collect$$libinit$$0000000E)
    __rt_lib_init_return                     0x08000231   Thumb Code     0  libinit2.o(.ARM.Collect$$libinit$$00000033)
    __rt_lib_init_signal_1                   0x08000231   Thumb Code     0  libinit2.o(.ARM.Collect$$libinit$$0000001D)
    __rt_lib_init_stdio_1                    0x08000231   Thumb Code     0  libinit2.o(.ARM.Collect$$libinit$$00000025)
    __rt_lib_init_user_alloc_1               0x08000231   Thumb Code     0  libinit2.o(.ARM.Collect$$libinit$$0000000C)
    __rt_lib_shutdown                        0x08000233   Thumb Code     0  libshutdown.o(.ARM.Collect$$libshutdown$$00000000)
    __rt_lib_shutdown_cpp_1                  0x08000235   Thumb Code     0  libshutdown2.o(.ARM.Collect$$libshutdown$$00000002)
    __rt_lib_shutdown_fp_trap_1              0x08000235   Thumb Code     0  libshutdown2.o(.ARM.Collect$$libshutdown$$00000007)
    __rt_lib_shutdown_heap_1                 0x08000235   Thumb Code     0  libshutdown2.o(.ARM.Collect$$libshutdown$$0000000F)
    __rt_lib_shutdown_return                 0x08000235   Thumb Code     0  libshutdown2.o(.ARM.Collect$$libshutdown$$00000010)
    __rt_lib_shutdown_signal_1               0x08000235   Thumb Code     0  libshutdown2.o(.ARM.Collect$$libshutdown$$0000000A)
    __rt_lib_shutdown_stdio_1                0x08000235   Thumb Code     0  libshutdown2.o(.ARM.Collect$$libshutdown$$00000004)
    __rt_lib_shutdown_user_alloc_1           0x08000235   Thumb Code     0  libshutdown2.o(.ARM.Collect$$libshutdown$$0000000C)
    __rt_entry                               0x08000237   Thumb Code     0  __rtentry.o(.ARM.Collect$$rtentry$$00000000)
    __rt_entry_presh_1                       0x08000237   Thumb Code     0  __rtentry2.o(.ARM.Collect$$rtentry$$00000002)
    __rt_entry_sh                            0x08000237   Thumb Code     0  __rtentry4.o(.ARM.Collect$$rtentry$$00000004)
    __rt_entry_li                            0x0800023d   Thumb Code     0  __rtentry2.o(.ARM.Collect$$rtentry$$0000000A)
    __rt_entry_postsh_1                      0x0800023d   Thumb Code     0  __rtentry2.o(.ARM.Collect$$rtentry$$00000009)
    __rt_entry_main                          0x08000241   Thumb Code     0  __rtentry2.o(.ARM.Collect$$rtentry$$0000000D)
    __rt_entry_postli_1                      0x08000241   Thumb Code     0  __rtentry2.o(.ARM.Collect$$rtentry$$0000000C)
    __rt_exit                                0x08000249   Thumb Code     0  rtexit.o(.ARM.Collect$$rtexit$$00000000)
    __rt_exit_ls                             0x0800024b   Thumb Code     0  rtexit2.o(.ARM.Collect$$rtexit$$00000003)
    __rt_exit_prels_1                        0x0800024b   Thumb Code     0  rtexit2.o(.ARM.Collect$$rtexit$$00000002)
    __rt_exit_exit                           0x0800024f   Thumb Code     0  rtexit2.o(.ARM.Collect$$rtexit$$00000004)
    Reset_Handler                            0x08000255   Thumb Code     8  startup_stm32f429_439xx.o(.text)
    ADC_IRQHandler                           0x0800026f   Thumb Code     0  startup_stm32f429_439xx.o(.text)
    CAN1_RX0_IRQHandler                      0x0800026f   Thumb Code     0  startup_stm32f429_439xx.o(.text)
    CAN1_RX1_IRQHandler                      0x0800026f   Thumb Code     0  startup_stm32f429_439xx.o(.text)
    CAN1_SCE_IRQHandler                      0x0800026f   Thumb Code     0  startup_stm32f429_439xx.o(.text)
    CAN1_TX_IRQHandler                       0x0800026f   Thumb Code     0  startup_stm32f429_439xx.o(.text)
    CAN2_RX0_IRQHandler                      0x0800026f   Thumb Code     0  startup_stm32f429_439xx.o(.text)
    CAN2_RX1_IRQHandler                      0x0800026f   Thumb Code     0  startup_stm32f429_439xx.o(.text)
    CAN2_SCE_IRQHandler                      0x0800026f   Thumb Code     0  startup_stm32f429_439xx.o(.text)
    CAN2_TX_IRQHandler                       0x0800026f   Thumb Code     0  startup_stm32f429_439xx.o(.text)
    CRYP_IRQHandler                          0x0800026f   Thumb Code     0  startup_stm32f429_439xx.o(.text)
    DCMI_IRQHandler                          0x0800026f   Thumb Code     0  startup_stm32f429_439xx.o(.text)
    DMA2D_IRQHandler                         0x0800026f   Thumb Code     0  startup_stm32f429_439xx.o(.text)
    ETH_IRQHandler                           0x0800026f   Thumb Code     0  startup_stm32f429_439xx.o(.text)
    ETH_WKUP_IRQHandler                      0x0800026f   Thumb Code     0  startup_stm32f429_439xx.o(.text)
    EXTI0_IRQHandler                         0x0800026f   Thumb Code     0  startup_stm32f429_439xx.o(.text)
    EXTI15_10_IRQHandler                     0x0800026f   Thumb Code     0  startup_stm32f429_439xx.o(.text)
    EXTI1_IRQHandler                         0x0800026f   Thumb Code     0  startup_stm32f429_439xx.o(.text)
    EXTI2_IRQHandler                         0x0800026f   Thumb Code     0  startup_stm32f429_439xx.o(.text)
    EXTI3_IRQHandler                         0x0800026f   Thumb Code     0  startup_stm32f429_439xx.o(.text)
    EXTI4_IRQHandler                         0x0800026f   Thumb Code     0  startup_stm32f429_439xx.o(.text)
    EXTI9_5_IRQHandler                       0x0800026f   Thumb Code     0  startup_stm32f429_439xx.o(.text)
    FLASH_IRQHandler                         0x0800026f   Thumb Code     0  startup_stm32f429_439xx.o(.text)
    FMC_IRQHandler                           0x0800026f   Thumb Code     0  startup_stm32f429_439xx.o(.text)
    FPU_IRQHandler                           0x0800026f   Thumb Code     0  startup_stm32f429_439xx.o(.text)
    HASH_RNG_IRQHandler                      0x0800026f   Thumb Code     0  startup_stm32f429_439xx.o(.text)
    I2C1_ER_IRQHandler                       0x0800026f   Thumb Code     0  startup_stm32f429_439xx.o(.text)
    I2C1_EV_IRQHandler                       0x0800026f   Thumb Code     0  startup_stm32f429_439xx.o(.text)
    I2C2_ER_IRQHandler                       0x0800026f   Thumb Code     0  startup_stm32f429_439xx.o(.text)
    I2C2_EV_IRQHandler                       0x0800026f   Thumb Code     0  startup_stm32f429_439xx.o(.text)
    I2C3_ER_IRQHandler                       0x0800026f   Thumb Code     0  startup_stm32f429_439xx.o(.text)
    I2C3_EV_IRQHandler                       0x0800026f   Thumb Code     0  startup_stm32f429_439xx.o(.text)
    LTDC_ER_IRQHandler                       0x0800026f   Thumb Code     0  startup_stm32f429_439xx.o(.text)
    LTDC_IRQHandler                          0x0800026f   Thumb Code     0  startup_stm32f429_439xx.o(.text)
    OTG_FS_IRQHandler                        0x0800026f   Thumb Code     0  startup_stm32f429_439xx.o(.text)
    OTG_FS_WKUP_IRQHandler                   0x0800026f   Thumb Code     0  startup_stm32f429_439xx.o(.text)
    OTG_HS_EP1_IN_IRQHandler                 0x0800026f   Thumb Code     0  startup_stm32f429_439xx.o(.text)
    OTG_HS_EP1_OUT_IRQHandler                0x0800026f   Thumb Code     0  startup_stm32f429_439xx.o(.text)
    OTG_HS_IRQHandler                        0x0800026f   Thumb Code     0  startup_stm32f429_439xx.o(.text)
    OTG_HS_WKUP_IRQHandler                   0x0800026f   Thumb Code     0  startup_stm32f429_439xx.o(.text)
    PVD_IRQHandler                           0x0800026f   Thumb Code     0  startup_stm32f429_439xx.o(.text)
    RCC_IRQHandler                           0x0800026f   Thumb Code     0  startup_stm32f429_439xx.o(.text)
    RTC_Alarm_IRQHandler                     0x0800026f   Thumb Code     0  startup_stm32f429_439xx.o(.text)
    RTC_WKUP_IRQHandler                      0x0800026f   Thumb Code     0  startup_stm32f429_439xx.o(.text)
    SAI1_IRQHandler                          0x0800026f   Thumb Code     0  startup_stm32f429_439xx.o(.text)
    SDIO_IRQHandler                          0x0800026f   Thumb Code     0  startup_stm32f429_439xx.o(.text)
    SPI1_IRQHandler                          0x0800026f   Thumb Code     0  startup_stm32f429_439xx.o(.text)
    SPI2_IRQHandler                          0x0800026f   Thumb Code     0  startup_stm32f429_439xx.o(.text)
    SPI3_IRQHandler                          0x0800026f   Thumb Code     0  startup_stm32f429_439xx.o(.text)
    SPI4_IRQHandler                          0x0800026f   Thumb Code     0  startup_stm32f429_439xx.o(.text)
    SPI5_IRQHandler                          0x0800026f   Thumb Code     0  startup_stm32f429_439xx.o(.text)
    SPI6_IRQHandler                          0x0800026f   Thumb Code     0  startup_stm32f429_439xx.o(.text)
    TAMP_STAMP_IRQHandler                    0x0800026f   Thumb Code     0  startup_stm32f429_439xx.o(.text)
    TIM1_BRK_TIM9_IRQHandler                 0x0800026f   Thumb Code     0  startup_stm32f429_439xx.o(.text)
    TIM1_CC_IRQHandler                       0x0800026f   Thumb Code     0  startup_stm32f429_439xx.o(.text)
    TIM1_TRG_COM_TIM11_IRQHandler            0x0800026f   Thumb Code     0  startup_stm32f429_439xx.o(.text)
    TIM1_UP_TIM10_IRQHandler                 0x0800026f   Thumb Code     0  startup_stm32f429_439xx.o(.text)
    TIM2_IRQHandler                          0x0800026f   Thumb Code     0  startup_stm32f429_439xx.o(.text)
    TIM3_IRQHandler                          0x0800026f   Thumb Code     0  startup_stm32f429_439xx.o(.text)
    TIM4_IRQHandler                          0x0800026f   Thumb Code     0  startup_stm32f429_439xx.o(.text)
    TIM5_IRQHandler                          0x0800026f   Thumb Code     0  startup_stm32f429_439xx.o(.text)
    TIM6_DAC_IRQHandler                      0x0800026f   Thumb Code     0  startup_stm32f429_439xx.o(.text)
    TIM7_IRQHandler                          0x0800026f   Thumb Code     0  startup_stm32f429_439xx.o(.text)
    TIM8_BRK_TIM12_IRQHandler                0x0800026f   Thumb Code     0  startup_stm32f429_439xx.o(.text)
    TIM8_CC_IRQHandler                       0x0800026f   Thumb Code     0  startup_stm32f429_439xx.o(.text)
    TIM8_TRG_COM_TIM14_IRQHandler            0x0800026f   Thumb Code     0  startup_stm32f429_439xx.o(.text)
    TIM8_UP_TIM13_IRQHandler                 0x0800026f   Thumb Code     0  startup_stm32f429_439xx.o(.text)
    UART4_IRQHandler                         0x0800026f   Thumb Code     0  startup_stm32f429_439xx.o(.text)
    UART5_IRQHandler                         0x0800026f   Thumb Code     0  startup_stm32f429_439xx.o(.text)
    UART7_IRQHandler                         0x0800026f   Thumb Code     0  startup_stm32f429_439xx.o(.text)
    UART8_IRQHandler                         0x0800026f   Thumb Code     0  startup_stm32f429_439xx.o(.text)
    USART1_IRQHandler                        0x0800026f   Thumb Code     0  startup_stm32f429_439xx.o(.text)
    USART2_IRQHandler                        0x0800026f   Thumb Code     0  startup_stm32f429_439xx.o(.text)
    USART3_IRQHandler                        0x0800026f   Thumb Code     0  startup_stm32f429_439xx.o(.text)
    USART6_IRQHandler                        0x0800026f   Thumb Code     0  startup_stm32f429_439xx.o(.text)
    WWDG_IRQHandler                          0x0800026f   Thumb Code     0  startup_stm32f429_439xx.o(.text)
    __user_initial_stackheap                 0x08000271   Thumb Code     0  startup_stm32f429_439xx.o(.text)
    __2sprintf                               0x08000295   Thumb Code    34  noretval__2sprintf.o(.text)
    _printf_pre_padding                      0x080002bd   Thumb Code    44  _printf_pad.o(.text)
    _printf_post_padding                     0x080002e9   Thumb Code    34  _printf_pad.o(.text)
    _printf_int_dec                          0x0800030d   Thumb Code   104  _printf_dec.o(.text)
    __printf                                 0x08000385   Thumb Code   308  __printf_flags_wp.o(.text)
    __use_two_region_memory                  0x080004bd   Thumb Code     2  heapauxi.o(.text)
    __rt_heap_escrow$2region                 0x080004bf   Thumb Code     2  heapauxi.o(.text)
    __rt_heap_expand$2region                 0x080004c1   Thumb Code     2  heapauxi.o(.text)
    _printf_int_common                       0x080004c3   Thumb Code   178  _printf_intcommon.o(.text)
    _printf_char_common                      0x0800057f   Thumb Code    32  _printf_char_common.o(.text)
    _sputc                                   0x080005a5   Thumb Code    10  _sputc.o(.text)
    __user_setup_stackheap                   0x080005af   Thumb Code    74  sys_stackheap_outer.o(.text)
    exit                                     0x080005f9   Thumb Code    18  exit.o(.text)
    __user_libspace                          0x0800060d   Thumb Code     8  libspace.o(.text)
    __user_perproc_libspace                  0x0800060d   Thumb Code     0  libspace.o(.text)
    __user_perthread_libspace                0x0800060d   Thumb Code     0  libspace.o(.text)
    _sys_exit                                0x08000615   Thumb Code     8  sys_exit.o(.text)
    __I$use$semihosting                      0x08000621   Thumb Code     0  use_no_semi.o(.text)
    __use_no_semihosting_swi                 0x08000621   Thumb Code     2  use_no_semi.o(.text)
    BusFault_Handler                         0x08000623   Thumb Code     4  stm32f4xx_it.o(i.BusFault_Handler)
    __semihosting_library_function           0x08000623   Thumb Code     0  indicate_semi.o(.text)
    DMA1_Stream0_IRQHandler                  0x08000629   Thumb Code    10  stm32f4_dma.o(i.DMA1_Stream0_IRQHandler)
    DMA1_Stream1_IRQHandler                  0x08000639   Thumb Code    10  stm32f4_dma.o(i.DMA1_Stream1_IRQHandler)
    DMA1_Stream2_IRQHandler                  0x08000649   Thumb Code    10  stm32f4_dma.o(i.DMA1_Stream2_IRQHandler)
    DMA1_Stream3_IRQHandler                  0x08000659   Thumb Code    10  stm32f4_dma.o(i.DMA1_Stream3_IRQHandler)
    DMA1_Stream4_IRQHandler                  0x08000669   Thumb Code    10  stm32f4_dma.o(i.DMA1_Stream4_IRQHandler)
    DMA1_Stream5_IRQHandler                  0x08000679   Thumb Code    10  stm32f4_dma.o(i.DMA1_Stream5_IRQHandler)
    DMA1_Stream6_IRQHandler                  0x08000689   Thumb Code    10  stm32f4_dma.o(i.DMA1_Stream6_IRQHandler)
    DMA1_Stream7_IRQHandler                  0x08000699   Thumb Code    10  stm32f4_dma.o(i.DMA1_Stream7_IRQHandler)
    DMA2_Stream0_IRQHandler                  0x080006a9   Thumb Code    10  stm32f4_dma.o(i.DMA2_Stream0_IRQHandler)
    DMA2_Stream1_IRQHandler                  0x080006b9   Thumb Code    10  stm32f4_dma.o(i.DMA2_Stream1_IRQHandler)
    DMA2_Stream2_IRQHandler                  0x080006c9   Thumb Code    10  stm32f4_dma.o(i.DMA2_Stream2_IRQHandler)
    DMA2_Stream3_IRQHandler                  0x080006d9   Thumb Code    10  stm32f4_dma.o(i.DMA2_Stream3_IRQHandler)
    DMA2_Stream4_IRQHandler                  0x080006e9   Thumb Code    10  stm32f4_dma.o(i.DMA2_Stream4_IRQHandler)
    DMA2_Stream5_IRQHandler                  0x080006f9   Thumb Code    10  stm32f4_dma.o(i.DMA2_Stream5_IRQHandler)
    DMA2_Stream6_IRQHandler                  0x08000709   Thumb Code    10  stm32f4_dma.o(i.DMA2_Stream6_IRQHandler)
    DMA2_Stream7_IRQHandler                  0x08000719   Thumb Code    10  stm32f4_dma.o(i.DMA2_Stream7_IRQHandler)
    DMA_Clear_Flag                           0x08000729   Thumb Code    64  stm32f4_dma.o(i.DMA_Clear_Flag)
    DMA_DirectModeErrorHandler               0x08000775   Thumb Code     2  stm32f4_dma.o(i.DMA_DirectModeErrorHandler)
    DMA_FIFOErrorHandler                     0x08000777   Thumb Code     2  stm32f4_dma.o(i.DMA_FIFOErrorHandler)
    DMA_GetFlags                             0x08000779   Thumb Code    70  stm32f4_dma.o(i.DMA_GetFlags)
    DMA_HalfTransferCompleteHandler          0x080007cd   Thumb Code     2  stm32f4_dma.o(i.DMA_HalfTransferCompleteHandler)
    DMA_Init                                 0x0800084d   Thumb Code    82  stm32f4xx_dma.o(i.DMA_Init)
    DMA_TransferCompleteHandler              0x080008a5   Thumb Code     2  stm32f4_dma.o(i.DMA_TransferCompleteHandler)
    DMA_TransferErrorHandler                 0x080008a7   Thumb Code     2  stm32f4_dma.o(i.DMA_TransferErrorHandler)
    DebugMon_Handler                         0x080008a9   Thumb Code     2  stm32f4xx_it.o(i.DebugMon_Handler)
    Delay_Decrement                          0x080008ad   Thumb Code    20  stm32f4_delay.o(i.Delay_Decrement)
    Delay_GetTick                            0x080008cd   Thumb Code     6  stm32f4_delay.o(i.Delay_GetTick)
    Delay_Init                               0x080008d9   Thumb Code   166  stm32f4_delay.o(i.Delay_Init)
    GPIO_GetPortSource                       0x08000999   Thumb Code    14  stm32f4_gpio.o(i.GPIO_GetPortSource)
    GPIO_INT_EnableClock                     0x080009a9   Thumb Code    28  stm32f4_gpio.o(i.GPIO_INT_EnableClock)
    GPIO_INT_Init                            0x080009c9   Thumb Code   170  stm32f4_gpio.o(i.GPIO_INT_Init)
    GPIO_InitAlternate                       0x08000a79   Thumb Code   110  stm32f4_gpio.o(i.GPIO_InitAlternate)
    GPIO_Inits                               0x08000ae7   Thumb Code    48  stm32f4_gpio.o(i.GPIO_Inits)
    GPIO_ResetBits                           0x08000b17   Thumb Code     4  stm32f4xx_gpio.o(i.GPIO_ResetBits)
    GPIO_SetBits                             0x08000b1b   Thumb Code     4  stm32f4xx_gpio.o(i.GPIO_SetBits)
    HardFault_Handler                        0x08000b1f   Thumb Code     4  stm32f4xx_it.o(i.HardFault_Handler)
    I2C1_INT_InitPins                        0x08000b25   Thumb Code    92  stm32f4_i2c.o(i.I2C1_INT_InitPins)
    I2C2_INT_InitPins                        0x08000b89   Thumb Code    90  stm32f4_i2c.o(i.I2C2_INT_InitPins)
    I2C3_INT_InitPins                        0x08000bf5   Thumb Code    86  stm32f4_i2c.o(i.I2C3_INT_InitPins)
    I2C_CheckEvent                           0x08000c5d   Thumb Code    42  stm32f4xx_i2c.o(i.I2C_CheckEvent)
    I2C_Init                                 0x08000c89   Thumb Code   218  stm32f4xx_i2c.o(i.I2C_Init)
    I2C_InitCustomPinsCallback               0x08000d71   Thumb Code     2  stm32f4_i2c.o(i.I2C_InitCustomPinsCallback)
    I2C_Inits                                0x08000d75   Thumb Code   254  stm32f4_i2c.o(i.I2C_Inits)
    I2C_Read                                 0x08000e89   Thumb Code    62  stm32f4_i2c.o(i.I2C_Read)
    I2C_ReadAck                              0x08000ec9   Thumb Code    58  stm32f4_i2c.o(i.I2C_ReadAck)
    I2C_ReadMulti                            0x08000f0d   Thumb Code    86  stm32f4_i2c.o(i.I2C_ReadMulti)
    I2C_ReadNack                             0x08000f65   Thumb Code    66  stm32f4_i2c.o(i.I2C_ReadNack)
    I2C_Start                                0x08000fb1   Thumb Code   166  stm32f4_i2c.o(i.I2C_Start)
    I2C_Stop                                 0x08001061   Thumb Code    60  stm32f4_i2c.o(i.I2C_Stop)
    I2C_Write                                0x080010a1   Thumb Code    50  stm32f4_i2c.o(i.I2C_Write)
    I2C_WriteData                            0x080010d5   Thumb Code    40  stm32f4_i2c.o(i.I2C_WriteData)
    ILI9341_Delay                            0x08001101   Thumb Code    18  stm32f4_ili9341.o(i.ILI9341_Delay)
    ILI9341_DrawPixel                        0x08001113   Thumb Code    42  stm32f4_ili9341.o(i.ILI9341_DrawPixel)
    ILI9341_Fill                             0x0800113d   Thumb Code    28  stm32f4_ili9341.o(i.ILI9341_Fill)
    ILI9341_INT_Fill                         0x0800115d   Thumb Code   160  stm32f4_ili9341.o(i.ILI9341_INT_Fill)
    ILI9341_Init                             0x08001209   Thumb Code   124  stm32f4_ili9341.o(i.ILI9341_Init)
    ILI9341_InitLCD                          0x0800129d   Thumb Code   618  stm32f4_ili9341.o(i.ILI9341_InitLCD)
    ILI9341_Putc                             0x08001511   Thumb Code   186  stm32f4_ili9341.o(i.ILI9341_Putc)
    ILI9341_Puts                             0x080015d9   Thumb Code   118  stm32f4_ili9341.o(i.ILI9341_Puts)
    ILI9341_Rotate                           0x08001659   Thumb Code    96  stm32f4_ili9341.o(i.ILI9341_Rotate)
    ILI9341_SendCommand                      0x080016bd   Thumb Code    40  stm32f4_ili9341.o(i.ILI9341_SendCommand)
    ILI9341_SendData                         0x080016f1   Thumb Code    40  stm32f4_ili9341.o(i.ILI9341_SendData)
    ILI9341_SetCursorPosition                0x08001725   Thumb Code    76  stm32f4_ili9341.o(i.ILI9341_SetCursorPosition)
    MemManage_Handler                        0x08001771   Thumb Code     4  stm32f4xx_it.o(i.MemManage_Handler)
    NMI_Handler                              0x08001775   Thumb Code     2  stm32f4xx_it.o(i.NMI_Handler)
    PendSV_Handler                           0x08001777   Thumb Code     2  stm32f4xx_it.o(i.PendSV_Handler)
    RCC_GetClocksFreq                        0x08001779   Thumb Code   214  stm32f4xx_rcc.o(i.RCC_GetClocksFreq)
    SPI1_INT_InitPins                        0x08001861   Thumb Code    64  stm32f4_spi.o(i.SPI1_INT_InitPins)
    SPI2_INT_InitPins                        0x080018ad   Thumb Code   112  stm32f4_spi.o(i.SPI2_INT_InitPins)
    SPI3_INT_InitPins                        0x0800192d   Thumb Code    66  stm32f4_spi.o(i.SPI3_INT_InitPins)
    SPI4_INT_InitPins                        0x0800197d   Thumb Code    66  stm32f4_spi.o(i.SPI4_INT_InitPins)
    SPI5_INT_InitPins                        0x080019c9   Thumb Code    86  stm32f4_spi.o(i.SPI5_INT_InitPins)
    SPI6_INT_InitPins                        0x08001a2d   Thumb Code    42  stm32f4_spi.o(i.SPI6_INT_InitPins)
    SPI_DMA_Init                             0x08001ac5   Thumb Code   104  stm32f4_spi_dma.o(i.SPI_DMA_Init)
    SPI_DMA_SendHalfWord                     0x08001b39   Thumb Code   110  stm32f4_spi_dma.o(i.SPI_DMA_SendHalfWord)
    SPI_DMA_Working                          0x08001bad   Thumb Code    48  stm32f4_spi_dma.o(i.SPI_DMA_Working)
    SPI_Init                                 0x08001bdd   Thumb Code    60  stm32f4xx_spi.o(i.SPI_Init)
    SPI_InitCustomPinsCallback               0x08001c19   Thumb Code     2  stm32f4_spi.o(i.SPI_InitCustomPinsCallback)
    SPI_Inits                                0x08001c1d   Thumb Code   176  stm32f4_spi.o(i.SPI_Inits)
    SPI_SetDataSize                          0x08001d27   Thumb Code    48  stm32f4_spi.o(i.SPI_SetDataSize)
    SPI_StructInit                           0x08001d57   Thumb Code    24  stm32f4xx_spi.o(i.SPI_StructInit)
    STMPE811_Init                            0x08001edd   Thumb Code   336  stm32f4_stmpe811.o(i.STMPE811_Init)
    STMPE811_Read                            0x08002035   Thumb Code    16  stm32f4_stmpe811.o(i.STMPE811_Read)
    STMPE811_ReadTouch                       0x08002049   Thumb Code   272  stm32f4_stmpe811.o(i.STMPE811_ReadTouch)
    STMPE811_ReadX                           0x0800215d   Thumb Code   110  stm32f4_stmpe811.o(i.STMPE811_ReadX)
    STMPE811_ReadY                           0x080021cb   Thumb Code    94  stm32f4_stmpe811.o(i.STMPE811_ReadY)
    SVC_Handler                              0x08002229   Thumb Code     2  stm32f4xx_it.o(i.SVC_Handler)
    SysTick_Handler                          0x0800234d   Thumb Code     8  stm32f4xx_it.o(i.SysTick_Handler)
    SystemInit                               0x08002355   Thumb Code    88  system_stm32f4xx.o(i.SystemInit)
    UsageFault_Handler                       0x080023bd   Thumb Code     4  stm32f4xx_it.o(i.UsageFault_Handler)
    _is_digit                                0x080023c1   Thumb Code    14  __printf_wp.o(i._is_digit)
    delay_ms                                 0x080023cf   Thumb Code    60  stm32f4_delay.o(i.delay_ms)
    main                                     0x0800240d   Thumb Code   206  main.o(i.main)
    _fp_init                                 0x08002559   Thumb Code    10  fpinit.o(x$fpl$fpinit)
    __fplib_config_fpu_vfp                   0x08002561   Thumb Code     0  fpinit.o(x$fpl$fpinit)
    __fplib_config_pureend_doubles           0x08002561   Thumb Code     0  fpinit.o(x$fpl$fpinit)
    Font7x10                                 0x08002576   Data        1900  stm32f4_fonts.o(.constdata)
    Font11x18                                0x08002ce2   Data        3420  stm32f4_fonts.o(.constdata)
    Font16x26                                0x08003a3e   Data        4940  stm32f4_fonts.o(.constdata)
    Region$$Table$$Base                      0x08004d9c   Number         0  anon$$obj.o(Region$$Table)
    Region$$Table$$Limit                     0x08004dbc   Number         0  anon$$obj.o(Region$$Table)
    SystemCoreClock                          0x20000000   Data           4  system_stm32f4xx.o(.data)
    AHBPrescTable                            0x20000004   Data          16  system_stm32f4xx.o(.data)
    msTime                                   0x20000024   Data           4  stm32f4_delay.o(.data)
    usTicks                                  0x20000028   Data           4  stm32f4_delay.o(.data)
    CycleCounter                             0x2000002c   Data           4  stm32f4_delay.o(.data)
    Font_7x10                                0x20000030   Data           8  stm32f4_fonts.o(.data)
    Font_11x18                               0x20000038   Data           8  stm32f4_fonts.o(.data)
    Font_16x26                               0x20000040   Data           8  stm32f4_fonts.o(.data)
    ILI9341_x                                0x20000048   Data           2  stm32f4_ili9341.o(.data)
    ILI9341_y                                0x2000004a   Data           2  stm32f4_ili9341.o(.data)
    ILI9341_Opts                             0x2000004c   Data           6  stm32f4_ili9341.o(.data)
    ILI9341_INT_CalledFromPuts               0x20000052   Data           1  stm32f4_ili9341.o(.data)
    __libspace_start                         0x20000148   Data          96  libspace.o(.bss)
    __temporary_stack_top$libspace           0x200001a8   Data           0  libspace.o(.bss)



==============================================================================

Memory Map of the image

  Image Entry point : 0x080001ad

  Load Region LR_IROM1 (Base: 0x08000000, Size: 0x00004eb0, Max: 0x00200000, ABSOLUTE)

    Execution Region ER_IROM1 (Base: 0x08000000, Size: 0x00004dbc, Max: 0x00200000, ABSOLUTE)

    Base Addr    Size         Type   Attr      Idx    E Section Name        Object

    0x08000000   0x000001ac   Data   RO          303    RESET               startup_stm32f429_439xx.o
    0x080001ac   0x00000008   Code   RO         2348  * !!!main             c_w.l(__main.o)
    0x080001b4   0x00000034   Code   RO         2514    !!!scatter          c_w.l(__scatter.o)
    0x080001e8   0x0000001a   Code   RO         2516    !!handler_copy      c_w.l(__scatter_copy.o)
    0x08000202   0x00000002   PAD
    0x08000204   0x0000001c   Code   RO         2518    !!handler_zi        c_w.l(__scatter_zi.o)
    0x08000220   0x00000000   Code   RO         2343    .ARM.Collect$$_printf_percent$$00000000  c_w.l(_printf_percent.o)
    0x08000220   0x00000006   Code   RO         2342    .ARM.Collect$$_printf_percent$$00000009  c_w.l(_printf_d.o)
    0x08000226   0x00000004   Code   RO         2357    .ARM.Collect$$_printf_percent$$00000017  c_w.l(_printf_percent_end.o)
    0x0800022a   0x00000002   Code   RO         2384    .ARM.Collect$$libinit$$00000000  c_w.l(libinit.o)
    0x0800022c   0x00000004   Code   RO         2390    .ARM.Collect$$libinit$$00000001  c_w.l(libinit2.o)
    0x08000230   0x00000000   Code   RO         2393    .ARM.Collect$$libinit$$00000004  c_w.l(libinit2.o)
    0x08000230   0x00000000   Code   RO         2396    .ARM.Collect$$libinit$$0000000A  c_w.l(libinit2.o)
    0x08000230   0x00000000   Code   RO         2398    .ARM.Collect$$libinit$$0000000C  c_w.l(libinit2.o)
    0x08000230   0x00000000   Code   RO         2400    .ARM.Collect$$libinit$$0000000E  c_w.l(libinit2.o)
    0x08000230   0x00000000   Code   RO         2403    .ARM.Collect$$libinit$$00000011  c_w.l(libinit2.o)
    0x08000230   0x00000000   Code   RO         2405    .ARM.Collect$$libinit$$00000013  c_w.l(libinit2.o)
    0x08000230   0x00000000   Code   RO         2407    .ARM.Collect$$libinit$$00000015  c_w.l(libinit2.o)
    0x08000230   0x00000000   Code   RO         2409    .ARM.Collect$$libinit$$00000017  c_w.l(libinit2.o)
    0x08000230   0x00000000   Code   RO         2411    .ARM.Collect$$libinit$$00000019  c_w.l(libinit2.o)
    0x08000230   0x00000000   Code   RO         2413    .ARM.Collect$$libinit$$0000001B  c_w.l(libinit2.o)
    0x08000230   0x00000000   Code   RO         2415    .ARM.Collect$$libinit$$0000001D  c_w.l(libinit2.o)
    0x08000230   0x00000000   Code   RO         2417    .ARM.Collect$$libinit$$0000001F  c_w.l(libinit2.o)
    0x08000230   0x00000000   Code   RO         2419    .ARM.Collect$$libinit$$00000021  c_w.l(libinit2.o)
    0x08000230   0x00000000   Code   RO         2421    .ARM.Collect$$libinit$$00000023  c_w.l(libinit2.o)
    0x08000230   0x00000000   Code   RO         2423    .ARM.Collect$$libinit$$00000025  c_w.l(libinit2.o)
    0x08000230   0x00000000   Code   RO         2427    .ARM.Collect$$libinit$$0000002C  c_w.l(libinit2.o)
    0x08000230   0x00000000   Code   RO         2429    .ARM.Collect$$libinit$$0000002E  c_w.l(libinit2.o)
    0x08000230   0x00000000   Code   RO         2431    .ARM.Collect$$libinit$$00000030  c_w.l(libinit2.o)
    0x08000230   0x00000000   Code   RO         2433    .ARM.Collect$$libinit$$00000032  c_w.l(libinit2.o)
    0x08000230   0x00000002   Code   RO         2434    .ARM.Collect$$libinit$$00000033  c_w.l(libinit2.o)
    0x08000232   0x00000002   Code   RO         2454    .ARM.Collect$$libshutdown$$00000000  c_w.l(libshutdown.o)
    0x08000234   0x00000000   Code   RO         2467    .ARM.Collect$$libshutdown$$00000002  c_w.l(libshutdown2.o)
    0x08000234   0x00000000   Code   RO         2469    .ARM.Collect$$libshutdown$$00000004  c_w.l(libshutdown2.o)
    0x08000234   0x00000000   Code   RO         2472    .ARM.Collect$$libshutdown$$00000007  c_w.l(libshutdown2.o)
    0x08000234   0x00000000   Code   RO         2475    .ARM.Collect$$libshutdown$$0000000A  c_w.l(libshutdown2.o)
    0x08000234   0x00000000   Code   RO         2477    .ARM.Collect$$libshutdown$$0000000C  c_w.l(libshutdown2.o)
    0x08000234   0x00000000   Code   RO         2480    .ARM.Collect$$libshutdown$$0000000F  c_w.l(libshutdown2.o)
    0x08000234   0x00000002   Code   RO         2481    .ARM.Collect$$libshutdown$$00000010  c_w.l(libshutdown2.o)
    0x08000236   0x00000000   Code   RO         2350    .ARM.Collect$$rtentry$$00000000  c_w.l(__rtentry.o)
    0x08000236   0x00000000   Code   RO         2359    .ARM.Collect$$rtentry$$00000002  c_w.l(__rtentry2.o)
    0x08000236   0x00000006   Code   RO         2371    .ARM.Collect$$rtentry$$00000004  c_w.l(__rtentry4.o)
    0x0800023c   0x00000000   Code   RO         2361    .ARM.Collect$$rtentry$$00000009  c_w.l(__rtentry2.o)
    0x0800023c   0x00000004   Code   RO         2362    .ARM.Collect$$rtentry$$0000000A  c_w.l(__rtentry2.o)
    0x08000240   0x00000000   Code   RO         2364    .ARM.Collect$$rtentry$$0000000C  c_w.l(__rtentry2.o)
    0x08000240   0x00000008   Code   RO         2365    .ARM.Collect$$rtentry$$0000000D  c_w.l(__rtentry2.o)
    0x08000248   0x00000002   Code   RO         2388    .ARM.Collect$$rtexit$$00000000  c_w.l(rtexit.o)
    0x0800024a   0x00000000   Code   RO         2436    .ARM.Collect$$rtexit$$00000002  c_w.l(rtexit2.o)
    0x0800024a   0x00000004   Code   RO         2437    .ARM.Collect$$rtexit$$00000003  c_w.l(rtexit2.o)
    0x0800024e   0x00000006   Code   RO         2438    .ARM.Collect$$rtexit$$00000004  c_w.l(rtexit2.o)
    0x08000254   0x00000040   Code   RO          304    .text               startup_stm32f429_439xx.o
    0x08000294   0x00000028   Code   RO         2314    .text               c_w.l(noretval__2sprintf.o)
    0x080002bc   0x0000004e   Code   RO         2318    .text               c_w.l(_printf_pad.o)
    0x0800030a   0x00000002   PAD
    0x0800030c   0x00000078   Code   RO         2320    .text               c_w.l(_printf_dec.o)
    0x08000384   0x00000138   Code   RO         2334    .text               c_w.l(__printf_flags_wp.o)
    0x080004bc   0x00000006   Code   RO         2346    .text               c_w.l(heapauxi.o)
    0x080004c2   0x000000b2   Code   RO         2351    .text               c_w.l(_printf_intcommon.o)
    0x08000574   0x00000030   Code   RO         2353    .text               c_w.l(_printf_char_common.o)
    0x080005a4   0x0000000a   Code   RO         2355    .text               c_w.l(_sputc.o)
    0x080005ae   0x0000004a   Code   RO         2375    .text               c_w.l(sys_stackheap_outer.o)
    0x080005f8   0x00000012   Code   RO         2377    .text               c_w.l(exit.o)
    0x0800060a   0x00000002   PAD
    0x0800060c   0x00000008   Code   RO         2385    .text               c_w.l(libspace.o)
    0x08000614   0x0000000c   Code   RO         2446    .text               c_w.l(sys_exit.o)
    0x08000620   0x00000002   Code   RO         2457    .text               c_w.l(use_no_semi.o)
    0x08000622   0x00000000   Code   RO         2459    .text               c_w.l(indicate_semi.o)
    0x08000622   0x00000004   Code   RO          188    i.BusFault_Handler  stm32f4xx_it.o
    0x08000626   0x00000002   PAD
    0x08000628   0x00000010   Code   RO         1534    i.DMA1_Stream0_IRQHandler  stm32f4_dma.o
    0x08000638   0x00000010   Code   RO         1535    i.DMA1_Stream1_IRQHandler  stm32f4_dma.o
    0x08000648   0x00000010   Code   RO         1536    i.DMA1_Stream2_IRQHandler  stm32f4_dma.o
    0x08000658   0x00000010   Code   RO         1537    i.DMA1_Stream3_IRQHandler  stm32f4_dma.o
    0x08000668   0x00000010   Code   RO         1538    i.DMA1_Stream4_IRQHandler  stm32f4_dma.o
    0x08000678   0x00000010   Code   RO         1539    i.DMA1_Stream5_IRQHandler  stm32f4_dma.o
    0x08000688   0x00000010   Code   RO         1540    i.DMA1_Stream6_IRQHandler  stm32f4_dma.o
    0x08000698   0x00000010   Code   RO         1541    i.DMA1_Stream7_IRQHandler  stm32f4_dma.o
    0x080006a8   0x00000010   Code   RO         1542    i.DMA2_Stream0_IRQHandler  stm32f4_dma.o
    0x080006b8   0x00000010   Code   RO         1543    i.DMA2_Stream1_IRQHandler  stm32f4_dma.o
    0x080006c8   0x00000010   Code   RO         1544    i.DMA2_Stream2_IRQHandler  stm32f4_dma.o
    0x080006d8   0x00000010   Code   RO         1545    i.DMA2_Stream3_IRQHandler  stm32f4_dma.o
    0x080006e8   0x00000010   Code   RO         1546    i.DMA2_Stream4_IRQHandler  stm32f4_dma.o
    0x080006f8   0x00000010   Code   RO         1547    i.DMA2_Stream5_IRQHandler  stm32f4_dma.o
    0x08000708   0x00000010   Code   RO         1548    i.DMA2_Stream6_IRQHandler  stm32f4_dma.o
    0x08000718   0x00000010   Code   RO         1549    i.DMA2_Stream7_IRQHandler  stm32f4_dma.o
    0x08000728   0x0000004c   Code   RO         1551    i.DMA_Clear_Flag    stm32f4_dma.o
    0x08000774   0x00000002   Code   RO         1552    i.DMA_DirectModeErrorHandler  stm32f4_dma.o
    0x08000776   0x00000002   Code   RO         1555    i.DMA_FIFOErrorHandler  stm32f4_dma.o
    0x08000778   0x00000054   Code   RO         1556    i.DMA_GetFlags      stm32f4_dma.o
    0x080007cc   0x00000002   Code   RO         1557    i.DMA_HalfTransferCompleteHandler  stm32f4_dma.o
    0x080007ce   0x0000007c   Code   RO         1558    i.DMA_INT_ProcessInterrupt  stm32f4_dma.o
    0x0800084a   0x00000002   PAD
    0x0800084c   0x00000058   Code   RO          813    i.DMA_Init          stm32f4xx_dma.o
    0x080008a4   0x00000002   Code   RO         1559    i.DMA_TransferCompleteHandler  stm32f4_dma.o
    0x080008a6   0x00000002   Code   RO         1560    i.DMA_TransferErrorHandler  stm32f4_dma.o
    0x080008a8   0x00000002   Code   RO          189    i.DebugMon_Handler  stm32f4xx_it.o
    0x080008aa   0x00000002   PAD
    0x080008ac   0x00000020   Code   RO         1327    i.Delay_Decrement   stm32f4_delay.o
    0x080008cc   0x0000000c   Code   RO         1328    i.Delay_GetTick     stm32f4_delay.o
    0x080008d8   0x000000c0   Code   RO         1329    i.Delay_Init        stm32f4_delay.o
    0x08000998   0x0000000e   Code   RO         1421    i.GPIO_GetPortSource  stm32f4_gpio.o
    0x080009a6   0x00000002   PAD
    0x080009a8   0x00000020   Code   RO         1424    i.GPIO_INT_EnableClock  stm32f4_gpio.o
    0x080009c8   0x000000b0   Code   RO         1425    i.GPIO_INT_Init     stm32f4_gpio.o
    0x08000a78   0x0000006e   Code   RO         1426    i.GPIO_InitAlternate  stm32f4_gpio.o
    0x08000ae6   0x00000030   Code   RO         1427    i.GPIO_Inits        stm32f4_gpio.o
    0x08000b16   0x00000004   Code   RO          705    i.GPIO_ResetBits    stm32f4xx_gpio.o
    0x08000b1a   0x00000004   Code   RO          706    i.GPIO_SetBits      stm32f4xx_gpio.o
    0x08000b1e   0x00000004   Code   RO          190    i.HardFault_Handler  stm32f4xx_it.o
    0x08000b22   0x00000002   PAD
    0x08000b24   0x00000064   Code   RO         2131    i.I2C1_INT_InitPins  stm32f4_i2c.o
    0x08000b88   0x0000006c   Code   RO         2132    i.I2C2_INT_InitPins  stm32f4_i2c.o
    0x08000bf4   0x00000068   Code   RO         2133    i.I2C3_INT_InitPins  stm32f4_i2c.o
    0x08000c5c   0x0000002a   Code   RO         1103    i.I2C_CheckEvent    stm32f4xx_i2c.o
    0x08000c86   0x00000002   PAD
    0x08000c88   0x000000e8   Code   RO         1121    i.I2C_Init          stm32f4xx_i2c.o
    0x08000d70   0x00000002   Code   RO         2134    i.I2C_InitCustomPinsCallback  stm32f4_i2c.o
    0x08000d72   0x00000002   PAD
    0x08000d74   0x00000114   Code   RO         2135    i.I2C_Inits         stm32f4_i2c.o
    0x08000e88   0x0000003e   Code   RO         2137    i.I2C_Read          stm32f4_i2c.o
    0x08000ec6   0x00000002   PAD
    0x08000ec8   0x00000044   Code   RO         2138    i.I2C_ReadAck       stm32f4_i2c.o
    0x08000f0c   0x00000056   Code   RO         2139    i.I2C_ReadMulti     stm32f4_i2c.o
    0x08000f62   0x00000002   PAD
    0x08000f64   0x0000004c   Code   RO         2141    i.I2C_ReadNack      stm32f4_i2c.o
    0x08000fb0   0x000000b0   Code   RO         2143    i.I2C_Start         stm32f4_i2c.o
    0x08001060   0x00000040   Code   RO         2144    i.I2C_Stop          stm32f4_i2c.o
    0x080010a0   0x00000032   Code   RO         2145    i.I2C_Write         stm32f4_i2c.o
    0x080010d2   0x00000002   PAD
    0x080010d4   0x0000002c   Code   RO         2146    i.I2C_WriteData     stm32f4_i2c.o
    0x08001100   0x00000012   Code   RO         1753    i.ILI9341_Delay     stm32f4_ili9341.o
    0x08001112   0x0000002a   Code   RO         1760    i.ILI9341_DrawPixel  stm32f4_ili9341.o
    0x0800113c   0x00000020   Code   RO         1762    i.ILI9341_Fill      stm32f4_ili9341.o
    0x0800115c   0x000000ac   Code   RO         1764    i.ILI9341_INT_Fill  stm32f4_ili9341.o
    0x08001208   0x00000094   Code   RO         1765    i.ILI9341_Init      stm32f4_ili9341.o
    0x0800129c   0x00000274   Code   RO         1766    i.ILI9341_InitLCD   stm32f4_ili9341.o
    0x08001510   0x000000c8   Code   RO         1767    i.ILI9341_Putc      stm32f4_ili9341.o
    0x080015d8   0x00000080   Code   RO         1768    i.ILI9341_Puts      stm32f4_ili9341.o
    0x08001658   0x00000064   Code   RO         1769    i.ILI9341_Rotate    stm32f4_ili9341.o
    0x080016bc   0x00000034   Code   RO         1770    i.ILI9341_SendCommand  stm32f4_ili9341.o
    0x080016f0   0x00000034   Code   RO         1771    i.ILI9341_SendData  stm32f4_ili9341.o
    0x08001724   0x0000004c   Code   RO         1772    i.ILI9341_SetCursorPosition  stm32f4_ili9341.o
    0x08001770   0x00000004   Code   RO          191    i.MemManage_Handler  stm32f4xx_it.o
    0x08001774   0x00000002   Code   RO          192    i.NMI_Handler       stm32f4xx_it.o
    0x08001776   0x00000002   Code   RO          193    i.PendSV_Handler    stm32f4xx_it.o
    0x08001778   0x000000e8   Code   RO          380    i.RCC_GetClocksFreq  stm32f4xx_rcc.o
    0x08001860   0x0000004c   Code   RO         1905    i.SPI1_INT_InitPins  stm32f4_spi.o
    0x080018ac   0x00000080   Code   RO         1906    i.SPI2_INT_InitPins  stm32f4_spi.o
    0x0800192c   0x00000050   Code   RO         1907    i.SPI3_INT_InitPins  stm32f4_spi.o
    0x0800197c   0x0000004c   Code   RO         1908    i.SPI4_INT_InitPins  stm32f4_spi.o
    0x080019c8   0x00000064   Code   RO         1909    i.SPI5_INT_InitPins  stm32f4_spi.o
    0x08001a2c   0x00000034   Code   RO         1910    i.SPI6_INT_InitPins  stm32f4_spi.o
    0x08001a60   0x00000064   Code   RO         2041    i.SPI_DMA_INT_GetSettings  stm32f4_spi_dma.o
    0x08001ac4   0x00000074   Code   RO         2042    i.SPI_DMA_Init      stm32f4_spi_dma.o
    0x08001b38   0x00000074   Code   RO         2045    i.SPI_DMA_SendHalfWord  stm32f4_spi_dma.o
    0x08001bac   0x00000030   Code   RO         2047    i.SPI_DMA_Working   stm32f4_spi_dma.o
    0x08001bdc   0x0000003c   Code   RO          950    i.SPI_Init          stm32f4xx_spi.o
    0x08001c18   0x00000002   Code   RO         1912    i.SPI_InitCustomPinsCallback  stm32f4_spi.o
    0x08001c1a   0x00000002   PAD
    0x08001c1c   0x000000c8   Code   RO         1915    i.SPI_Inits         stm32f4_spi.o
    0x08001ce4   0x00000042   Code   RO         1773    i.SPI_Send          stm32f4_ili9341.o
    0x08001d26   0x00000030   Code   RO         1920    i.SPI_SetDataSize   stm32f4_spi.o
    0x08001d56   0x00000018   Code   RO          953    i.SPI_StructInit    stm32f4xx_spi.o
    0x08001d6e   0x00000002   PAD
    0x08001d70   0x0000016c   Code   RO         1923    i.SPIx_Init         stm32f4_spi.o
    0x08001edc   0x00000158   Code   RO         2265    i.STMPE811_Init     stm32f4_stmpe811.o
    0x08002034   0x00000014   Code   RO         2266    i.STMPE811_Read     stm32f4_stmpe811.o
    0x08002048   0x00000114   Code   RO         2267    i.STMPE811_ReadTouch  stm32f4_stmpe811.o
    0x0800215c   0x0000006e   Code   RO         2268    i.STMPE811_ReadX    stm32f4_stmpe811.o
    0x080021ca   0x0000005e   Code   RO         2269    i.STMPE811_ReadY    stm32f4_stmpe811.o
    0x08002228   0x00000002   Code   RO          194    i.SVC_Handler       stm32f4xx_it.o
    0x0800222a   0x00000002   PAD
    0x0800222c   0x00000120   Code   RO          263    i.SetSysClock       system_stm32f4xx.o
    0x0800234c   0x00000008   Code   RO          195    i.SysTick_Handler   stm32f4xx_it.o
    0x08002354   0x00000068   Code   RO          265    i.SystemInit        system_stm32f4xx.o
    0x080023bc   0x00000004   Code   RO          196    i.UsageFault_Handler  stm32f4xx_it.o
    0x080023c0   0x0000000e   Code   RO         2332    i._is_digit         c_w.l(__printf_wp.o)
    0x080023ce   0x0000003c   Code   RO         1330    i.delay_ms          stm32f4_delay.o
    0x0800240a   0x00000002   PAD
    0x0800240c   0x0000014c   Code   RO            4    i.main              main.o
    0x08002558   0x0000000a   Code   RO         2444    x$fpl$fpinit        fz_wm.l(fpinit.o)
    0x08002562   0x00000014   Data   RO         1561    .constdata          stm32f4_dma.o
    0x08002576   0x00002814   Data   RO         1720    .constdata          stm32f4_fonts.o
    0x08004d8a   0x00000011   Data   RO         2335    .constdata          c_w.l(__printf_flags_wp.o)
    0x08004d9b   0x00000001   PAD
    0x08004d9c   0x00000020   Data   RO         2512    Region$$Table       anon$$obj.o


    Execution Region RW_IRAM1 (Base: 0x20000000, Size: 0x000007a8, Max: 0x00030000, ABSOLUTE)

    Base Addr    Size         Type   Attr      Idx    E Section Name        Object

    0x20000000   0x00000014   Data   RW          266    .data               system_stm32f4xx.o
    0x20000014   0x00000010   Data   RW          412    .data               stm32f4xx_rcc.o
    0x20000024   0x0000000c   Data   RW         1333    .data               stm32f4_delay.o
    0x20000030   0x00000018   Data   RW         1721    .data               stm32f4_fonts.o
    0x20000048   0x0000000b   Data   RW         1774    .data               stm32f4_ili9341.o
    0x20000053   0x00000001   PAD
    0x20000054   0x00000090   Data   RW         2049    .data               stm32f4_spi_dma.o
    0x200000e4   0x00000010   Data   RW         2150    .data               stm32f4_i2c.o
    0x200000f4   0x00000016   Zero   RW         1434    .bss                stm32f4_gpio.o
    0x2000010a   0x00000002   PAD
    0x2000010c   0x0000003c   Zero   RW         2048    .bss                stm32f4_spi_dma.o
    0x20000148   0x00000060   Zero   RW         2386    .bss                c_w.l(libspace.o)
    0x200001a8   0x00000200   Zero   RW          302    HEAP                startup_stm32f429_439xx.o
    0x200003a8   0x00000400   Zero   RW          301    STACK               startup_stm32f429_439xx.o


==============================================================================

Image component sizes


      Code (inc. data)   RO Data    RW Data    ZI Data      Debug   Object Name

       332        126          0          0          0     305965   main.o
        64         26        428          0       1536        896   startup_stm32f429_439xx.o
       296         44          0         12          0      30619   stm32f4_delay.o
       550        122         20          0          0      12951   stm32f4_dma.o
         0          0      10260         24          0       1211   stm32f4_fonts.o
       380         10          0          0         22       4002   stm32f4_gpio.o
      1216        104          0         16          0       8904   stm32f4_i2c.o
      1714        102          0         11          0      12673   stm32f4_ili9341.o
      1126        130          0          0          0       6427   stm32f4_spi.o
       380         66          0        144         60       3352   stm32f4_spi_dma.o
       844         16          0          0          0       5239   stm32f4_stmpe811.o
        88          6          0          0          0       1895   stm32f4xx_dma.o
         8          0          0          0          0       1572   stm32f4xx_gpio.o
       274         14          0          0          0       2104   stm32f4xx_i2c.o
        32          0          0          0          0       3954   stm32f4xx_it.o
       232         18          0         16          0       2984   stm32f4xx_rcc.o
        84          0          0          0          0       1848   stm32f4xx_spi.o
       392         32          0         20          0       1753   system_stm32f4xx.o

    ----------------------------------------------------------------------
      8040        816      10740        244       1620     408349   Object Totals
         0          0         32          0          0          0   (incl. Generated)
        28          0          0          1          2          0   (incl. Padding)

    ----------------------------------------------------------------------

      Code (inc. data)   RO Data    RW Data    ZI Data      Debug   Library Member Name

         8          0          0          0          0         68   __main.o
       312          4         17          0          0         92   __printf_flags_wp.o
        14          0          0          0          0         68   __printf_wp.o
         0          0          0          0          0          0   __rtentry.o
        12          0          0          0          0          0   __rtentry2.o
         6          0          0          0          0          0   __rtentry4.o
        52          8          0          0          0          0   __scatter.o
        26          0          0          0          0          0   __scatter_copy.o
        28          0          0          0          0          0   __scatter_zi.o
        48          6          0          0          0         96   _printf_char_common.o
         6          0          0          0          0          0   _printf_d.o
       120         16          0          0          0         92   _printf_dec.o
       178          0          0          0          0         88   _printf_intcommon.o
        78          0          0          0          0        108   _printf_pad.o
         0          0          0          0          0          0   _printf_percent.o
         4          0          0          0          0          0   _printf_percent_end.o
        10          0          0          0          0         68   _sputc.o
        18          0          0          0          0         80   exit.o
         6          0          0          0          0        152   heapauxi.o
         0          0          0          0          0          0   indicate_semi.o
         2          0          0          0          0          0   libinit.o
         6          0          0          0          0          0   libinit2.o
         2          0          0          0          0          0   libshutdown.o
         2          0          0          0          0          0   libshutdown2.o
         8          4          0          0         96         68   libspace.o
        40          6          0          0          0         84   noretval__2sprintf.o
         2          0          0          0          0          0   rtexit.o
        10          0          0          0          0          0   rtexit2.o
        12          4          0          0          0         68   sys_exit.o
        74          0          0          0          0         80   sys_stackheap_outer.o
         2          0          0          0          0         68   use_no_semi.o
        10          0          0          0          0        116   fpinit.o

    ----------------------------------------------------------------------
      1102         48         18          0         96       1396   Library Totals
         6          0          1          0          0          0   (incl. Padding)

    ----------------------------------------------------------------------

      Code (inc. data)   RO Data    RW Data    ZI Data      Debug   Library Name

      1086         48         17          0         96       1280   c_w.l
        10          0          0          0          0        116   fz_wm.l

    ----------------------------------------------------------------------
      1102         48         18          0         96       1396   Library Totals

    ----------------------------------------------------------------------

==============================================================================


      Code (inc. data)   RO Data    RW Data    ZI Data      Debug   

      9142        864      10758        244       1716     400073   Grand Totals
      9142        864      10758        244       1716     400073   ELF Image Totals
      9142        864      10758        244          0          0   ROM Totals

==============================================================================

    Total RO  Size (Code + RO Data)                19900 (  19.43kB)
    Total RW  Size (RW Data + ZI Data)              1960 (   1.91kB)
    Total ROM Size (Code + RO Data + RW Data)      20144 (  19.67kB)

==============================================================================

